<html>
<body>
<pre>
<h1>µVision Build Log</h1>
<h2>Project:</h2>
C:\Users\ZGH\Desktop\QuadCopter\QuadCopter\USER\QuadCopter.uvproj
Project File Date:  06/04/2015

<h2>Output:</h2>
Build target 'QuadCopter'
compiling stabilizer.c...
..\Modules\src\stabilizer.c(73): warning:  #177-D: variable "gyro" was declared but never referenced
  static Axis3f gyro; // Gyro axis data in deg/s
..\Modules\src\stabilizer.c(74): warning:  #177-D: variable "acc" was declared but never referenced
  static Axis3f acc;  // Accelerometer axis data in mG
..\Modules\src\stabilizer.c(75): warning:  #177-D: variable "mag" was declared but never referenced
  static Axis3f mag;  // Magnetometer axis data in testla
..\Modules\src\stabilizer.c(81): warning:  #177-D: variable "eulerRollDesired" was declared but never referenced
  static float eulerRollDesired;
..\Modules\src\stabilizer.c(82): warning:  #177-D: variable "eulerPitchDesired" was declared but never referenced
  static float eulerPitchDesired;
..\Modules\src\stabilizer.c(83): warning:  #177-D: variable "eulerYawDesired" was declared but never referenced
  static float eulerYawDesired;
..\Modules\src\stabilizer.c(85): warning:  #550-D: variable "rollRateDesired" was set but never used
  static float rollRateDesired;
..\Modules\src\stabilizer.c(86): warning:  #550-D: variable "pitchRateDesired" was set but never used
  static float pitchRateDesired;
..\Modules\src\stabilizer.c(87): warning:  #550-D: variable "yawRateDesired" was set but never used
  static float yawRateDesired;
..\Modules\src\stabilizer.c(90): warning:  #177-D: variable "temperature" was declared but never referenced
  static float temperature; // temp from barometer
..\Modules\src\stabilizer.c(91): warning:  #177-D: variable "pressure" was declared but never referenced
  static float pressure;    // pressure from barometer
..\Modules\src\stabilizer.c(100): warning:  #177-D: variable "accWZ" was declared but never referenced
  static float accWZ     = 0.0;
..\Modules\src\stabilizer.c(101): warning:  #177-D: variable "accMAG" was declared but never referenced
  static float accMAG    = 0.0;
..\Modules\src\stabilizer.c(120): warning:  #177-D: variable "vAccDeadband" was declared but never referenced
  static float vAccDeadband           = 0.05;  // Vertical acceleration deadband
..\Modules\src\stabilizer.c(319): warning:  #177-D: function "stabilizerAltHoldUpdate" was declared but never referenced
  static void stabilizerAltHoldUpdate(void)
..\Modules\src\stabilizer.c(401): warning:  #177-D: function "distributePower" was declared but never referenced
  static void distributePower(const uint16_t thrust, const int16_t roll,
..\Modules\src\stabilizer.c: 16 warnings, 0 errors
linking...
Program Size: Code=21148 RO-data=780 RW-data=792 ZI-data=18912  
FromELF: creating hex file...
".\output\Quadcopter.axf" - 0 Error(s), 16 Warning(s).
Load "C:\\Users\\ZGH\\Desktop\\QuadCopter\\QuadCopter\\USER\\output\\Quadcopter.axf" 
Set JLink Project File to "C:\Users\ZGH\Desktop\QuadCopter\QuadCopter\USER\JLinkSettings.ini"
* JLink Info: Device "STM32F103RB" selected (128 KB flash, 20 KB RAM).
 
JLink info:
------------
DLL: V4.72a, compiled Jun 26 2013 11:49:14
Firmware: J-Link ARM-OB STM32 compiled Aug 22 2012 19:52:04
Hardware: V7.00
S/N : 20090928 
Feature(s) : RDI,FlashDL,FlashBP,JFlash,GDBFull 
 
* JLink Info: Found SWD-DP with ID 0x1BA01477
* JLink Info: Found SWD-DP with ID 0x1BA01477
* JLink Info: TPIU fitted.
* JLink Info: FPUnit: 6 code (BP) slots and 2 literal slots
* JLink Info: Found Cortex-M3 r1p1, Little endian.
ROMTableAddr = 0xE00FF003
 
Target info:
------------
Device: STM32F103RB
VTarget = 3.300V
State of Pins: 
TCK: 0, TDI: 0, TDO: 1, TMS: 0, TRES: 1, TRST: 1
Hardware-Breakpoints: 6
Software-Breakpoints: 8192
Watchpoints:          4
JTAG speed: 4000 kHz
 
Erase Done.
Programming Done.
Verify OK.
Application running ...
te of Pins: 
TCK: 0, TDI: 0, TDO: 1, TMS: 0, TRES: 1, TRST: 1
Hardware-Breakpoints: 6
Software-Breakpoints: 8192
Watchpoints:          4
JTAG speed: 4000 kHz
 
Erase Done.
Programming Done.
Verify OK.
Application running ...
ng(s).
Load "C:\\Users\\ZGH\\Desktop\\QuadCopter\\QuadCopter\\USER\\output\\Quadcopter.axf" 
Set JLink Project File to "C:\Users\ZGH\Desktop\QuadCopter\QuadCopter\USER\JLinkSettings.ini"
* JLink Info: Device "STM32F103RB" selected (128 KB flash, 20 KB RAM).
 
JLink info:
------------
DLL: V4.72a, compiled Jun 26 2013 11:49:14
Firmware: J-Link ARM-OB STM32 compiled Aug 22 2012 19:52:04
Hardware: V7.00
S/N : 20090928 
Feature(s) : RDI,FlashDL,FlashBP,JFlash,GDBFull 
 
* JLink Info: Found SWD-DP with ID 0x1BA01477
* JLink Info: Found SWD-DP with ID 0x1BA01477
* JLink Info: TPIU fitted.
* JLink Info: FPUnit: 6 code (BP) slots and 2 literal slots
* JLink Info: Found Cortex-M3 r1p1, Little endian.
ROMTableAddr = 0xE00FF003
 
Target info:
------------
Device: STM32F103RB
VTarget = 3.300V
State of Pins: 
TCK: 0, TDI: 0, TDO: 1, TMS: 0, TRES: 1, TRST: 1
Hardware-Breakpoints: 6
Software-Breakpoints: 8192
Watchpoints:          4
JTAG speed: 4000 kHz
 
Erase Done.
Programming Done.
Verify OK.
Application running ...
