Product: MDK-ARM Standard 5.10
Component: ARM Compiler 5.04 update 1 (build 49)
Tool: armlink [5040049]

==============================================================================

Section Cross References

    main.o(i.main) refers to system.o(i.systemLaunch) for systemLaunch
    main.o(i.main) refers to tasks.o(i.vTaskStartScheduler) for vTaskStartScheduler
    stm32f10x_it.o(i.DMA1_Channel4_IRQHandler) refers to stm32_qdcpt_usart.o(i.uartDmaIsr) for uartDmaIsr
    stm32f10x_it.o(i.EXTI0_IRQHandler) refers to stm32_qdcpt_exti.o(i.extiInterruptHandler) for extiInterruptHandler
    stm32f10x_it.o(i.I2C2_ER_IRQHandler) refers to stm32_qdcpt_i2c_routines.o(i.i2cErrorInterruptHandlerI2c2) for i2cErrorInterruptHandlerI2c2
    stm32f10x_it.o(i.I2C2_EV_IRQHandler) refers to stm32_qdcpt_i2c_routines.o(i.i2cInterruptHandlerI2c2) for i2cInterruptHandlerI2c2
    stm32f10x_it.o(i.USART1_IRQHandler) refers to stm32_qdcpt_usart.o(i.uartIsr) for uartIsr
    heap_4.o(i.prvHeapInit) refers to heap_4.o(.bss) for .bss
    heap_4.o(i.prvHeapInit) refers to heap_4.o(.data) for .data
    heap_4.o(i.prvInsertBlockIntoFreeList) refers to heap_4.o(.data) for .data
    heap_4.o(i.pvPortMalloc) refers to tasks.o(i.vTaskSuspendAll) for vTaskSuspendAll
    heap_4.o(i.pvPortMalloc) refers to heap_4.o(i.prvHeapInit) for prvHeapInit
    heap_4.o(i.pvPortMalloc) refers to heap_4.o(i.prvInsertBlockIntoFreeList) for prvInsertBlockIntoFreeList
    heap_4.o(i.pvPortMalloc) refers to tasks.o(i.xTaskResumeAll) for xTaskResumeAll
    heap_4.o(i.pvPortMalloc) refers to heap_4.o(.data) for .data
    heap_4.o(i.vPortFree) refers to tasks.o(i.vTaskSuspendAll) for vTaskSuspendAll
    heap_4.o(i.vPortFree) refers to heap_4.o(i.prvInsertBlockIntoFreeList) for prvInsertBlockIntoFreeList
    heap_4.o(i.vPortFree) refers to tasks.o(i.xTaskResumeAll) for xTaskResumeAll
    heap_4.o(i.vPortFree) refers to heap_4.o(.data) for .data
    heap_4.o(i.xPortGetFreeHeapSize) refers to heap_4.o(.data) for .data
    port.o(.emb_text) refers to tasks.o(i.vTaskSwitchContext) for vTaskSwitchContext
    port.o(.emb_text) refers to tasks.o(.data) for pxCurrentTCB
    port.o(i.vPortEnterCritical) refers to port.o(.emb_text) for ulPortSetInterruptMask
    port.o(i.vPortEnterCritical) refers to port.o(.data) for .data
    port.o(i.vPortExitCritical) refers to port.o(.emb_text) for vPortClearInterruptMask
    port.o(i.vPortExitCritical) refers to port.o(.data) for .data
    port.o(i.xPortStartScheduler) refers to port.o(i.vPortSetupTimerInterrupt) for vPortSetupTimerInterrupt
    port.o(i.xPortStartScheduler) refers to port.o(.emb_text) for __asm___6_port_c_39a90d8d__prvStartFirstTask
    port.o(i.xPortStartScheduler) refers to port.o(.data) for .data
    port.o(i.xPortSysTickHandler) refers to port.o(.emb_text) for ulPortSetInterruptMask
    port.o(i.xPortSysTickHandler) refers to tasks.o(i.xTaskIncrementTick) for xTaskIncrementTick
    croutine.o(i.prvCheckDelayedList) refers to tasks.o(i.xTaskGetTickCount) for xTaskGetTickCount
    croutine.o(i.prvCheckDelayedList) refers to port.o(.emb_text) for ulPortSetInterruptMask
    croutine.o(i.prvCheckDelayedList) refers to list.o(i.uxListRemove) for uxListRemove
    croutine.o(i.prvCheckDelayedList) refers to list.o(i.vListInsertEnd) for vListInsertEnd
    croutine.o(i.prvCheckDelayedList) refers to croutine.o(.data) for .data
    croutine.o(i.prvCheckDelayedList) refers to croutine.o(.bss) for .bss
    croutine.o(i.vCoRoutineAddToDelayedList) refers to list.o(i.uxListRemove) for uxListRemove
    croutine.o(i.vCoRoutineAddToDelayedList) refers to list.o(i.vListInsert) for vListInsert
    croutine.o(i.vCoRoutineAddToDelayedList) refers to croutine.o(.data) for .data
    croutine.o(i.vCoRoutineSchedule) refers to port.o(.emb_text) for ulPortSetInterruptMask
    croutine.o(i.vCoRoutineSchedule) refers to list.o(i.uxListRemove) for uxListRemove
    croutine.o(i.vCoRoutineSchedule) refers to list.o(i.vListInsertEnd) for vListInsertEnd
    croutine.o(i.vCoRoutineSchedule) refers to croutine.o(i.prvCheckDelayedList) for prvCheckDelayedList
    croutine.o(i.vCoRoutineSchedule) refers to croutine.o(.bss) for .bss
    croutine.o(i.vCoRoutineSchedule) refers to croutine.o(.data) for .data
    croutine.o(i.xCoRoutineCreate) refers to heap_4.o(i.pvPortMalloc) for pvPortMalloc
    croutine.o(i.xCoRoutineCreate) refers to list.o(i.vListInitialise) for vListInitialise
    croutine.o(i.xCoRoutineCreate) refers to list.o(i.vListInitialiseItem) for vListInitialiseItem
    croutine.o(i.xCoRoutineCreate) refers to list.o(i.vListInsertEnd) for vListInsertEnd
    croutine.o(i.xCoRoutineCreate) refers to croutine.o(.data) for .data
    croutine.o(i.xCoRoutineCreate) refers to croutine.o(.bss) for .bss
    croutine.o(i.xCoRoutineRemoveFromEventList) refers to list.o(i.uxListRemove) for uxListRemove
    croutine.o(i.xCoRoutineRemoveFromEventList) refers to list.o(i.vListInsertEnd) for vListInsertEnd
[...]
    .data                                    0x200002ac   Section       44  stm32_qdcpt_usart.o(.data)
    crcIndex                                 0x200002ac   Data           1  stm32_qdcpt_usart.o(.data)
    isUartDmaInitialized                     0x200002ad   Data           1  stm32_qdcpt_usart.o(.data)
    dataIndex                                0x200002ae   Data           1  stm32_qdcpt_usart.o(.data)
    dataSize                                 0x200002af   Data           1  stm32_qdcpt_usart.o(.data)
    txState                                  0x200002b0   Data           1  stm32_qdcpt_usart.o(.data)
    xRxedChars                               0x200002b8   Data           4  stm32_qdcpt_usart.o(.data)
    xCharsForTx                              0x200002bc   Data           4  stm32_qdcpt_usart.o(.data)
    packetDelivery                           0x200002c0   Data           4  stm32_qdcpt_usart.o(.data)
    uartOp                                   0x200002c4   Data          20  stm32_qdcpt_usart.o(.data)
    .data                                    0x200002d8   Section        4  stm32_qdcpt_exti.o(.data)
    interruptCb                              0x200002d8   Data           4  stm32_qdcpt_exti.o(.data)
    .data                                    0x200002dc   Section        4  stm32_qdcpt_i2c.o(.data)
    .data                                    0x200002e0   Section        4  stm32_qdcpt_i2c.o(.data)
    .data                                    0x200002e4   Section        4  stm32_qdcpt_i2c.o(.data)
    .data                                    0x200002e8   Section       20  stm32_qdcpt_i2c_routines.o(.data)
    I2CDirection                             0x200002f0   Data           4  stm32_qdcpt_i2c_routines.o(.data)
    .data                                    0x200002fc   Section       20  stm32f10x_rcc.o(.data)
    ADCPrescTable                            0x200002fc   Data           4  stm32f10x_rcc.o(.data)
    APBAHBPrescTable                         0x20000300   Data          16  stm32f10x_rcc.o(.data)
    .data                                    0x20000310   Section        4  stdout.o(.data)
    .data                                    0x20000314   Section        4  errno.o(.data)
    _errno                                   0x20000314   Data           4  errno.o(.data)
    .bss                                     0x20000318   Section    15360  heap_4.o(.bss)
    ucHeap                                   0x20000318   Data       15360  heap_4.o(.bss)
    .bss                                     0x20003f18   Section      200  tasks.o(.bss)
    pxReadyTasksLists                        0x20003f18   Data         100  tasks.o(.bss)
    xDelayedTaskList1                        0x20003f7c   Data          20  tasks.o(.bss)
    xDelayedTaskList2                        0x20003f90   Data          20  tasks.o(.bss)
    xPendingReadyList                        0x20003fa4   Data          20  tasks.o(.bss)
    xTasksWaitingTermination                 0x20003fb8   Data          20  tasks.o(.bss)
    xSuspendedTaskList                       0x20003fcc   Data          20  tasks.o(.bss)
    .bss                                     0x20003fe0   Section       40  timers.o(.bss)
    xActiveTimerList1                        0x20003fe0   Data          20  timers.o(.bss)
    xActiveTimerList2                        0x20003ff4   Data          20  timers.o(.bss)
    .bss                                     0x20004008   Section       33  radiolink.o(.bss)
    .bss                                     0x2000402c   Section       72  ledseq.o(.bss)
    state                                    0x2000402c   Data          72  ledseq.o(.bss)
    .bss                                     0x20004074   Section       33  console.o(.bss)
    .bss                                     0x20004098   Section     1572  imu.o(.bss)
    gyroBias                                 0x20004098   Data         780  imu.o(.bss)
    accelBias                                0x200043a4   Data         780  imu.o(.bss)
    accelStoredFilterValues                  0x200046b0   Data          12  imu.o(.bss)
    .bss                                     0x200046bc   Section      336  controller.o(.bss)
    .bss                                     0x2000480c   Section       30  mpu6050.o(.bss)
    verifyBuffer                             0x2000480c   Data          16  mpu6050.o(.bss)
    buffer                                   0x2000481c   Data          14  mpu6050.o(.bss)
    .bss                                     0x2000482c   Section      141  stm32_qdcpt_usart.o(.bss)
    outBuffer                                0x2000482c   Data          64  stm32_qdcpt_usart.o(.bss)
    DMA_InitStructureShare                   0x2000486c   Data          44  stm32_qdcpt_usart.o(.bss)
    .bss                                     0x200048b9   Section       17  stm32_qdcpt_i2c.o(.bss)
    buffer                                   0x200048b9   Data          17  stm32_qdcpt_i2c.o(.bss)
    .bss                                     0x200048cc   Section       44  stm32_qdcpt_i2c_routines.o(.bss)
    STACK                                    0x200048f8   Section     1024  startup_stm32f10x_md.o(STACK)

    Global Symbols

    Symbol Name                              Value     Ov Type        Size  Object(Section)

    BuildAttributes$$THM_ISAv4$P$D$K$B$S$PE$A:L22UL41UL21$X:L11$S22US41US21$IEEE1$IW$USESV6$~STKCKD$USESV7$~SHL$OTIME$ROPI$IEEEX$EBA8$MICROLIB$REQ8$PRES8$EABIv2 0x00000000   Number         0  anon$$obj.o ABSOLUTE
    __ARM_use_no_argv                        0x00000000   Number         0  main.o ABSOLUTE
    _printf_a                                0x00000000   Number         0  stubs.o ABSOLUTE
    _printf_c                                0x00000000   Number         0  stubs.o ABSOLUTE
    _printf_charcount                        0x00000000   Number         0  stubs.o ABSOLUTE
    _printf_d                                0x00000000   Number         0  stubs.o ABSOLUTE
    _printf_e                                0x00000000   Number         0  stubs.o ABSOLUTE
    _printf_f                                0x00000000   Number         0  stubs.o ABSOLUTE
    _printf_flags                            0x00000000   Number         0  stubs.o ABSOLUTE
    _printf_fp_dec                           0x00000000   Number         0  stubs.o ABSOLUTE
    _printf_fp_hex                           0x00000000   Number         0  stubs.o ABSOLUTE
    _printf_g                                0x00000000   Number         0  stubs.o ABSOLUTE
    _printf_i                                0x00000000   Number         0  stubs.o ABSOLUTE
    _printf_int_dec                          0x00000000   Number         0  stubs.o ABSOLUTE
    _printf_l                                0x00000000   Number         0  stubs.o ABSOLUTE
    _printf_lc                               0x00000000   Number         0  stubs.o ABSOLUTE
    _printf_ll                               0x00000000   Number         0  stubs.o ABSOLUTE
    _printf_lld                              0x00000000   Number         0  stubs.o ABSOLUTE
    _printf_lli                              0x00000000   Number         0  stubs.o ABSOLUTE
    _printf_llo                              0x00000000   Number         0  stubs.o ABSOLUTE
    _printf_llu                              0x00000000   Number         0  stubs.o ABSOLUTE
    _printf_llx                              0x00000000   Number         0  stubs.o ABSOLUTE
    _printf_longlong_dec                     0x00000000   Number         0  stubs.o ABSOLUTE
    _printf_longlong_hex                     0x00000000   Number         0  stubs.o ABSOLUTE
    _printf_longlong_oct                     0x00000000   Number         0  stubs.o ABSOLUTE
    _printf_ls                               0x00000000   Number         0  stubs.o ABSOLUTE
    _printf_mbtowc                           0x00000000   Number         0  stubs.o ABSOLUTE
    _printf_n                                0x00000000   Number         0  stubs.o ABSOLUTE
    _printf_o                                0x00000000   Number         0  stubs.o ABSOLUTE
    _printf_p                                0x00000000   Number         0  stubs.o ABSOLUTE
    _printf_percent                          0x00000000   Number         0  stubs.o ABSOLUTE
    _printf_pre_padding                      0x00000000   Number         0  stubs.o ABSOLUTE
    _printf_return_value                     0x00000000   Number         0  stubs.o ABSOLUTE
    _printf_s                                0x00000000   Number         0  stubs.o ABSOLUTE
    _printf_sizespec                         0x00000000   Number         0  stubs.o ABSOLUTE
    _printf_str                              0x00000000   Number         0  stubs.o ABSOLUTE
    _printf_truncate_signed                  0x00000000   Number         0  stubs.o ABSOLUTE
    _printf_truncate_unsigned                0x00000000   Number         0  stubs.o ABSOLUTE
    _printf_u                                0x00000000   Number         0  stubs.o ABSOLUTE
    _printf_wc                               0x00000000   Number         0  stubs.o ABSOLUTE
    _printf_wctomb                           0x00000000   Number         0  stubs.o ABSOLUTE
    _printf_widthprec                        0x00000000   Number         0  stubs.o ABSOLUTE
    _printf_x                                0x00000000   Number         0  stubs.o ABSOLUTE
    __cpp_initialize__aeabi_                  - Undefined Weak Reference
    __cxa_finalize                            - Undefined Weak Reference
    _clock_init                               - Undefined Weak Reference
    _microlib_exit                            - Undefined Weak Reference
    __Vectors_Size                           0x000000ec   Number         0  startup_stm32f10x_md.o ABSOLUTE
    __Vectors                                0x08000000   Data           4  startup_stm32f10x_md.o(RESET)
    __Vectors_End                            0x080000ec   Data           0  startup_stm32f10x_md.o(RESET)
    __main                                   0x080000ed   Thumb Code     0  entry.o(.ARM.Collect$$$$00000000)
    _main_stk                                0x080000ed   Thumb Code     0  entry2.o(.ARM.Collect$$$$00000001)
    _main_scatterload                        0x080000f1   Thumb Code     0  entry5.o(.ARM.Collect$$$$00000004)
    __main_after_scatterload                 0x080000f5   Thumb Code     0  entry5.o(.ARM.Collect$$$$00000004)
    _main_clock                              0x080000f5   Thumb Code     0  entry7b.o(.ARM.Collect$$$$00000008)
    _main_cpp_init                           0x080000f5   Thumb Code     0  entry8b.o(.ARM.Collect$$$$0000000A)
    _main_init                               0x080000f5   Thumb Code     0  entry9a.o(.ARM.Collect$$$$0000000B)
    __rt_final_cpp                           0x080000fd   Thumb Code     0  entry10a.o(.ARM.Collect$$$$0000000D)
    __rt_final_exit                          0x080000fd   Thumb Code     0  entry11a.o(.ARM.Collect$$$$0000000F)
    SVC_Handler                              0x08000101   Thumb Code     0  port.o(.emb_text)
    vPortSVCHandler                          0x08000101   Thumb Code    28  port.o(.emb_text)
    __asm___6_port_c_39a90d8d__prvStartFirstTask 0x08000121   Thumb Code    16  port.o(.emb_text)
    PendSV_Handler                           0x08000135   Thumb Code     0  port.o(.emb_text)
    xPortPendSVHandler                       0x08000135   Thumb Code    56  port.o(.emb_text)
    ulPortSetInterruptMask                   0x08000171   Thumb Code    14  port.o(.emb_text)
    vPortClearInterruptMask                  0x0800017f   Thumb Code     6  port.o(.emb_text)
    vPortGetIPSR                             0x08000185   Thumb Code     6  port.o(.emb_text)
    Reset_Handler                            0x0800018d   Thumb Code     8  startup_stm32f10x_md.o(.text)
    ADC1_2_IRQHandler                        0x080001a7   Thumb Code     0  startup_stm32f10x_md.o(.text)
    CAN1_RX1_IRQHandler                      0x080001a7   Thumb Code     0  startup_stm32f10x_md.o(.text)
    CAN1_SCE_IRQHandler                      0x080001a7   Thumb Code     0  startup_stm32f10x_md.o(.text)
    EXTI15_10_IRQHandler                     0x080001a7   Thumb Code     0  startup_stm32f10x_md.o(.text)
    EXTI1_IRQHandler                         0x080001a7   Thumb Code     0  startup_stm32f10x_md.o(.text)
    EXTI2_IRQHandler                         0x080001a7   Thumb Code     0  startup_stm32f10x_md.o(.text)
    EXTI3_IRQHandler                         0x080001a7   Thumb Code     0  startup_stm32f10x_md.o(.text)
    EXTI4_IRQHandler                         0x080001a7   Thumb Code     0  startup_stm32f10x_md.o(.text)
    EXTI9_5_IRQHandler                       0x080001a7   Thumb Code     0  startup_stm32f10x_md.o(.text)
    FLASH_IRQHandler                         0x080001a7   Thumb Code     0  startup_stm32f10x_md.o(.text)
    I2C1_ER_IRQHandler                       0x080001a7   Thumb Code     0  startup_stm32f10x_md.o(.text)
    I2C1_EV_IRQHandler                       0x080001a7   Thumb Code     0  startup_stm32f10x_md.o(.text)
    PVD_IRQHandler                           0x080001a7   Thumb Code     0  startup_stm32f10x_md.o(.text)
    RCC_IRQHandler                           0x080001a7   Thumb Code     0  startup_stm32f10x_md.o(.text)
    RTCAlarm_IRQHandler                      0x080001a7   Thumb Code     0  startup_stm32f10x_md.o(.text)
    RTC_IRQHandler                           0x080001a7   Thumb Code     0  startup_stm32f10x_md.o(.text)
    SPI1_IRQHandler                          0x080001a7   Thumb Code     0  startup_stm32f10x_md.o(.text)
    SPI2_IRQHandler                          0x080001a7   Thumb Code     0  startup_stm32f10x_md.o(.text)
    TAMPER_IRQHandler                        0x080001a7   Thumb Code     0  startup_stm32f10x_md.o(.text)
    TIM1_BRK_IRQHandler                      0x080001a7   Thumb Code     0  startup_stm32f10x_md.o(.text)
    TIM1_CC_IRQHandler                       0x080001a7   Thumb Code     0  startup_stm32f10x_md.o(.text)
    TIM1_TRG_COM_IRQHandler                  0x080001a7   Thumb Code     0  startup_stm32f10x_md.o(.text)
    TIM1_UP_IRQHandler                       0x080001a7   Thumb Code     0  startup_stm32f10x_md.o(.text)
    TIM2_IRQHandler                          0x080001a7   Thumb Code     0  startup_stm32f10x_md.o(.text)
    TIM3_IRQHandler                          0x080001a7   Thumb Code     0  startup_stm32f10x_md.o(.text)
    TIM4_IRQHandler                          0x080001a7   Thumb Code     0  startup_stm32f10x_md.o(.text)
    USART2_IRQHandler                        0x080001a7   Thumb Code     0  startup_stm32f10x_md.o(.text)
    USART3_IRQHandler                        0x080001a7   Thumb Code     0  startup_stm32f10x_md.o(.text)
    USBWakeUp_IRQHandler                     0x080001a7   Thumb Code     0  startup_stm32f10x_md.o(.text)
    USB_HP_CAN1_TX_IRQHandler                0x080001a7   Thumb Code     0  startup_stm32f10x_md.o(.text)
    USB_LP_CAN1_RX0_IRQHandler               0x080001a7   Thumb Code     0  startup_stm32f10x_md.o(.text)
    WWDG_IRQHandler                          0x080001a7   Thumb Code     0  startup_stm32f10x_md.o(.text)
    __aeabi_ldivmod                          0x080001b1   Thumb Code    90  ldiv.o(.text)
    __rt_ctype_table                         0x0800020d   Thumb Code     4  ctype_o.o(.text)
    __aeabi_memcpy                           0x08000215   Thumb Code    36  memcpya.o(.text)
    __aeabi_memcpy4                          0x08000215   Thumb Code     0  memcpya.o(.text)
    __aeabi_memcpy8                          0x08000215   Thumb Code     0  memcpya.o(.text)
    __aeabi_memset                           0x08000239   Thumb Code    14  memseta.o(.text)
    __aeabi_memset4                          0x08000239   Thumb Code     0  memseta.o(.text)
    __aeabi_memset8                          0x08000239   Thumb Code     0  memseta.o(.text)
    __aeabi_memclr                           0x08000247   Thumb Code     4  memseta.o(.text)
    __aeabi_memclr4                          0x08000247   Thumb Code     0  memseta.o(.text)
    __aeabi_memclr8                          0x08000247   Thumb Code     0  memseta.o(.text)
    _memset$wrapper                          0x0800024b   Thumb Code    18  memseta.o(.text)
    __aeabi_fadd                             0x0800025d   Thumb Code   164  fadd.o(.text)
    __aeabi_fsub                             0x08000301   Thumb Code     6  fadd.o(.text)
    __aeabi_frsub                            0x08000307   Thumb Code     6  fadd.o(.text)
    __aeabi_fmul                             0x0800030d   Thumb Code   100  fmul.o(.text)
    __aeabi_dadd                             0x08000371   Thumb Code   322  dadd.o(.text)
    __aeabi_dsub                             0x080004b3   Thumb Code     6  dadd.o(.text)
    __aeabi_drsub                            0x080004b9   Thumb Code     6  dadd.o(.text)
    __aeabi_dmul                             0x080004bf   Thumb Code   228  dmul.o(.text)
    __aeabi_ddiv                             0x080005a3   Thumb Code   222  ddiv.o(.text)
    __aeabi_i2f                              0x08000681   Thumb Code    18  fflti.o(.text)
    __aeabi_i2d                              0x08000693   Thumb Code    34  dflti.o(.text)
    __aeabi_ui2d                             0x080006b5   Thumb Code    26  dfltui.o(.text)
    __aeabi_f2iz                             0x080006cf   Thumb Code    50  ffixi.o(.text)
    __aeabi_d2uiz                            0x08000701   Thumb Code    50  dfixui.o(.text)
    __aeabi_f2d                              0x08000733   Thumb Code    38  f2d.o(.text)
    __aeabi_d2f                              0x08000759   Thumb Code    56  d2f.o(.text)
    __aeabi_cfrcmple                         0x08000791   Thumb Code    20  cfrcmple.o(.text)
    __aeabi_uidiv                            0x080007a5   Thumb Code     0  uidiv.o(.text)
    __aeabi_uidivmod                         0x080007a5   Thumb Code    44  uidiv.o(.text)
    __aeabi_uldivmod                         0x080007d1   Thumb Code    98  uldiv.o(.text)
    __aeabi_llsl                             0x08000833   Thumb Code    30  llshl.o(.text)
    _ll_shift_l                              0x08000833   Thumb Code     0  llshl.o(.text)
    __aeabi_llsr                             0x08000851   Thumb Code    32  llushr.o(.text)
    _ll_ushift_r                             0x08000851   Thumb Code     0  llushr.o(.text)
    __aeabi_lasr                             0x08000871   Thumb Code    36  llsshr.o(.text)
    _ll_sshift_r                             0x08000871   Thumb Code     0  llsshr.o(.text)
    __I$use$fp                               0x08000895   Thumb Code     0  iusefp.o(.text)
    _float_round                             0x08000895   Thumb Code    18  fepilogue.o(.text)
    _float_epilogue                          0x080008a7   Thumb Code    92  fepilogue.o(.text)
    _double_round                            0x08000903   Thumb Code    26  depilogue.o(.text)
    _double_epilogue                         0x0800091d   Thumb Code   156  depilogue.o(.text)
    __ARM_scalbn                             0x080009b9   Thumb Code    46  dscalb.o(.text)
    scalbn                                   0x080009b9   Thumb Code     0  dscalb.o(.text)
    __scatterload                            0x080009e9   Thumb Code    28  init.o(.text)
    __scatterload_rt2                        0x080009e9   Thumb Code     0  init.o(.text)
    __aeabi_d2iz                             0x08000a0d   Thumb Code    62  dfixi.o(.text)
    __decompress                             0x08000a4b   Thumb Code     0  __dczerorl2.o(.text)
    __decompress1                            0x08000a4b   Thumb Code    86  __dczerorl2.o(.text)
    BusFault_Handler                         0x08000aa1   Thumb Code     2  stm32f10x_it.o(i.BusFault_Handler)
    DMA1_Channel1_IRQHandler                 0x08000aa3   Thumb Code     2  stm32f10x_it.o(i.DMA1_Channel1_IRQHandler)
    DMA1_Channel2_IRQHandler                 0x08000aa5   Thumb Code     2  stm32f10x_it.o(i.DMA1_Channel2_IRQHandler)
    DMA1_Channel3_IRQHandler                 0x08000aa7   Thumb Code     2  stm32f10x_it.o(i.DMA1_Channel3_IRQHandler)
    DMA1_Channel4_IRQHandler                 0x08000aa9   Thumb Code     4  stm32f10x_it.o(i.DMA1_Channel4_IRQHandler)
    DMA1_Channel5_IRQHandler                 0x08000aad   Thumb Code     2  stm32f10x_it.o(i.DMA1_Channel5_IRQHandler)
    DMA1_Channel6_IRQHandler                 0x08000aaf   Thumb Code     2  stm32f10x_it.o(i.DMA1_Channel6_IRQHandler)
    DMA1_Channel7_IRQHandler                 0x08000ab1   Thumb Code     2  stm32f10x_it.o(i.DMA1_Channel7_IRQHandler)
    DMA_ClearFlag                            0x08000ab5   Thumb Code    16  stm32f10x_dma.o(i.DMA_ClearFlag)
    DMA_ClearITPendingBit                    0x08000acd   Thumb Code    16  stm32f10x_dma.o(i.DMA_ClearITPendingBit)
    DMA_Cmd                                  0x08000ae5   Thumb Code    22  stm32f10x_dma.o(i.DMA_Cmd)
    DMA_DeInit                               0x08000afd   Thumb Code   218  stm32f10x_dma.o(i.DMA_DeInit)
    DMA_ITConfig                             0x08000be1   Thumb Code    16  stm32f10x_dma.o(i.DMA_ITConfig)
    DMA_Init                                 0x08000bf1   Thumb Code    58  stm32f10x_dma.o(i.DMA_Init)
    DebugMon_Handler                         0x08000c2b   Thumb Code     2  stm32f10x_it.o(i.DebugMon_Handler)
    EXTI0_IRQHandler                         0x08000c2d   Thumb Code     4  stm32f10x_it.o(i.EXTI0_IRQHandler)
    EXTI_ClearITPendingBit                   0x08000c31   Thumb Code     6  stm32f10x_exti.o(i.EXTI_ClearITPendingBit)
    EXTI_GetITStatus                         0x08000c3d   Thumb Code    28  stm32f10x_exti.o(i.EXTI_GetITStatus)
    EXTI_Init                                0x08000c5d   Thumb Code   108  stm32f10x_exti.o(i.EXTI_Init)
    GPIO_EXTILineConfig                      0x08000ccd   Thumb Code    34  stm32f10x_gpio.o(i.GPIO_EXTILineConfig)
    GPIO_Init                                0x08000cf5   Thumb Code   156  stm32f10x_gpio.o(i.GPIO_Init)
    GPIO_ReadInputDataBit                    0x08000d91   Thumb Code    14  stm32f10x_gpio.o(i.GPIO_ReadInputDataBit)
    GPIO_ResetBits                           0x08000d9f   Thumb Code     4  stm32f10x_gpio.o(i.GPIO_ResetBits)
    GPIO_SetBits                             0x08000da3   Thumb Code     4  stm32f10x_gpio.o(i.GPIO_SetBits)
    HardFault_Handler                        0x08000dc9   Thumb Code     2  stm32f10x_it.o(i.HardFault_Handler)
    I2C2_ER_IRQHandler                       0x08000dcb   Thumb Code     4  stm32f10x_it.o(i.I2C2_ER_IRQHandler)
    I2C2_EV_IRQHandler                       0x08000dcf   Thumb Code     4  stm32f10x_it.o(i.I2C2_EV_IRQHandler)
    I2C_DMAConfig                            0x08000dd5   Thumb Code   122  stm32_qdcpt_i2c_routines.o(i.I2C_DMAConfig)
    I2C_DeInit                               0x08000e61   Thumb Code    38  stm32f10x_i2c.o(i.I2C_DeInit)
    I2C_Init                                 0x08000e8d   Thumb Code   178  stm32f10x_i2c.o(i.I2C_Init)
    I2C_LowLevel_Init                        0x08000f49   Thumb Code   440  stm32_qdcpt_i2c_routines.o(i.I2C_LowLevel_Init)
    I2C_Master_BufferRead                    0x08001119   Thumb Code   278  stm32_qdcpt_i2c_routines.o(i.I2C_Master_BufferRead)
    I2C_Master_BufferWrite                   0x08001249   Thumb Code   264  stm32_qdcpt_i2c_routines.o(i.I2C_Master_BufferWrite)
    I2C_SoftwareResetCmd                     0x08001369   Thumb Code    20  stm32f10x_i2c.o(i.I2C_SoftwareResetCmd)
    LedseqInit                               0x0800137d   Thumb Code   124  ledseq.o(i.LedseqInit)
    LedseqRun                                0x08001411   Thumb Code    92  ledseq.o(i.LedseqRun)
    MemManage_Handler                        0x08001475   Thumb Code     2  stm32f10x_it.o(i.MemManage_Handler)
    NMI_Handler                              0x08001477   Thumb Code     2  stm32f10x_it.o(i.NMI_Handler)
    NVIC_Init                                0x08001479   Thumb Code    94  misc.o(i.NVIC_Init)
    NVIC_PriorityGroupConfig                 0x080014dd   Thumb Code    10  misc.o(i.NVIC_PriorityGroupConfig)
    QdcptUsartNvicInit                       0x080014f1   Thumb Code   250  stm32_qdcpt_usart.o(i.QdcptUsartNvicInit)
    RCC_AHBPeriphClockCmd                    0x080015f9   Thumb Code    18  stm32f10x_rcc.o(i.RCC_AHBPeriphClockCmd)
    RCC_APB1PeriphClockCmd                   0x08001611   Thumb Code    18  stm32f10x_rcc.o(i.RCC_APB1PeriphClockCmd)
    RCC_APB1PeriphResetCmd                   0x08001629   Thumb Code    18  stm32f10x_rcc.o(i.RCC_APB1PeriphResetCmd)
    RCC_APB2PeriphClockCmd                   0x08001641   Thumb Code    18  stm32f10x_rcc.o(i.RCC_APB2PeriphClockCmd)
    RCC_GetClocksFreq                        0x08001659   Thumb Code   132  stm32f10x_rcc.o(i.RCC_GetClocksFreq)
    SPI_Cmd                                  0x080017c5   Thumb Code    20  stm32f10x_spi.o(i.SPI_Cmd)
    SPI_I2S_GetFlagStatus                    0x080017d9   Thumb Code    14  stm32f10x_spi.o(i.SPI_I2S_GetFlagStatus)
    SPI_I2S_ReceiveData                      0x080017e7   Thumb Code     4  stm32f10x_spi.o(i.SPI_I2S_ReceiveData)
    SPI_I2S_SendData                         0x080017eb   Thumb Code     4  stm32f10x_spi.o(i.SPI_I2S_SendData)
    SPI_Init                                 0x080017ef   Thumb Code    56  stm32f10x_spi.o(i.SPI_Init)
    Stm32QdcptInitLed                        0x08001905   Thumb Code    50  stm32_qdcpt_led.o(i.Stm32QdcptInitLed)
    Stm32QdcptLedSet                         0x0800193d   Thumb Code    50  stm32_qdcpt_led.o(i.Stm32QdcptLedSet)
    SystemInit                               0x08001975   Thumb Code    64  system_stm32f10x.o(i.SystemInit)
    TIM_ARRPreloadConfig                     0x080019c5   Thumb Code    20  stm32f10x_tim.o(i.TIM_ARRPreloadConfig)
    TIM_Cmd                                  0x080019d9   Thumb Code    20  stm32f10x_tim.o(i.TIM_Cmd)
    TIM_CtrlPWMOutputs                       0x080019ed   Thumb Code    22  stm32f10x_tim.o(i.TIM_CtrlPWMOutputs)
    TIM_OC1Init                              0x08001a05   Thumb Code   106  stm32f10x_tim.o(i.TIM_OC1Init)
    TIM_OC1PreloadConfig                     0x08001a85   Thumb Code    12  stm32f10x_tim.o(i.TIM_OC1PreloadConfig)
    TIM_OC2Init                              0x08001a91   Thumb Code   120  stm32f10x_tim.o(i.TIM_OC2Init)
    TIM_OC2PreloadConfig                     0x08001b11   Thumb Code    20  stm32f10x_tim.o(i.TIM_OC2PreloadConfig)
    TIM_OC3Init                              0x08001b25   Thumb Code   116  stm32f10x_tim.o(i.TIM_OC3Init)
    TIM_OC3PreloadConfig                     0x08001ba1   Thumb Code    12  stm32f10x_tim.o(i.TIM_OC3PreloadConfig)
    TIM_OC4Init                              0x08001bad   Thumb Code    90  stm32f10x_tim.o(i.TIM_OC4Init)
    TIM_OC4PreloadConfig                     0x08001c11   Thumb Code    20  stm32f10x_tim.o(i.TIM_OC4PreloadConfig)
    TIM_SetCompare1                          0x08001c25   Thumb Code     4  stm32f10x_tim.o(i.TIM_SetCompare1)
    TIM_SetCompare2                          0x08001c29   Thumb Code     4  stm32f10x_tim.o(i.TIM_SetCompare2)
    TIM_SetCompare3                          0x08001c2d   Thumb Code     4  stm32f10x_tim.o(i.TIM_SetCompare3)
    TIM_SetCompare4                          0x08001c31   Thumb Code     6  stm32f10x_tim.o(i.TIM_SetCompare4)
    TIM_TimeBaseInit                         0x08001c39   Thumb Code   114  stm32f10x_tim.o(i.TIM_TimeBaseInit)
    USART1_IRQHandler                        0x08001cd5   Thumb Code     4  stm32f10x_it.o(i.USART1_IRQHandler)
    USART_ClearITPendingBit                  0x08001cd9   Thumb Code    12  stm32f10x_usart.o(i.USART_ClearITPendingBit)
    USART_Cmd                                0x08001ce5   Thumb Code    20  stm32f10x_usart.o(i.USART_Cmd)
    USART_DMACmd                             0x08001cf9   Thumb Code    16  stm32f10x_usart.o(i.USART_DMACmd)
    USART_GetFlagStatus                      0x08001d09   Thumb Code    14  stm32f10x_usart.o(i.USART_GetFlagStatus)
    USART_GetITStatus                        0x08001d17   Thumb Code    62  stm32f10x_usart.o(i.USART_GetITStatus)
    USART_ITConfig                           0x08001d55   Thumb Code    48  stm32f10x_usart.o(i.USART_ITConfig)
    USART_Init                               0x08001d85   Thumb Code   166  stm32f10x_usart.o(i.USART_Init)
    USART_ReceiveData                        0x08001e31   Thumb Code     8  stm32f10x_usart.o(i.USART_ReceiveData)
    USART_SendData                           0x08001e39   Thumb Code     8  stm32f10x_usart.o(i.USART_SendData)
    UsageFault_Handler                       0x08001e81   Thumb Code     2  stm32f10x_it.o(i.UsageFault_Handler)
    __0printf$3                              0x08001e85   Thumb Code    22  printf3.o(i.__0printf$3)
    __1printf$3                              0x08001e85   Thumb Code     0  printf3.o(i.__0printf$3)
    __2printf                                0x08001e85   Thumb Code     0  printf3.o(i.__0printf$3)
    __ARM_fpclassify                         0x08001ea5   Thumb Code    40  fpclassify.o(i.__ARM_fpclassify)
    __ieee754_rem_pio2                       0x08001ecd   Thumb Code   830  rred.o(i.__ieee754_rem_pio2)
    __kernel_cos                             0x08002255   Thumb Code   230  cos_i.o(i.__kernel_cos)
    __kernel_poly                            0x08002351   Thumb Code   170  poly.o(i.__kernel_poly)
    __kernel_sin                             0x080023fd   Thumb Code   224  sin_i.o(i.__kernel_sin)
    __mathlib_dbl_underflow                  0x080024e9   Thumb Code    10  dunder.o(i.__mathlib_dbl_underflow)
    __scatterload_copy                       0x080024f9   Thumb Code    14  handlers.o(i.__scatterload_copy)
    __scatterload_null                       0x08002507   Thumb Code     2  handlers.o(i.__scatterload_null)
    __scatterload_zeroinit                   0x08002509   Thumb Code    14  handlers.o(i.__scatterload_zeroinit)
    __set_errno                              0x08002519   Thumb Code     6  errno.o(i.__set_errno)
    assertFail                               0x080026dd   Thumb Code    36  cfassert.o(i.assertFail)
    commInit                                 0x0800272d   Thumb Code    32  comm.o(i.commInit)
    consolePutchar                           0x08002751   Thumb Code    68  console.o(i.consolePutchar)
    controllerInit                           0x080027b1   Thumb Code   196  controller.o(i.controllerInit)
    controllerTest                           0x080028a5   Thumb Code     6  controller.o(i.controllerTest)
    cos                                      0x080028b1   Thumb Code   164  cos.o(i.cos)
    crtpSendPacketBlock                      0x0800295d   Thumb Code    36  crtp.o(i.crtpSendPacketBlock)
    crtpSetLink                              0x080029a5   Thumb Code    40  crtp.o(i.crtpSetLink)
    eprintf                                  0x080029d1   Thumb Code    18  eprintf.o(i.eprintf)
    evprintf                                 0x080029e3   Thumb Code   274  eprintf.o(i.evprintf)
    extiInit                                 0x08002af5   Thumb Code    34  stm32_qdcpt_exti.o(i.extiInit)
    extiInterruptHandler                     0x08002b17   Thumb Code    28  stm32_qdcpt_exti.o(i.extiInterruptHandler)
    fputc                                    0x08002b35   Thumb Code    30  stm32print.o(i.fputc)
    get_int_len                              0x08002b59   Thumb Code    20  eprintf.o(i.get_int_len)
    i2cErrorInterruptHandlerI2c2             0x08002b6d   Thumb Code    74  stm32_qdcpt_i2c_routines.o(i.i2cErrorInterruptHandlerI2c2)
    i2cInterruptHandlerI2c2                  0x08002bbd   Thumb Code   258  stm32_qdcpt_i2c_routines.o(i.i2cInterruptHandlerI2c2)
    i2cdevInit                               0x08002cd9   Thumb Code   136  stm32_qdcpt_i2c.o(i.i2cdevInit)
    i2cdevRead                               0x08002d69   Thumb Code    78  stm32_qdcpt_i2c.o(i.i2cdevRead)
    i2cdevReadBits                           0x08002db7   Thumb Code    48  stm32_qdcpt_i2c.o(i.i2cdevReadBits)
    i2cdevReadByte                           0x08002de7   Thumb Code    12  stm32_qdcpt_i2c.o(i.i2cdevReadByte)
    i2cdevWrite                              0x08002f4d   Thumb Code    94  stm32_qdcpt_i2c.o(i.i2cdevWrite)
    i2cdevWriteBit                           0x08002fb1   Thumb Code    56  stm32_qdcpt_i2c.o(i.i2cdevWriteBit)
    i2cdevWriteBits                          0x08002fe9   Thumb Code    72  stm32_qdcpt_i2c.o(i.i2cdevWriteBits)
    i2cdevWriteByte                          0x08003031   Thumb Code    18  stm32_qdcpt_i2c.o(i.i2cdevWriteByte)
    imu6Init                                 0x08003045   Thumb Code   200  imu.o(i.imu6Init)
    imu6Test                                 0x08003125   Thumb Code    18  imu.o(i.imu6Test)
    main                                     0x08003211   Thumb Code    10  main.o(i.main)
    motorsInit                               0x0800321d   Thumb Code   202  motors.o(i.motorsInit)
    motorsSetRatio                           0x080032f1   Thumb Code    46  motors.o(i.motorsSetRatio)
    motorsTest                               0x08003321   Thumb Code    38  motors.o(i.motorsTest)
    mpu6050EvaluateSelfTest                  0x0800334d   Thumb Code    84  mpu6050.o(i.mpu6050EvaluateSelfTest)
    mpu6050GetDeviceID                       0x080033a9   Thumb Code    28  mpu6050.o(i.mpu6050GetDeviceID)
    mpu6050GetFullScaleAccelGPL              0x080033cd   Thumb Code    48  mpu6050.o(i.mpu6050GetFullScaleAccelGPL)
    mpu6050GetFullScaleAccelRangeId          0x08003401   Thumb Code    28  mpu6050.o(i.mpu6050GetFullScaleAccelRangeId)
    mpu6050GetFullScaleGyroDPL               0x08003425   Thumb Code    36  mpu6050.o(i.mpu6050GetFullScaleGyroDPL)
    mpu6050GetFullScaleGyroRangeId           0x08003459   Thumb Code    28  mpu6050.o(i.mpu6050GetFullScaleGyroRangeId)
    mpu6050GetMotion6                        0x0800347d   Thumb Code    80  mpu6050.o(i.mpu6050GetMotion6)
    mpu6050Init                              0x080034d5   Thumb Code    20  mpu6050.o(i.mpu6050Init)
    mpu6050Reset                             0x080034ed   Thumb Code    22  mpu6050.o(i.mpu6050Reset)
    mpu6050SelfTest                          0x08003509   Thumb Code   520  mpu6050.o(i.mpu6050SelfTest)
    mpu6050SetAccelXSelfTest                 0x08003779   Thumb Code    20  mpu6050.o(i.mpu6050SetAccelXSelfTest)
    mpu6050SetAccelYSelfTest                 0x08003791   Thumb Code    20  mpu6050.o(i.mpu6050SetAccelYSelfTest)
    mpu6050SetAccelZSelfTest                 0x080037a9   Thumb Code    20  mpu6050.o(i.mpu6050SetAccelZSelfTest)
    mpu6050SetClockSource                    0x080037c1   Thumb Code    24  mpu6050.o(i.mpu6050SetClockSource)
    mpu6050SetDLPFMode                       0x080037dd   Thumb Code    24  mpu6050.o(i.mpu6050SetDLPFMode)
    mpu6050SetFullScaleAccelRange            0x080037f9   Thumb Code    24  mpu6050.o(i.mpu6050SetFullScaleAccelRange)
    mpu6050SetFullScaleGyroRange             0x08003815   Thumb Code    24  mpu6050.o(i.mpu6050SetFullScaleGyroRange)
    mpu6050SetGyroXSelfTest                  0x08003831   Thumb Code    20  mpu6050.o(i.mpu6050SetGyroXSelfTest)
    mpu6050SetGyroYSelfTest                  0x08003849   Thumb Code    20  mpu6050.o(i.mpu6050SetGyroYSelfTest)
    mpu6050SetGyroZSelfTest                  0x08003861   Thumb Code    20  mpu6050.o(i.mpu6050SetGyroZSelfTest)
    mpu6050SetI2CBypassEnabled               0x08003879   Thumb Code    20  mpu6050.o(i.mpu6050SetI2CBypassEnabled)
    mpu6050SetIntEnabled                     0x08003891   Thumb Code    14  mpu6050.o(i.mpu6050SetIntEnabled)
    mpu6050SetRate                           0x080038a5   Thumb Code    14  mpu6050.o(i.mpu6050SetRate)
    mpu6050SetSleepEnabled                   0x080038b9   Thumb Code    20  mpu6050.o(i.mpu6050SetSleepEnabled)
    mpu6050SetTempSensorEnabled              0x080038d1   Thumb Code    24  mpu6050.o(i.mpu6050SetTempSensorEnabled)
    mpu6050TestConnection                    0x080038ed   Thumb Code    18  mpu6050.o(i.mpu6050TestConnection)
    nrf24l01Check                            0x08003905   Thumb Code    62  radiolink.o(i.nrf24l01Check)
    nrfActivate                              0x0800394d   Thumb Code    38  nrf24l01.o(i.nrfActivate)
    nrfFlushRx                               0x08003979   Thumb Code    38  nrf24l01.o(i.nrfFlushRx)
    nrfFlushTx                               0x080039a5   Thumb Code    38  nrf24l01.o(i.nrfFlushTx)
    nrfIsr                                   0x080039d1   Thumb Code    12  stm32_qdcpt_exti.o(i.nrfIsr)
    nrfReadBuf                               0x080039e1   Thumb Code    66  nrf24l01.o(i.nrfReadBuf)
    nrfReadReg                               0x08003a29   Thumb Code    16  nrf24l01.o(i.nrfReadReg)
    nrfRxLength                              0x08003a39   Thumb Code    38  nrf24l01.o(i.nrfRxLength)
    nrfRxPayload                             0x08003a65   Thumb Code    62  nrf24l01.o(i.nrfRxPayload)
    nrfSetChannel                            0x08003aa9   Thumb Code    14  nrf24l01.o(i.nrfSetChannel)
    nrfSetDateRate                           0x08003ab7   Thumb Code    20  nrf24l01.o(i.nrfSetDateRate)
    nrfSetEnable                             0x08003acd   Thumb Code    20  nrf24l01.o(i.nrfSetEnable)
    nrfSetInterruptCallback                  0x08003ae5   Thumb Code     6  stm32_qdcpt_exti.o(i.nrfSetInterruptCallback)
    nrfSetRxAddress                          0x08003af1   Thumb Code    16  nrf24l01.o(i.nrfSetRxAddress)
    nrfSetTxAddress                          0x08003b01   Thumb Code    10  nrf24l01.o(i.nrfSetTxAddress)
    nrfSpiInit                               0x08003b0d   Thumb Code   256  nrf24l01.o(i.nrfSpiInit)
    nrfWriteBuf                              0x08003c19   Thumb Code    68  nrf24l01.o(i.nrfWriteBuf)
    nrfWriteReg                              0x08003c61   Thumb Code    12  nrf24l01.o(i.nrfWriteReg)
    pidInit                                  0x08003c6d   Thumb Code    36  pid.o(i.pidInit)
    pidSetIntegralLimit                      0x08003c99   Thumb Code     4  pid.o(i.pidSetIntegralLimit)
    power                                    0x08003c9d   Thumb Code    16  eprintf.o(i.power)
    pvPortMalloc                             0x08004101   Thumb Code   140  heap_4.o(i.pvPortMalloc)
    pvTimerGetTimerID                        0x08004191   Thumb Code     4  timers.o(i.pvTimerGetTimerID)
    pxPortInitialiseStack                    0x08004195   Thumb Code    28  port.o(i.pxPortInitialiseStack)
    radioReceivePacket                       0x080041d1   Thumb Code    20  radiolink.o(i.radioReceivePacket)
    radioReset                               0x080041e9   Thumb Code    20  radiolink.o(i.radioReset)
    radioSendPacket                          0x08004201   Thumb Code    20  radiolink.o(i.radioSendPacket)
    radioSetEnable                           0x08004219   Thumb Code    16  radiolink.o(i.radioSetEnable)
    radiolinkInit                            0x0800422d   Thumb Code   108  radiolink.o(i.radiolinkInit)
    sensfusion6Init                          0x0800440d   Thumb Code    14  sensfusion6.o(i.sensfusion6Init)
    sensfusion6Test                          0x08004421   Thumb Code     6  sensfusion6.o(i.sensfusion6Test)
    sin                                      0x0800442d   Thumb Code   166  sin.o(i.sin)
    stabilizerInit                           0x080044dd   Thumb Code    62  stabilizer.o(i.stabilizerInit)
    stabilizerTest                           0x08004551   Thumb Code    32  stabilizer.o(i.stabilizerTest)
    systemInit                               0x08004571   Thumb Code    38  system.o(i.systemInit)
    systemLaunch                             0x0800459d   Thumb Code    28  system.o(i.systemLaunch)
    systemStart                              0x080045c5   Thumb Code    14  system.o(i.systemStart)
    systemTest                               0x08004631   Thumb Code    14  system.o(i.systemTest)
    uartDmaIsr                               0x08004645   Thumb Code    44  stm32_qdcpt_usart.o(i.uartDmaIsr)
    uartGetLink                              0x08004679   Thumb Code     4  stm32_qdcpt_usart.o(i.uartGetLink)
    uartIsr                                  0x08004681   Thumb Code   160  stm32_qdcpt_usart.o(i.uartIsr)
    uartReceiveCRTPPacket                    0x0800472d   Thumb Code    30  stm32_qdcpt_usart.o(i.uartReceiveCRTPPacket)
    uartSendCRTPPacket                       0x08004751   Thumb Code    94  stm32_qdcpt_usart.o(i.uartSendCRTPPacket)
    uxListRemove                             0x080047c1   Thumb Code    36  list.o(i.uxListRemove)
    vListInitialise                          0x080047e5   Thumb Code    22  list.o(i.vListInitialise)
    vListInitialiseItem                      0x080047fb   Thumb Code     6  list.o(i.vListInitialiseItem)
    vListInsert                              0x08004801   Thumb Code    48  list.o(i.vListInsert)
    vListInsertEnd                           0x08004831   Thumb Code    24  list.o(i.vListInsertEnd)
    vPortEnterCritical                       0x08004849   Thumb Code    24  port.o(i.vPortEnterCritical)
    vPortExitCritical                        0x08004865   Thumb Code    16  port.o(i.vPortExitCritical)
    vPortFree                                0x08004879   Thumb Code    58  heap_4.o(i.vPortFree)
    vPortSetupTimerInterrupt                 0x080048b9   Thumb Code    14  port.o(i.vPortSetupTimerInterrupt)
    vPortYield                               0x080048cd   Thumb Code    18  port.o(i.vPortYield)
    vQueueWaitForMessageRestricted           0x080048e5   Thumb Code    56  queue.o(i.vQueueWaitForMessageRestricted)
    vTaskDelay                               0x0800491d   Thumb Code    48  tasks.o(i.vTaskDelay)
    vTaskDelayUntil                          0x08004951   Thumb Code    76  tasks.o(i.vTaskDelayUntil)
    vTaskMissedYield                         0x080049a1   Thumb Code     8  tasks.o(i.vTaskMissedYield)
    vTaskPlaceOnEventList                    0x080049ad   Thumb Code    52  tasks.o(i.vTaskPlaceOnEventList)
    vTaskPlaceOnEventListRestricted          0x080049e9   Thumb Code    34  tasks.o(i.vTaskPlaceOnEventListRestricted)
    vTaskPriorityDisinherit                  0x08004a11   Thumb Code    64  tasks.o(i.vTaskPriorityDisinherit)
    vTaskPriorityInherit                     0x08004a59   Thumb Code    92  tasks.o(i.vTaskPriorityInherit)
    vTaskSetTimeOutState                     0x08004abd   Thumb Code    12  tasks.o(i.vTaskSetTimeOutState)
    vTaskStartScheduler                      0x08004acd   Thumb Code    58  tasks.o(i.vTaskStartScheduler)
    vTaskSuspendAll                          0x08004b19   Thumb Code    10  tasks.o(i.vTaskSuspendAll)
    vTaskSwitchContext                       0x08004b29   Thumb Code    66  tasks.o(i.vTaskSwitchContext)
    workerTest                               0x08004b75   Thumb Code    12  worker.o(i.workerTest)
    xPortStartScheduler                      0x08004b85   Thumb Code    38  port.o(i.xPortStartScheduler)
    SysTick_Handler                          0x08004bb5   Thumb Code     0  port.o(i.xPortSysTickHandler)
    xPortSysTickHandler                      0x08004bb5   Thumb Code    30  port.o(i.xPortSysTickHandler)
    xQueueCreateMutex                        0x08004bd9   Thumb Code    68  queue.o(i.xQueueCreateMutex)
    xQueueGenericCreate                      0x08004c1d   Thumb Code    66  queue.o(i.xQueueGenericCreate)
    xQueueGenericReceive                     0x08004c5f   Thumb Code   268  queue.o(i.xQueueGenericReceive)
    xQueueGenericReset                       0x08004d6b   Thumb Code    96  queue.o(i.xQueueGenericReset)
    xQueueGenericSend                        0x08004dcb   Thumb Code   220  queue.o(i.xQueueGenericSend)
    xQueueGenericSendFromISR                 0x08004ea7   Thumb Code    98  queue.o(i.xQueueGenericSendFromISR)
    xTaskCheckForTimeOut                     0x08004f09   Thumb Code    66  tasks.o(i.xTaskCheckForTimeOut)
    xTaskGenericCreate                       0x08004f51   Thumb Code   366  tasks.o(i.xTaskGenericCreate)
    xTaskGetCurrentTaskHandle                0x080050c9   Thumb Code     6  tasks.o(i.xTaskGetCurrentTaskHandle)
    xTaskGetSchedulerState                   0x080050d5   Thumb Code    22  tasks.o(i.xTaskGetSchedulerState)
    xTaskGetTickCount                        0x080050f1   Thumb Code    18  tasks.o(i.xTaskGetTickCount)
    xTaskIncrementTick                       0x08005109   Thumb Code   182  tasks.o(i.xTaskIncrementTick)
    xTaskRemoveFromEventList                 0x080051c9   Thumb Code    80  tasks.o(i.xTaskRemoveFromEventList)
    xTaskResumeAll                           0x08005221   Thumb Code   156  tasks.o(i.xTaskResumeAll)
    xTimerCreate                             0x080052c5   Thumb Code    60  timers.o(i.xTimerCreate)
    xTimerCreateTimerTask                    0x08005301   Thumb Code    46  timers.o(i.xTimerCreateTimerTask)
    xTimerGenericCommand                     0x08005341   Thumb Code    66  timers.o(i.xTimerGenericCommand)
    __ctype_table                            0x08005398   Data         129  ctype_o.o(.constdata)
    Region$$Table$$Base                      0x08005588   Number         0  anon$$obj.o(Region$$Table)
    Region$$Table$$Limit                     0x080055a8   Number         0  anon$$obj.o(Region$$Table)
    pxCurrentTCB                             0x20000018   Data           4  tasks.o(.data)
    dataLen                                  0x20000062   Data           1  radiolink.o(.data)
    seq_lowbat                               0x200000ec   Data          16  ledseq.o(.data)
    seq_armed                                0x200000fc   Data          24  ledseq.o(.data)
    seq_calibrated                           0x20000114   Data          24  ledseq.o(.data)
    seq_alive                                0x2000012c   Data          24  ledseq.o(.data)
    seq_linkup                               0x20000144   Data          24  ledseq.o(.data)
    seq_charged                              0x2000015c   Data          16  ledseq.o(.data)
    seq_charging                             0x2000016c   Data          24  ledseq.o(.data)
    seq_bootloader                           0x20000184   Data          24  ledseq.o(.data)
    seq_testPassed                           0x2000019c   Data         120  ledseq.o(.data)
    synch                                    0x2000021c   Data           4  console.o(.data)
    StartMutex                               0x20000224   Data           4  system.o(.data)
    rollOutput                               0x2000025e   Data           2  controller.o(.data)
    pitchOutput                              0x20000260   Data           2  controller.o(.data)
    yawOutput                                0x20000262   Data           2  controller.o(.data)
    twoKp                                    0x20000268   Data           4  sensfusion6.o(.data)
    twoKi                                    0x2000026c   Data           4  sensfusion6.o(.data)
    integralFBx                              0x20000270   Data           4  sensfusion6.o(.data)
    integralFBy                              0x20000274   Data           4  sensfusion6.o(.data)
    integralFBz                              0x20000278   Data           4  sensfusion6.o(.data)
    q0                                       0x2000027c   Data           4  sensfusion6.o(.data)
    q1                                       0x20000280   Data           4  sensfusion6.o(.data)
    q2                                       0x20000284   Data           4  sensfusion6.o(.data)
    q3                                       0x20000288   Data           4  sensfusion6.o(.data)
    t                                        0x200002a2   Data           2  motors.o(.data)
    rxState                                  0x200002b1   Data           1  stm32_qdcpt_usart.o(.data)
    c                                        0x200002b2   Data           1  stm32_qdcpt_usart.o(.data)
    waitUntilSendDone                        0x200002b4   Data           4  stm32_qdcpt_usart.o(.data)
    i2cdevDmaEventI2c2                       0x200002dc   Data           4  stm32_qdcpt_i2c.o(.data)
    Buffer_Rx1                               0x200002e0   Data           4  stm32_qdcpt_i2c.o(.data)
    Buffer_Tx1                               0x200002e4   Data           4  stm32_qdcpt_i2c.o(.data)
    Tx_Idx1                                  0x200002e8   Data           1  stm32_qdcpt_i2c_routines.o(.data)
    Rx_Idx1                                  0x200002e9   Data           1  stm32_qdcpt_i2c_routines.o(.data)
    Tx_Idx2                                  0x200002ea   Data           1  stm32_qdcpt_i2c_routines.o(.data)
    Rx_Idx2                                  0x200002eb   Data           1  stm32_qdcpt_i2c_routines.o(.data)
    Address                                  0x200002ec   Data           1  stm32_qdcpt_i2c_routines.o(.data)
    NumbOfBytes1                             0x200002f4   Data           4  stm32_qdcpt_i2c_routines.o(.data)
    NumbOfBytes2                             0x200002f8   Data           4  stm32_qdcpt_i2c_routines.o(.data)
    __stdout                                 0x20000310   Data           4  stdout.o(.data)
    pk                                       0x20004008   Data          33  radiolink.o(.bss)
    messageToPrint                           0x20004074   Data          33  console.o(.bss)
    pidRollRate                              0x200046bc   Data          56  controller.o(.bss)
    pidPitchRate                             0x200046f4   Data          56  controller.o(.bss)
    pidYawRate                               0x2000472c   Data          56  controller.o(.bss)
    pidRoll                                  0x20004764   Data          56  controller.o(.bss)
    pidPitch                                 0x2000479c   Data          56  controller.o(.bss)
    pidYaw                                   0x200047d4   Data          56  controller.o(.bss)
    p                                        0x20004898   Data          33  stm32_qdcpt_usart.o(.bss)
    I2CDMA_InitStructure                     0x200048cc   Data          44  stm32_qdcpt_i2c_routines.o(.bss)
    __initial_sp                             0x20004cf8   Data           0  startup_stm32f10x_md.o(STACK)



==============================================================================

Memory Map of the image

  Image Entry point : 0x080000ed

  Load Region LR_IROM1 (Base: 0x08000000, Size: 0x000058c0, Max: 0x00020000, ABSOLUTE, COMPRESSED[0x00005654])

    Execution Region ER_IROM1 (Base: 0x08000000, Size: 0x000055a8, Max: 0x00020000, ABSOLUTE)

    Base Addr    Size         Type   Attr      Idx    E Section Name        Object

    0x08000000   0x000000ec   Data   RO         6936    RESET               startup_stm32f10x_md.o
    0x080000ec   0x00000000   Code   RO         6975  * .ARM.Collect$$$$00000000  mc_w.l(entry.o)
    0x080000ec   0x00000004   Code   RO         7348    .ARM.Collect$$$$00000001  mc_w.l(entry2.o)
    0x080000f0   0x00000004   Code   RO         7351    .ARM.Collect$$$$00000004  mc_w.l(entry5.o)
    0x080000f4   0x00000000   Code   RO         7353    .ARM.Collect$$$$00000008  mc_w.l(entry7b.o)
    0x080000f4   0x00000000   Code   RO         7355    .ARM.Collect$$$$0000000A  mc_w.l(entry8b.o)
    0x080000f4   0x00000008   Code   RO         7356    .ARM.Collect$$$$0000000B  mc_w.l(entry9a.o)
    0x080000fc   0x00000000   Code   RO         7358    .ARM.Collect$$$$0000000D  mc_w.l(entry10a.o)
    0x080000fc   0x00000000   Code   RO         7360    .ARM.Collect$$$$0000000F  mc_w.l(entry11a.o)
    0x080000fc   0x00000004   Code   RO         7349    .ARM.Collect$$$$00002712  mc_w.l(entry2.o)
    0x08000100   0x0000008a   Code   RO          305    .emb_text           port.o
    0x0800018a   0x00000002   PAD
    0x0800018c   0x00000024   Code   RO         6937    .text               startup_stm32f10x_md.o
    0x080001b0   0x0000005a   Code   RO         6978    .text               mc_w.l(ldiv.o)
    0x0800020a   0x00000002   PAD
    0x0800020c   0x00000008   Code   RO         6980    .text               mc_w.l(ctype_o.o)
    0x08000214   0x00000024   Code   RO         7008    .text               mc_w.l(memcpya.o)
    0x08000238   0x00000024   Code   RO         7010    .text               mc_w.l(memseta.o)
    0x0800025c   0x000000b0   Code   RO         7275    .text               mf_w.l(fadd.o)
    0x0800030c   0x00000064   Code   RO         7277    .text               mf_w.l(fmul.o)
    0x08000370   0x0000014e   Code   RO         7283    .text               mf_w.l(dadd.o)
    0x080004be   0x000000e4   Code   RO         7285    .text               mf_w.l(dmul.o)
    0x080005a2   0x000000de   Code   RO         7287    .text               mf_w.l(ddiv.o)
    0x08000680   0x00000012   Code   RO         7289    .text               mf_w.l(fflti.o)
    0x08000692   0x00000022   Code   RO         7293    .text               mf_w.l(dflti.o)
    0x080006b4   0x0000001a   Code   RO         7295    .text               mf_w.l(dfltui.o)
    0x080006ce   0x00000032   Code   RO         7297    .text               mf_w.l(ffixi.o)
    0x08000700   0x00000032   Code   RO         7299    .text               mf_w.l(dfixui.o)
    0x08000732   0x00000026   Code   RO         7301    .text               mf_w.l(f2d.o)
    0x08000758   0x00000038   Code   RO         7303    .text               mf_w.l(d2f.o)
    0x08000790   0x00000014   Code   RO         7307    .text               mf_w.l(cfrcmple.o)
    0x080007a4   0x0000002c   Code   RO         7363    .text               mc_w.l(uidiv.o)
    0x080007d0   0x00000062   Code   RO         7365    .text               mc_w.l(uldiv.o)
    0x08000832   0x0000001e   Code   RO         7367    .text               mc_w.l(llshl.o)
    0x08000850   0x00000020   Code   RO         7369    .text               mc_w.l(llushr.o)
    0x08000870   0x00000024   Code   RO         7371    .text               mc_w.l(llsshr.o)
    0x08000894   0x00000000   Code   RO         7380    .text               mc_w.l(iusefp.o)
    0x08000894   0x0000006e   Code   RO         7381    .text               mf_w.l(fepilogue.o)
    0x08000902   0x000000b6   Code   RO         7383    .text               mf_w.l(depilogue.o)
    0x080009b8   0x0000002e   Code   RO         7385    .text               mf_w.l(dscalb.o)
    0x080009e6   0x00000002   PAD
    0x080009e8   0x00000024   Code   RO         7391    .text               mc_w.l(init.o)
    0x08000a0c   0x0000003e   Code   RO         7395    .text               mf_w.l(dfixi.o)
    0x08000a4a   0x00000056   Code   RO         7407    .text               mc_w.l(__dczerorl2.o)
    0x08000aa0   0x00000002   Code   RO          142    i.BusFault_Handler  stm32f10x_it.o
    0x08000aa2   0x00000002   Code   RO          143    i.DMA1_Channel1_IRQHandler  stm32f10x_it.o
    0x08000aa4   0x00000002   Code   RO          144    i.DMA1_Channel2_IRQHandler  stm32f10x_it.o
    0x08000aa6   0x00000002   Code   RO          145    i.DMA1_Channel3_IRQHandler  stm32f10x_it.o
    0x08000aa8   0x00000004   Code   RO          146    i.DMA1_Channel4_IRQHandler  stm32f10x_it.o
    0x08000aac   0x00000002   Code   RO          147    i.DMA1_Channel5_IRQHandler  stm32f10x_it.o
    0x08000aae   0x00000002   Code   RO          148    i.DMA1_Channel6_IRQHandler  stm32f10x_it.o
    0x08000ab0   0x00000002   Code   RO          149    i.DMA1_Channel7_IRQHandler  stm32f10x_it.o
    0x08000ab2   0x00000002   PAD
    0x08000ab4   0x00000018   Code   RO         4656    i.DMA_ClearFlag     stm32f10x_dma.o
    0x08000acc   0x00000018   Code   RO         4657    i.DMA_ClearITPendingBit  stm32f10x_dma.o
    0x08000ae4   0x00000016   Code   RO         4658    i.DMA_Cmd           stm32f10x_dma.o
    0x08000afa   0x00000002   PAD
    0x08000afc   0x000000e4   Code   RO         4659    i.DMA_DeInit        stm32f10x_dma.o
    0x08000be0   0x00000010   Code   RO         4663    i.DMA_ITConfig      stm32f10x_dma.o
    0x08000bf0   0x0000003a   Code   RO         4664    i.DMA_Init          stm32f10x_dma.o
    0x08000c2a   0x00000002   Code   RO          150    i.DebugMon_Handler  stm32f10x_it.o
    0x08000c2c   0x00000004   Code   RO          151    i.EXTI0_IRQHandler  stm32f10x_it.o
    0x08000c30   0x0000000c   Code   RO         4729    i.EXTI_ClearITPendingBit  stm32f10x_exti.o
    0x08000c3c   0x00000020   Code   RO         4733    i.EXTI_GetITStatus  stm32f10x_exti.o
    0x08000c5c   0x00000070   Code   RO         4734    i.EXTI_Init         stm32f10x_exti.o
    0x08000ccc   0x00000028   Code   RO         5083    i.GPIO_EXTILineConfig  stm32f10x_gpio.o
    0x08000cf4   0x0000009c   Code   RO         5086    i.GPIO_Init         stm32f10x_gpio.o
    0x08000d90   0x0000000e   Code   RO         5090    i.GPIO_ReadInputDataBit  stm32f10x_gpio.o
    0x08000d9e   0x00000004   Code   RO         5093    i.GPIO_ResetBits    stm32f10x_gpio.o
    0x08000da2   0x00000004   Code   RO         5094    i.GPIO_SetBits      stm32f10x_gpio.o
    0x08000da6   0x00000002   PAD
    0x08000da8   0x00000020   Code   RO         1061    i.GetPrio           ledseq.o
    0x08000dc8   0x00000002   Code   RO          152    i.HardFault_Handler  stm32f10x_it.o
    0x08000dca   0x00000004   Code   RO          153    i.I2C2_ER_IRQHandler  stm32f10x_it.o
    0x08000dce   0x00000004   Code   RO          154    i.I2C2_EV_IRQHandler  stm32f10x_it.o
    0x08000dd2   0x00000002   PAD
    0x08000dd4   0x0000008c   Code   RO         3845    i.I2C_DMAConfig     stm32_qdcpt_i2c_routines.o
    0x08000e60   0x0000002c   Code   RO         5203    i.I2C_DeInit        stm32f10x_i2c.o
    0x08000e8c   0x000000bc   Code   RO         5214    i.I2C_Init          stm32f10x_i2c.o
    0x08000f48   0x000001d0   Code   RO         3846    i.I2C_LowLevel_Init  stm32_qdcpt_i2c_routines.o
    0x08001118   0x00000130   Code   RO         3847    i.I2C_Master_BufferRead  stm32_qdcpt_i2c_routines.o
    0x08001248   0x00000120   Code   RO         3848    i.I2C_Master_BufferWrite  stm32_qdcpt_i2c_routines.o
    0x08001368   0x00000014   Code   RO         5223    i.I2C_SoftwareResetCmd  stm32f10x_i2c.o
    0x0800137c   0x00000094   Code   RO         1062    i.LedseqInit        ledseq.o
    0x08001410   0x00000064   Code   RO         1063    i.LedseqRun         ledseq.o
    0x08001474   0x00000002   Code   RO          155    i.MemManage_Handler  stm32f10x_it.o
    0x08001476   0x00000002   Code   RO          156    i.NMI_Handler       stm32f10x_it.o
    0x08001478   0x00000064   Code   RO         3910    i.NVIC_Init         misc.o
    0x080014dc   0x00000014   Code   RO         3911    i.NVIC_PriorityGroupConfig  misc.o
    0x080014f0   0x00000108   Code   RO         3606    i.QdcptUsartNvicInit  stm32_qdcpt_usart.o
    0x080015f8   0x00000018   Code   RO         5507    i.RCC_AHBPeriphClockCmd  stm32f10x_rcc.o
    0x08001610   0x00000018   Code   RO         5508    i.RCC_APB1PeriphClockCmd  stm32f10x_rcc.o
    0x08001628   0x00000018   Code   RO         5509    i.RCC_APB1PeriphResetCmd  stm32f10x_rcc.o
    0x08001640   0x00000018   Code   RO         5510    i.RCC_APB2PeriphClockCmd  stm32f10x_rcc.o
    0x08001658   0x00000094   Code   RO         5518    i.RCC_GetClocksFreq  stm32f10x_rcc.o
    0x080016ec   0x000000d8   Code   RO         1067    i.RunLedseq         ledseq.o
    0x080017c4   0x00000014   Code   RO         5986    i.SPI_Cmd           stm32f10x_spi.o
    0x080017d8   0x0000000e   Code   RO         5994    i.SPI_I2S_GetFlagStatus  stm32f10x_spi.o
    0x080017e6   0x00000004   Code   RO         5997    i.SPI_I2S_ReceiveData  stm32f10x_spi.o
    0x080017ea   0x00000004   Code   RO         5998    i.SPI_I2S_SendData  stm32f10x_spi.o
    0x080017ee   0x00000038   Code   RO         5999    i.SPI_Init          stm32f10x_spi.o
    0x08001826   0x00000002   PAD
    0x08001828   0x000000a8   Code   RO         6905    i.SetSysClockTo72   system_stm32f10x.o
    0x080018d0   0x00000034   Code   RO         1801    i.SpiByte_RW        nrf24l01.o
    0x08001904   0x00000038   Code   RO         3713    i.Stm32QdcptInitLed  stm32_qdcpt_led.o
    0x0800193c   0x00000038   Code   RO         3714    i.Stm32QdcptLedSet  stm32_qdcpt_led.o
    0x08001974   0x00000050   Code   RO         6907    i.SystemInit        system_stm32f10x.o
    0x080019c4   0x00000014   Code   RO         6127    i.TIM_ARRPreloadConfig  stm32f10x_tim.o
    0x080019d8   0x00000014   Code   RO         6139    i.TIM_Cmd           stm32f10x_tim.o
    0x080019ec   0x00000016   Code   RO         6141    i.TIM_CtrlPWMOutputs  stm32f10x_tim.o
    0x08001a02   0x00000002   PAD
    0x08001a04   0x00000080   Code   RO         6168    i.TIM_OC1Init       stm32f10x_tim.o
    0x08001a84   0x0000000c   Code   RO         6171    i.TIM_OC1PreloadConfig  stm32f10x_tim.o
    0x08001a90   0x00000080   Code   RO         6173    i.TIM_OC2Init       stm32f10x_tim.o
    0x08001b10   0x00000014   Code   RO         6176    i.TIM_OC2PreloadConfig  stm32f10x_tim.o
    0x08001b24   0x0000007c   Code   RO         6178    i.TIM_OC3Init       stm32f10x_tim.o
    0x08001ba0   0x0000000c   Code   RO         6181    i.TIM_OC3PreloadConfig  stm32f10x_tim.o
    0x08001bac   0x00000064   Code   RO         6183    i.TIM_OC4Init       stm32f10x_tim.o
    0x08001c10   0x00000014   Code   RO         6185    i.TIM_OC4PreloadConfig  stm32f10x_tim.o
    0x08001c24   0x00000004   Code   RO         6200    i.TIM_SetCompare1   stm32f10x_tim.o
    0x08001c28   0x00000004   Code   RO         6201    i.TIM_SetCompare2   stm32f10x_tim.o
    0x08001c2c   0x00000004   Code   RO         6202    i.TIM_SetCompare3   stm32f10x_tim.o
    0x08001c30   0x00000006   Code   RO         6203    i.TIM_SetCompare4   stm32f10x_tim.o
    0x08001c36   0x00000002   PAD
    0x08001c38   0x0000009c   Code   RO         6210    i.TIM_TimeBaseInit  stm32f10x_tim.o
    0x08001cd4   0x00000004   Code   RO          157    i.USART1_IRQHandler  stm32f10x_it.o
    0x08001cd8   0x0000000c   Code   RO         6659    i.USART_ClearITPendingBit  stm32f10x_usart.o
    0x08001ce4   0x00000014   Code   RO         6662    i.USART_Cmd         stm32f10x_usart.o
    0x08001cf8   0x00000010   Code   RO         6663    i.USART_DMACmd      stm32f10x_usart.o
    0x08001d08   0x0000000e   Code   RO         6665    i.USART_GetFlagStatus  stm32f10x_usart.o
    0x08001d16   0x0000003e   Code   RO         6666    i.USART_GetITStatus  stm32f10x_usart.o
    0x08001d54   0x00000030   Code   RO         6668    i.USART_ITConfig    stm32f10x_usart.o
    0x08001d84   0x000000ac   Code   RO         6669    i.USART_Init        stm32f10x_usart.o
    0x08001e30   0x00000008   Code   RO         6676    i.USART_ReceiveData  stm32f10x_usart.o
    0x08001e38   0x00000008   Code   RO         6679    i.USART_SendData    stm32f10x_usart.o
    0x08001e40   0x00000040   Code   RO         1068    i.UpdateActive      ledseq.o
    0x08001e80   0x00000002   Code   RO          158    i.UsageFault_Handler  stm32f10x_it.o
    0x08001e82   0x00000002   PAD
    0x08001e84   0x00000020   Code   RO         7103    i.__0printf$3       mc_w.l(printf3.o)
    0x08001ea4   0x00000028   Code   RO         7324    i.__ARM_fpclassify  m_ws.l(fpclassify.o)
    0x08001ecc   0x00000388   Code   RO         7329    i.__ieee754_rem_pio2  m_ws.l(rred.o)
    0x08002254   0x000000fc   Code   RO         7319    i.__kernel_cos      m_ws.l(cos_i.o)
    0x08002350   0x000000aa   Code   RO         7326    i.__kernel_poly     m_ws.l(poly.o)
    0x080023fa   0x00000002   PAD
    0x080023fc   0x000000ec   Code   RO         7334    i.__kernel_sin      m_ws.l(sin_i.o)
    0x080024e8   0x00000010   Code   RO         7322    i.__mathlib_dbl_underflow  m_ws.l(dunder.o)
    0x080024f8   0x0000000e   Code   RO         7401    i.__scatterload_copy  mc_w.l(handlers.o)
    0x08002506   0x00000002   Code   RO         7402    i.__scatterload_null  mc_w.l(handlers.o)
    0x08002508   0x0000000e   Code   RO         7403    i.__scatterload_zeroinit  mc_w.l(handlers.o)
    0x08002516   0x00000002   PAD
    0x08002518   0x0000000c   Code   RO         7375    i.__set_errno       mc_w.l(errno.o)
    0x08002524   0x000001b8   Code   RO         7110    i._printf_core      mc_w.l(printf3.o)
    0x080026dc   0x00000050   Code   RO         1703    i.assertFail        cfassert.o
    0x0800272c   0x00000024   Code   RO         1129    i.commInit          comm.o
    0x08002750   0x0000004c   Code   RO         1148    i.consolePutchar    console.o
    0x0800279c   0x00000014   Code   RO         1150    i.consoleSendMessage  console.o
    0x080027b0   0x000000f4   Code   RO         1461    i.controllerInit    controller.o
    0x080028a4   0x0000000c   Code   RO         1463    i.controllerTest    controller.o
    0x080028b0   0x000000ac   Code   RO         6960    i.cos               m_ws.l(cos.o)
    0x0800295c   0x00000048   Code   RO          967    i.crtpSendPacketBlock  crtp.o
    0x080029a4   0x0000002c   Code   RO          968    i.crtpSetLink       crtp.o
    0x080029d0   0x00000012   Code   RO         1719    i.eprintf           eprintf.o
    0x080029e2   0x00000112   Code   RO         1720    i.evprintf          eprintf.o
    0x08002af4   0x00000022   Code   RO         3737    i.extiInit          stm32_qdcpt_exti.o
    0x08002b16   0x0000001c   Code   RO         3738    i.extiInterruptHandler  stm32_qdcpt_exti.o
    0x08002b32   0x00000002   PAD
    0x08002b34   0x00000024   Code   RO         3586    i.fputc             stm32print.o
    0x08002b58   0x00000014   Code   RO         1721    i.get_int_len       eprintf.o
    0x08002b6c   0x00000050   Code   RO         3851    i.i2cErrorInterruptHandlerI2c2  stm32_qdcpt_i2c_routines.o
    0x08002bbc   0x0000011c   Code   RO         3853    i.i2cInterruptHandlerI2c2  stm32_qdcpt_i2c_routines.o
    0x08002cd8   0x00000090   Code   RO         3770    i.i2cdevInit        stm32_qdcpt_i2c.o
    0x08002d68   0x0000004e   Code   RO         3771    i.i2cdevRead        stm32_qdcpt_i2c.o
    0x08002db6   0x00000030   Code   RO         3773    i.i2cdevReadBits    stm32_qdcpt_i2c.o
    0x08002de6   0x0000000c   Code   RO         3774    i.i2cdevReadByte    stm32_qdcpt_i2c.o
    0x08002df2   0x00000002   PAD
    0x08002df4   0x00000158   Code   RO         3775    i.i2cdevResetAndLowLevelInitBusI2c2  stm32_qdcpt_i2c.o
    0x08002f4c   0x00000064   Code   RO         3776    i.i2cdevWrite       stm32_qdcpt_i2c.o
    0x08002fb0   0x00000038   Code   RO         3777    i.i2cdevWriteBit    stm32_qdcpt_i2c.o
    0x08002fe8   0x00000048   Code   RO         3778    i.i2cdevWriteBits   stm32_qdcpt_i2c.o
    0x08003030   0x00000012   Code   RO         3779    i.i2cdevWriteByte   stm32_qdcpt_i2c.o
    0x08003042   0x00000002   PAD
    0x08003044   0x000000e0   Code   RO         1280    i.imu6Init          imu.o
    0x08003124   0x00000018   Code   RO         1283    i.imu6Test          imu.o
    0x0800313c   0x0000000c   Code   RO         1286    i.imuBiasInit       imu.o
    0x08003148   0x00000024   Code   RO          865    i.interruptCallback  radiolink.o
    0x0800316c   0x000000a4   Code   RO         1722    i.itoa              eprintf.o
    0x08003210   0x0000000a   Code   RO            1    i.main              main.o
    0x0800321a   0x00000002   PAD
    0x0800321c   0x000000d4   Code   RO         1932    i.motorsInit        motors.o
    0x080032f0   0x0000002e   Code   RO         1933    i.motorsSetRatio    motors.o
    0x0800331e   0x00000002   PAD
    0x08003320   0x0000002c   Code   RO         1934    i.motorsTest        motors.o
    0x0800334c   0x0000005c   Code   RO         1964    i.mpu6050EvaluateSelfTest  mpu6050.o
    0x080033a8   0x00000024   Code   RO         1988    i.mpu6050GetDeviceID  mpu6050.o
    0x080033cc   0x00000034   Code   RO         2003    i.mpu6050GetFullScaleAccelGPL  mpu6050.o
    0x08003400   0x00000024   Code   RO         2004    i.mpu6050GetFullScaleAccelRangeId  mpu6050.o
    0x08003424   0x00000034   Code   RO         2005    i.mpu6050GetFullScaleGyroDPL  mpu6050.o
    0x08003458   0x00000024   Code   RO         2006    i.mpu6050GetFullScaleGyroRangeId  mpu6050.o
    0x0800347c   0x00000058   Code   RO         2033    i.mpu6050GetMotion6  mpu6050.o
    0x080034d4   0x00000018   Code   RO         2109    i.mpu6050Init       mpu6050.o
    0x080034ec   0x0000001c   Code   RO         2112    i.mpu6050Reset      mpu6050.o
    0x08003508   0x00000270   Code   RO         2120    i.mpu6050SelfTest   mpu6050.o
    0x08003778   0x00000018   Code   RO         2122    i.mpu6050SetAccelXSelfTest  mpu6050.o
    0x08003790   0x00000018   Code   RO         2123    i.mpu6050SetAccelYSelfTest  mpu6050.o
    0x080037a8   0x00000018   Code   RO         2124    i.mpu6050SetAccelZSelfTest  mpu6050.o
    0x080037c0   0x0000001c   Code   RO         2128    i.mpu6050SetClockSource  mpu6050.o
    0x080037dc   0x0000001c   Code   RO         2130    i.mpu6050SetDLPFMode  mpu6050.o
    0x080037f8   0x0000001c   Code   RO         2144    i.mpu6050SetFullScaleAccelRange  mpu6050.o
    0x08003814   0x0000001c   Code   RO         2145    i.mpu6050SetFullScaleGyroRange  mpu6050.o
    0x08003830   0x00000018   Code   RO         2146    i.mpu6050SetGyroXSelfTest  mpu6050.o
    0x08003848   0x00000018   Code   RO         2147    i.mpu6050SetGyroYSelfTest  mpu6050.o
    0x08003860   0x00000018   Code   RO         2148    i.mpu6050SetGyroZSelfTest  mpu6050.o
    0x08003878   0x00000018   Code   RO         2149    i.mpu6050SetI2CBypassEnabled  mpu6050.o
    0x08003890   0x00000014   Code   RO         2153    i.mpu6050SetIntEnabled  mpu6050.o
    0x080038a4   0x00000014   Code   RO         2172    i.mpu6050SetRate    mpu6050.o
    0x080038b8   0x00000018   Code   RO         2194    i.mpu6050SetSleepEnabled  mpu6050.o
    0x080038d0   0x0000001c   Code   RO         2202    i.mpu6050SetTempSensorEnabled  mpu6050.o
    0x080038ec   0x00000012   Code   RO         2225    i.mpu6050TestConnection  mpu6050.o
    0x080038fe   0x00000004   Code   RO          971    i.nopFunc           crtp.o
    0x08003902   0x00000002   PAD
    0x08003904   0x00000048   Code   RO          866    i.nrf24l01Check     radiolink.o
    0x0800394c   0x0000002c   Code   RO         1802    i.nrfActivate       nrf24l01.o
    0x08003978   0x0000002c   Code   RO         1803    i.nrfFlushRx        nrf24l01.o
    0x080039a4   0x0000002c   Code   RO         1804    i.nrfFlushTx        nrf24l01.o
    0x080039d0   0x00000010   Code   RO         3739    i.nrfIsr            stm32_qdcpt_exti.o
    0x080039e0   0x00000048   Code   RO         1807    i.nrfReadBuf        nrf24l01.o
    0x08003a28   0x00000010   Code   RO         1808    i.nrfReadReg        nrf24l01.o
    0x08003a38   0x0000002c   Code   RO         1809    i.nrfRxLength       nrf24l01.o
    0x08003a64   0x00000044   Code   RO         1810    i.nrfRxPayload      nrf24l01.o
    0x08003aa8   0x0000000e   Code   RO         1811    i.nrfSetChannel     nrf24l01.o
    0x08003ab6   0x00000014   Code   RO         1812    i.nrfSetDateRate    nrf24l01.o
    0x08003aca   0x00000002   PAD
    0x08003acc   0x00000018   Code   RO         1813    i.nrfSetEnable      nrf24l01.o
    0x08003ae4   0x0000000c   Code   RO         3740    i.nrfSetInterruptCallback  stm32_qdcpt_exti.o
    0x08003af0   0x00000010   Code   RO         1814    i.nrfSetRxAddress   nrf24l01.o
    0x08003b00   0x0000000a   Code   RO         1815    i.nrfSetTxAddress   nrf24l01.o
    0x08003b0a   0x00000002   PAD
    0x08003b0c   0x0000010c   Code   RO         1816    i.nrfSpiInit        nrf24l01.o
    0x08003c18   0x00000048   Code   RO         1818    i.nrfWriteBuf       nrf24l01.o
    0x08003c60   0x0000000c   Code   RO         1821    i.nrfWriteReg       nrf24l01.o
    0x08003c6c   0x0000002c   Code   RO         1350    i.pidInit           pid.o
    0x08003c98   0x00000004   Code   RO         1356    i.pidSetIntegralLimit  pid.o
    0x08003c9c   0x00000010   Code   RO         1723    i.power             eprintf.o
    0x08003cac   0x00000034   Code   RO          570    i.prvAddCurrentTaskToDelayedList  tasks.o
    0x08003ce0   0x00000040   Code   RO          791    i.prvCheckForValidListAndQueue  timers.o
    0x08003d20   0x00000058   Code   RO          571    i.prvCheckTasksWaitingTermination  tasks.o
    0x08003d78   0x00000028   Code   RO          447    i.prvCopyDataFromQueue  queue.o
    0x08003da0   0x00000068   Code   RO          448    i.prvCopyDataToQueue  queue.o
    0x08003e08   0x0000003c   Code   RO          262    i.prvHeapInit       heap_4.o
    0x08003e44   0x00000018   Code   RO          572    i.prvIdleTask       tasks.o
    0x08003e5c   0x0000004c   Code   RO          263    i.prvInsertBlockIntoFreeList  heap_4.o
    0x08003ea8   0x00000038   Code   RO          792    i.prvInsertTimerInActiveList  timers.o
    0x08003ee0   0x00000090   Code   RO          793    i.prvProcessReceivedCommands  timers.o
    0x08003f70   0x00000084   Code   RO          794    i.prvProcessTimerOrBlockTask  timers.o
    0x08003ff4   0x00000028   Code   RO          795    i.prvSampleTimeNow  timers.o
    0x0800401c   0x00000058   Code   RO          796    i.prvSwitchTimerLists  timers.o
    0x08004074   0x00000028   Code   RO          797    i.prvTimerTask      timers.o
    0x0800409c   0x00000064   Code   RO          449    i.prvUnlockQueue    queue.o
    0x08004100   0x00000090   Code   RO          264    i.pvPortMalloc      heap_4.o
    0x08004190   0x00000004   Code   RO          798    i.pvTimerGetTimerID  timers.o
    0x08004194   0x0000001c   Code   RO          306    i.pxPortInitialiseStack  port.o
    0x080041b0   0x00000020   Code   RO          867    i.radioIsConnected  radiolink.o
    0x080041d0   0x00000018   Code   RO          868    i.radioReceivePacket  radiolink.o
    0x080041e8   0x00000018   Code   RO          869    i.radioReset        radiolink.o
    0x08004200   0x00000018   Code   RO          870    i.radioSendPacket   radiolink.o
    0x08004218   0x00000014   Code   RO          871    i.radioSetEnable    radiolink.o
    0x0800422c   0x00000084   Code   RO          873    i.radiolinkInit     radiolink.o
    0x080042b0   0x000000dc   Code   RO          874    i.radiolinkInitNRF24L01P  radiolink.o
    0x0800438c   0x00000080   Code   RO          876    i.radiolinkTask     radiolink.o
    0x0800440c   0x00000014   Code   RO         1580    i.sensfusion6Init   sensfusion6.o
    0x08004420   0x0000000c   Code   RO         1581    i.sensfusion6Test   sensfusion6.o
    0x0800442c   0x000000b0   Code   RO         6968    i.sin               m_ws.l(sin.o)
    0x080044dc   0x00000054   Code   RO         1624    i.stabilizerInit    stabilizer.o
    0x08004530   0x00000020   Code   RO         1625    i.stabilizerTask    stabilizer.o
    0x08004550   0x00000020   Code   RO         1626    i.stabilizerTest    stabilizer.o
    0x08004570   0x0000002c   Code   RO         1192    i.systemInit        system.o
    0x0800459c   0x00000028   Code   RO         1193    i.systemLaunch      system.o
    0x080045c4   0x00000014   Code   RO         1195    i.systemStart       system.o
    0x080045d8   0x00000058   Code   RO         1196    i.systemTask        system.o
    0x08004630   0x00000014   Code   RO         1197    i.systemTest        system.o
    0x08004644   0x00000034   Code   RO         3608    i.uartDmaIsr        stm32_qdcpt_usart.o
    0x08004678   0x00000008   Code   RO         3609    i.uartGetLink       stm32_qdcpt_usart.o
    0x08004680   0x000000ac   Code   RO         3610    i.uartIsr           stm32_qdcpt_usart.o
    0x0800472c   0x00000024   Code   RO         3612    i.uartReceiveCRTPPacket  stm32_qdcpt_usart.o
    0x08004750   0x0000006c   Code   RO         3614    i.uartSendCRTPPacket  stm32_qdcpt_usart.o
    0x080047bc   0x00000004   Code   RO         3617    i.uartSetEnable     stm32_qdcpt_usart.o
    0x080047c0   0x00000024   Code   RO          411    i.uxListRemove      list.o
    0x080047e4   0x00000016   Code   RO          412    i.vListInitialise   list.o
    0x080047fa   0x00000006   Code   RO          413    i.vListInitialiseItem  list.o
    0x08004800   0x00000030   Code   RO          414    i.vListInsert       list.o
    0x08004830   0x00000018   Code   RO          415    i.vListInsertEnd    list.o
    0x08004848   0x0000001c   Code   RO          308    i.vPortEnterCritical  port.o
    0x08004864   0x00000014   Code   RO          309    i.vPortExitCritical  port.o
    0x08004878   0x00000040   Code   RO          265    i.vPortFree         heap_4.o
    0x080048b8   0x00000014   Code   RO          310    i.vPortSetupTimerInterrupt  port.o
    0x080048cc   0x00000018   Code   RO          311    i.vPortYield        port.o
    0x080048e4   0x00000038   Code   RO          455    i.vQueueWaitForMessageRestricted  queue.o
    0x0800491c   0x00000034   Code   RO          575    i.vTaskDelay        tasks.o
    0x08004950   0x00000050   Code   RO          576    i.vTaskDelayUntil   tasks.o
    0x080049a0   0x0000000c   Code   RO          579    i.vTaskMissedYield  tasks.o
    0x080049ac   0x0000003c   Code   RO          580    i.vTaskPlaceOnEventList  tasks.o
    0x080049e8   0x00000028   Code   RO          581    i.vTaskPlaceOnEventListRestricted  tasks.o
    0x08004a10   0x00000048   Code   RO          582    i.vTaskPriorityDisinherit  tasks.o
    0x08004a58   0x00000064   Code   RO          583    i.vTaskPriorityInherit  tasks.o
    0x08004abc   0x00000010   Code   RO          587    i.vTaskSetTimeOutState  tasks.o
    0x08004acc   0x0000004c   Code   RO          588    i.vTaskStartScheduler  tasks.o
    0x08004b18   0x00000010   Code   RO          590    i.vTaskSuspendAll   tasks.o
    0x08004b28   0x0000004c   Code   RO          591    i.vTaskSwitchContext  tasks.o
    0x08004b74   0x00000010   Code   RO         1674    i.workerTest        worker.o
    0x08004b84   0x00000030   Code   RO          312    i.xPortStartScheduler  port.o
    0x08004bb4   0x00000024   Code   RO          313    i.xPortSysTickHandler  port.o
    0x08004bd8   0x00000044   Code   RO          456    i.xQueueCreateMutex  queue.o
    0x08004c1c   0x00000042   Code   RO          457    i.xQueueGenericCreate  queue.o
    0x08004c5e   0x0000010c   Code   RO          458    i.xQueueGenericReceive  queue.o
    0x08004d6a   0x00000060   Code   RO          459    i.xQueueGenericReset  queue.o
    0x08004dca   0x000000dc   Code   RO          460    i.xQueueGenericSend  queue.o
    0x08004ea6   0x00000062   Code   RO          461    i.xQueueGenericSendFromISR  queue.o
    0x08004f08   0x00000048   Code   RO          593    i.xTaskCheckForTimeOut  tasks.o
    0x08004f50   0x00000178   Code   RO          594    i.xTaskGenericCreate  tasks.o
    0x080050c8   0x0000000c   Code   RO          596    i.xTaskGetCurrentTaskHandle  tasks.o
    0x080050d4   0x0000001c   Code   RO          597    i.xTaskGetSchedulerState  tasks.o
    0x080050f0   0x00000018   Code   RO          598    i.xTaskGetTickCount  tasks.o
    0x08005108   0x000000c0   Code   RO          600    i.xTaskIncrementTick  tasks.o
    0x080051c8   0x00000058   Code   RO          602    i.xTaskRemoveFromEventList  tasks.o
    0x08005220   0x000000a4   Code   RO          603    i.xTaskResumeAll    tasks.o
    0x080052c4   0x0000003c   Code   RO          799    i.xTimerCreate      timers.o
    0x08005300   0x00000040   Code   RO          800    i.xTimerCreateTimerTask  timers.o
    0x08005340   0x00000048   Code   RO          801    i.xTimerGenericCommand  timers.o
    0x08005388   0x00000010   Data   RO         1724    .constdata          eprintf.o
    0x08005398   0x00000081   Data   RO         6981    .constdata          mc_w.l(ctype_o.o)
    0x08005419   0x00000003   PAD
    0x0800541c   0x00000004   Data   RO         6982    .constdata          mc_w.l(ctype_o.o)
    0x08005420   0x00000030   Data   RO         7320    .constdata          m_ws.l(cos_i.o)
    0x08005450   0x000000c8   Data   RO         7331    .constdata          m_ws.l(rred.o)
    0x08005518   0x00000028   Data   RO         7335    .constdata          m_ws.l(sin_i.o)
    0x08005540   0x00000048   Data   RO         2232    .conststring        mpu6050.o
    0x08005588   0x00000020   Data   RO         7399    Region$$Table       anon$$obj.o


    Execution Region RW_IRAM1 (Base: 0x20000000, Size: 0x00004cf8, Max: 0x00005000, ABSOLUTE, COMPRESSED[0x000000ac])

    Base Addr    Size         Type   Attr      Idx    E Section Name        Object

    0x20000000   0x00000014   Data   RW          269    .data               heap_4.o
    0x20000014   0x00000004   Data   RW          314    .data               port.o
    0x20000018   0x00000038   Data   RW          606    .data               tasks.o
    0x20000050   0x00000010   Data   RW          804    .data               timers.o
    0x20000060   0x00000028   Data   RW          879    .data               radiolink.o
    0x20000088   0x00000028   Data   RW          973    .data               crtp.o
    0x200000b0   0x0000003c   Data   RW         1070    .data               ledseq.o
    0x200000ec   0x00000010   Data   RW         1071    .data               ledseq.o
    0x200000fc   0x00000018   Data   RW         1072    .data               ledseq.o
    0x20000114   0x00000018   Data   RW         1073    .data               ledseq.o
    0x2000012c   0x00000018   Data   RW         1074    .data               ledseq.o
    0x20000144   0x00000018   Data   RW         1076    .data               ledseq.o
    0x2000015c   0x00000010   Data   RW         1077    .data               ledseq.o
    0x2000016c   0x00000018   Data   RW         1078    .data               ledseq.o
    0x20000184   0x00000018   Data   RW         1079    .data               ledseq.o
    0x2000019c   0x00000078   Data   RW         1080    .data               ledseq.o
    0x20000214   0x00000001   Data   RW         1130    .data               comm.o
    0x20000215   0x00000003   PAD
    0x20000218   0x00000008   Data   RW         1153    .data               console.o
    0x20000220   0x00000008   Data   RW         1203    .data               system.o
    0x20000228   0x00000034   Data   RW         1291    .data               imu.o
    0x2000025c   0x00000008   Data   RW         1465    .data               controller.o
    0x20000264   0x00000028   Data   RW         1583    .data               sensfusion6.o
    0x2000028c   0x00000010   Data   RW         1637    .data               stabilizer.o
    0x2000029c   0x00000004   Data   RW         1675    .data               worker.o
    0x200002a0   0x00000004   Data   RW         1935    .data               motors.o
    0x200002a4   0x00000008   Data   RW         2233    .data               mpu6050.o
    0x200002ac   0x0000002c   Data   RW         3619    .data               stm32_qdcpt_usart.o
    0x200002d8   0x00000004   Data   RW         3741    .data               stm32_qdcpt_exti.o
    0x200002dc   0x00000004   Data   RW         3781    .data               stm32_qdcpt_i2c.o
    0x200002e0   0x00000004   Data   RW         3782    .data               stm32_qdcpt_i2c.o
    0x200002e4   0x00000004   Data   RW         3783    .data               stm32_qdcpt_i2c.o
    0x200002e8   0x00000014   Data   RW         3855    .data               stm32_qdcpt_i2c_routines.o
    0x200002fc   0x00000014   Data   RW         5538    .data               stm32f10x_rcc.o
    0x20000310   0x00000004   Data   RW         7362    .data               mc_w.l(stdout.o)
    0x20000314   0x00000004   Data   RW         7376    .data               mc_w.l(errno.o)
    0x20000318   0x00003c00   Zero   RW          268    .bss                heap_4.o
    0x20003f18   0x000000c8   Zero   RW          605    .bss                tasks.o
    0x20003fe0   0x00000028   Zero   RW          803    .bss                timers.o
    0x20004008   0x00000021   Zero   RW          878    .bss                radiolink.o
    0x20004029   0x00000003   PAD
    0x2000402c   0x00000048   Zero   RW         1069    .bss                ledseq.o
    0x20004074   0x00000021   Zero   RW         1152    .bss                console.o
    0x20004095   0x00000003   PAD
    0x20004098   0x00000624   Zero   RW         1290    .bss                imu.o
    0x200046bc   0x00000150   Zero   RW         1464    .bss                controller.o
    0x2000480c   0x0000001e   Zero   RW         2231    .bss                mpu6050.o
    0x2000482a   0x00000002   PAD
    0x2000482c   0x0000008d   Zero   RW         3618    .bss                stm32_qdcpt_usart.o
    0x200048b9   0x00000011   Zero   RW         3780    .bss                stm32_qdcpt_i2c.o
    0x200048ca   0x00000002   PAD
    0x200048cc   0x0000002c   Zero   RW         3854    .bss                stm32_qdcpt_i2c_routines.o
    0x200048f8   0x00000400   Zero   RW         6934    STACK               startup_stm32f10x_md.o


==============================================================================

Image component sizes


      Code (inc. data)   RO Data    RW Data    ZI Data      Debug   Object Name

        80         44          0          0          0        469   cfassert.o
        36          4          0          1          0        631   comm.o
        96         12          0          8         33       1652   console.o
       256         54          0          8        336       1993   controller.o
       120         40          0         40          0       2816   crtp.o
       492          4         16          0          0       4493   eprintf.o
       344         22          0         20      15360       3651   heap_4.o
       260         30          0         52       1572       3682   imu.o
       560         56          0        356         72       4715   ledseq.o
       136          0          0          0          0       2842   list.o
        10          0          0          0          0     299783   main.o
       120         16          0          0          0       1463   misc.o
       302         16          0          4          0       1871   motors.o
      1458        238         72          8         30      15727   mpu6050.o
       820         60          0          0          0       8547   nrf24l01.o
        48          8          0          0          0       2624   pid.o
       342         48          0          4          0       6425   port.o
      1116          0          0          0          0       8722   queue.o
       712         88          0         40         33       6343   radiolink.o
        32         12          0         40          0       1366   sensfusion6.o
       148         28          0         16          0       4543   stabilizer.o
        36          8        236          0       1024        852   startup_stm32f10x_md.o
        90         10          0          4          0       2649   stm32_qdcpt_exti.o
       872         22          0         12         17       7388   stm32_qdcpt_i2c.o
      1560        124          0         20         44       6018   stm32_qdcpt_i2c_routines.o
       112         12          0          0          0       1383   stm32_qdcpt_led.o
       644         58          0         44        141       6310   stm32_qdcpt_usart.o
       372         26          0          0          0       4957   stm32f10x_dma.o
       156         14          0          0          0       2088   stm32f10x_exti.o
       218          6          0          0          0       3934   stm32f10x_gpio.o
       252         16          0          0          0       3475   stm32f10x_i2c.o
        44          0          0          0          0      10115   stm32f10x_it.o
       244         40          0         20          0       5463   stm32f10x_rcc.o
        98          0          0          0          0       3662   stm32f10x_spi.o
       780         90          0          0          0      10352   stm32f10x_tim.o
       360          6          0          0          0       6830   stm32f10x_usart.o
        36          6          0          0          0        492   stm32print.o
       212         36          0          8          0       4865   system.o
       248         24          0          0          0       1637   system_stm32f10x.o
      1720        158          0         56        200      18769   tasks.o
       764         60          0         16         40       8022   timers.o
        16          4          0          4          0        625   worker.o

    ----------------------------------------------------------------------
     16356       1500        356        784      18912     494244   Object Totals
         0          0         32          0          0          0   (incl. Generated)
        34          0          0          3         10          0   (incl. Padding)

    ----------------------------------------------------------------------

      Code (inc. data)   RO Data    RW Data    ZI Data      Debug   Library Member Name

       172          8          0          0          0        112   cos.o
       252         22         48          0          0        124   cos_i.o
        16          6          0          0          0         68   dunder.o
        40          0          0          0          0         68   fpclassify.o
       170          0          0          0          0         96   poly.o
       904         74        200          0          0        140   rred.o
       176         10          0          0          0        116   sin.o
       236         12         40          0          0        128   sin_i.o
        86          0          0          0          0          0   __dczerorl2.o
         8          4        133          0          0         68   ctype_o.o
         0          0          0          0          0          0   entry.o
         0          0          0          0          0          0   entry10a.o
         0          0          0          0          0          0   entry11a.o
         8          4          0          0          0          0   entry2.o
         4          0          0          0          0          0   entry5.o
         0          0          0          0          0          0   entry7b.o
         0          0          0          0          0          0   entry8b.o
         8          4          0          0          0          0   entry9a.o
        12          6          0          4          0         68   errno.o
        30          0          0          0          0          0   handlers.o
        36          8          0          0          0         68   init.o
         0          0          0          0          0          0   iusefp.o
        90          0          0          0          0         84   ldiv.o
        30          0          0          0          0         68   llshl.o
        36          0          0          0          0         68   llsshr.o
        32          0          0          0          0         68   llushr.o
        36          0          0          0          0         68   memcpya.o
        36          0          0          0          0        108   memseta.o
       472         14          0          0          0        184   printf3.o
         0          0          0          4          0          0   stdout.o
        44          0          0          0          0         80   uidiv.o
        98          0          0          0          0         92   uldiv.o
        20          0          0          0          0         68   cfrcmple.o
        56          0          0          0          0         88   d2f.o
       334          0          0          0          0        148   dadd.o
       222          0          0          0          0        100   ddiv.o
       182          0          0          0          0        176   depilogue.o
        62          0          0          0          0         80   dfixi.o
        50          0          0          0          0         76   dfixui.o
        34          0          0          0          0         76   dflti.o
        26          0          0          0          0         76   dfltui.o
       228          0          0          0          0         96   dmul.o
        46          0          0          0          0         80   dscalb.o
        38          0          0          0          0         68   f2d.o
       176          0          0          0          0        140   fadd.o
       110          0          0          0          0        168   fepilogue.o
        50          0          0          0          0         68   ffixi.o
        18          0          0          0          0         68   fflti.o
       100          0          0          0          0         76   fmul.o

    ----------------------------------------------------------------------
      4792        172        424          8          0       3528   Library Totals
         8          0          3          0          0          0   (incl. Padding)

    ----------------------------------------------------------------------

      Code (inc. data)   RO Data    RW Data    ZI Data      Debug   Library Name

      1966        132        288          0          0        852   m_ws.l
      1066         40        133          8          0       1024   mc_w.l
      1752          0          0          0          0       1652   mf_w.l

    ----------------------------------------------------------------------
      4792        172        424          8          0       3528   Library Totals

    ----------------------------------------------------------------------

==============================================================================


      Code (inc. data)   RO Data    RW Data    ZI Data      Debug   

     21148       1672        780        792      18912     483132   Grand Totals
     21148       1672        780        172      18912     483132   ELF Image Totals (compressed)
     21148       1672        780        172          0          0   ROM Totals

==============================================================================

    Total RO  Size (Code + RO Data)                21928 (  21.41kB)
    Total RW  Size (RW Data + ZI Data)             19704 (  19.24kB)
    Total ROM Size (Code + RO Data + RW Data)      22100 (  21.58kB)

==============================================================================

