Component: ARM Compiler 5.06 (build 20) Tool: armlink [4d35a3]

==============================================================================

Section Cross References

    main.o(i.main) refers to system.o(i.systemLaunch) for systemLaunch
    main.o(i.main) refers to tasks.o(i.vTaskStartScheduler) for vTaskStartScheduler
    stm32f10x_it.o(i.DMA1_Channel4_IRQHandler) refers to stm32_qdcpt_usart.o(i.uartDmaIsr) for uartDmaIsr
    stm32f10x_it.o(i.EXTI0_IRQHandler) refers to stm32_qdcpt_exti.o(i.extiInterruptHandler) for extiInterruptHandler
    stm32f10x_it.o(i.I2C2_ER_IRQHandler) refers to stm32_qdcpt_i2c_routines.o(i.i2cErrorInterruptHandlerI2c2) for i2cErrorInterruptHandlerI2c2
    stm32f10x_it.o(i.I2C2_EV_IRQHandler) refers to stm32_qdcpt_i2c_routines.o(i.i2cInterruptHandlerI2c2) for i2cInterruptHandlerI2c2
    stm32f10x_it.o(i.USART1_IRQHandler) refers to stm32_qdcpt_usart.o(i.uartIsr) for uartIsr
    radiolink.o(i.RadioTask) refers to tasks.o(i.xTaskGetTickCount) for xTaskGetTickCount
    radiolink.o(i.RadioTask) refers to tasks.o(i.vTaskDelayUntil) for vTaskDelayUntil
    radiolink.o(i.RadioTask) refers to nrf24l01.o(i.nrfReadReg) for nrfReadReg
    radiolink.o(i.RadioTask) refers to nrf24l01.o(i.nrfSetEnable) for nrfSetEnable
    radiolink.o(i.RadioTask) refers to nrf24l01.o(i.nrfRxLength) for nrfRxLength
    radiolink.o(i.RadioTask) refers to nrf24l01.o(i.nrfFlushRx) for nrfFlushRx
    radiolink.o(i.RadioTask) refers to nrf24l01.o(i.nrfRxPayload) for nrfRxPayload
    radiolink.o(i.RadioTask) refers to queue.o(i.xQueueGenericSend) for xQueueGenericSend
    radiolink.o(i.RadioTask) refers to queue.o(i.xQueueGenericReceive) for xQueueGenericReceive
    radiolink.o(i.RadioTask) refers to nrf24l01.o(i.nrfWriteAck) for nrfWriteAck
    radiolink.o(i.RadioTask) refers to queue.o(i.uxQueueMessagesWaiting) for uxQueueMessagesWaiting
    radiolink.o(i.RadioTask) refers to nrf24l01.o(i.nrfFlushTx) for nrfFlushTx
    radiolink.o(i.RadioTask) refers to nrf24l01.o(i.nrfWriteReg) for nrfWriteReg
    radiolink.o(i.RadioTask) refers to radiolink.o(.data) for .data
    radiolink.o(i.RadioTask) refers to radiolink.o(.bss) for .bss
    radiolink.o(i.nrf24l01Check) refers to nrf24l01.o(i.nrfWriteBuf) for nrfWriteBuf
    radiolink.o(i.nrf24l01Check) refers to nrf24l01.o(i.nrfReadBuf) for nrfReadBuf
    radiolink.o(i.radioIsConnected) refers to tasks.o(i.xTaskGetTickCount) for xTaskGetTickCount
    radiolink.o(i.radioIsConnected) refers to radiolink.o(.data) for .data
    radiolink.o(i.radioReceivePacket) refers to queue.o(i.xQueueGenericReceive) for xQueueGenericReceive
    radiolink.o(i.radioReceivePacket) refers to radiolink.o(.data) for .data
    radiolink.o(i.radioReset) refers to queue.o(i.xQueueGenericReset) for xQueueGenericReset
    radiolink.o(i.radioReset) refers to nrf24l01.o(i.nrfFlushTx) for nrfFlushTx
    radiolink.o(i.radioReset) refers to radiolink.o(.data) for .data
    radiolink.o(i.radioSendPacket) refers to queue.o(i.xQueueGenericSend) for xQueueGenericSend
    radiolink.o(i.radioSendPacket) refers to radiolink.o(.data) for .data
    radiolink.o(i.radioSetEnable) refers to nrf24l01.o(i.nrfSetEnable) for nrfSetEnable
    radiolink.o(i.radioSetEnable) refers to radiolink.o(.data) for .data
    radiolink.o(i.radiolinkGetLink) refers to radiolink.o(.data) for .data
    radiolink.o(i.radiolinkInit) refers to nrf24l01.o(i.nrfSpiInit) for nrfSpiInit
    radiolink.o(i.radiolinkInit) refers to radiolink.o(i.nrf24l01Check) for nrf24l01Check
    radiolink.o(i.radiolinkInit) refers to tasks.o(i.vTaskSetApplicationTaskTag) for vTaskSetApplicationTaskTag
    radiolink.o(i.radiolinkInit) refers to queue.o(i.xQueueGenericCreate) for xQueueGenericCreate
    radiolink.o(i.radiolinkInit) refers to radiolink.o(i.radiolinkInitNRF24L01P) for radiolinkInitNRF24L01P
    radiolink.o(i.radiolinkInit) refers to tasks.o(i.xTaskGenericCreate) for xTaskGenericCreate
    radiolink.o(i.radiolinkInit) refers to radiolink.o(.data) for .data
    radiolink.o(i.radiolinkInit) refers to radiolink.o(i.RadioTask) for RadioTask
    radiolink.o(i.radiolinkInitNRF24L01P) refers to stm32f10x_gpio.o(i.GPIO_ResetBits) for GPIO_ResetBits
    radiolink.o(i.radiolinkInitNRF24L01P) refers to nrf24l01.o(i.nrfSetRxAddress) for nrfSetRxAddress
    radiolink.o(i.radiolinkInitNRF24L01P) refers to nrf24l01.o(i.nrfSetTxAddress) for nrfSetTxAddress
    radiolink.o(i.radiolinkInitNRF24L01P) refers to nrf24l01.o(i.nrfWriteReg) for nrfWriteReg
    radiolink.o(i.radiolinkInitNRF24L01P) refers to nrf24l01.o(i.nrfSetChannel) for nrfSetChannel
    radiolink.o(i.radiolinkInitNRF24L01P) refers to nrf24l01.o(i.nrfSetDateRate) for nrfSetDateRate
    radiolink.o(i.radiolinkInitNRF24L01P) refers to nrf24l01.o(i.nrfFlushRx) for nrfFlushRx
    radiolink.o(i.radiolinkInitNRF24L01P) refers to nrf24l01.o(i.nrfFlushTx) for nrfFlushTx
    radiolink.o(i.radiolinkInitNRF24L01P) refers to nrf24l01.o(i.nrfActivate) for nrfActivate
[...]
    I2C_SoftwareResetCmd                     0x08001775   Thumb Code    24  stm32f10x_i2c.o(i.I2C_SoftwareResetCmd)
    LedseqInit                               0x0800178d   Thumb Code   124  ledseq.o(i.LedseqInit)
    LedseqRun                                0x08001821   Thumb Code    94  ledseq.o(i.LedseqRun)
    LedseqTest                               0x08001889   Thumb Code     6  ledseq.o(i.LedseqTest)
    MemManage_Handler                        0x08001895   Thumb Code     2  stm32f10x_it.o(i.MemManage_Handler)
    NMI_Handler                              0x08001897   Thumb Code     2  stm32f10x_it.o(i.NMI_Handler)
    NVIC_Init                                0x08001899   Thumb Code    96  misc.o(i.NVIC_Init)
    RCC_AHBPeriphClockCmd                    0x080018fd   Thumb Code    22  stm32f10x_rcc.o(i.RCC_AHBPeriphClockCmd)
    RCC_APB1PeriphClockCmd                   0x08001919   Thumb Code    22  stm32f10x_rcc.o(i.RCC_APB1PeriphClockCmd)
    RCC_APB1PeriphResetCmd                   0x08001935   Thumb Code    22  stm32f10x_rcc.o(i.RCC_APB1PeriphResetCmd)
    RCC_APB2PeriphClockCmd                   0x08001951   Thumb Code    22  stm32f10x_rcc.o(i.RCC_APB2PeriphClockCmd)
    RCC_APB2PeriphResetCmd                   0x0800196d   Thumb Code    22  stm32f10x_rcc.o(i.RCC_APB2PeriphResetCmd)
    RCC_GetClocksFreq                        0x08001989   Thumb Code   154  stm32f10x_rcc.o(i.RCC_GetClocksFreq)
    SPI_Cmd                                  0x08001bc9   Thumb Code    24  stm32f10x_spi.o(i.SPI_Cmd)
    SPI_I2S_GetFlagStatus                    0x08001be1   Thumb Code    14  stm32f10x_spi.o(i.SPI_I2S_GetFlagStatus)
    SPI_I2S_ReceiveData                      0x08001bef   Thumb Code     4  stm32f10x_spi.o(i.SPI_I2S_ReceiveData)
    SPI_I2S_SendData                         0x08001bf3   Thumb Code     4  stm32f10x_spi.o(i.SPI_I2S_SendData)
    SPI_Init                                 0x08001bf7   Thumb Code    56  stm32f10x_spi.o(i.SPI_Init)
    StationLink                              0x08001d19   Thumb Code    98  stabilizer.o(i.StationLink)
    Stm32QdcptInitLed                        0x08001d85   Thumb Code    50  stm32_qdcpt_led.o(i.Stm32QdcptInitLed)
    Stm32QdcptLedSet                         0x08001dbd   Thumb Code    52  stm32_qdcpt_led.o(i.Stm32QdcptLedSet)
    Stm32QdcptLedToggle                      0x08001df5   Thumb Code    36  stm32_qdcpt_led.o(i.Stm32QdcptLedToggle)
    SystemInit                               0x08001e1d   Thumb Code    64  system_stm32f10x.o(i.SystemInit)
    TIM_ARRPreloadConfig                     0x08001e6d   Thumb Code    24  stm32f10x_tim.o(i.TIM_ARRPreloadConfig)
    TIM_Cmd                                  0x08001e85   Thumb Code    24  stm32f10x_tim.o(i.TIM_Cmd)
    TIM_CtrlPWMOutputs                       0x08001e9d   Thumb Code    28  stm32f10x_tim.o(i.TIM_CtrlPWMOutputs)
    TIM_OC1Init                              0x08001eb9   Thumb Code   114  stm32f10x_tim.o(i.TIM_OC1Init)
    TIM_OC1PreloadConfig                     0x08001f41   Thumb Code    12  stm32f10x_tim.o(i.TIM_OC1PreloadConfig)
    TIM_OC2Init                              0x08001f4d   Thumb Code   128  stm32f10x_tim.o(i.TIM_OC2Init)
    TIM_OC2PreloadConfig                     0x08001fd5   Thumb Code    20  stm32f10x_tim.o(i.TIM_OC2PreloadConfig)
    TIM_OC3Init                              0x08001fe9   Thumb Code   124  stm32f10x_tim.o(i.TIM_OC3Init)
    TIM_OC3PreloadConfig                     0x0800206d   Thumb Code    12  stm32f10x_tim.o(i.TIM_OC3PreloadConfig)
    TIM_OC4Init                              0x08002079   Thumb Code    94  stm32f10x_tim.o(i.TIM_OC4Init)
    TIM_OC4PreloadConfig                     0x080020e1   Thumb Code    20  stm32f10x_tim.o(i.TIM_OC4PreloadConfig)
    TIM_SetCompare1                          0x080020f5   Thumb Code     4  stm32f10x_tim.o(i.TIM_SetCompare1)
    TIM_SetCompare2                          0x080020f9   Thumb Code     4  stm32f10x_tim.o(i.TIM_SetCompare2)
    TIM_SetCompare3                          0x080020fd   Thumb Code     4  stm32f10x_tim.o(i.TIM_SetCompare3)
    TIM_SetCompare4                          0x08002101   Thumb Code     6  stm32f10x_tim.o(i.TIM_SetCompare4)
    TIM_TimeBaseInit                         0x08002109   Thumb Code   114  stm32f10x_tim.o(i.TIM_TimeBaseInit)
    USART1_IRQHandler                        0x080021a5   Thumb Code     4  stm32f10x_it.o(i.USART1_IRQHandler)
    USART_ClearITPendingBit                  0x080021a9   Thumb Code    16  stm32f10x_usart.o(i.USART_ClearITPendingBit)
    USART_DMACmd                             0x080021b9   Thumb Code    20  stm32f10x_usart.o(i.USART_DMACmd)
    USART_GetFlagStatus                      0x080021cd   Thumb Code    14  stm32f10x_usart.o(i.USART_GetFlagStatus)
    USART_GetITStatus                        0x080021db   Thumb Code    64  stm32f10x_usart.o(i.USART_GetITStatus)
    USART_ITConfig                           0x0800221b   Thumb Code    54  stm32f10x_usart.o(i.USART_ITConfig)
    USART_ReceiveData                        0x08002251   Thumb Code     8  stm32f10x_usart.o(i.USART_ReceiveData)
    USART_SendData                           0x08002259   Thumb Code     8  stm32f10x_usart.o(i.USART_SendData)
    UsageFault_Handler                       0x080022a1   Thumb Code     2  stm32f10x_it.o(i.UsageFault_Handler)
    __0printf$3                              0x080022a5   Thumb Code    22  printf3.o(i.__0printf$3)
    __1printf$3                              0x080022a5   Thumb Code     0  printf3.o(i.__0printf$3)
    __2printf                                0x080022a5   Thumb Code     0  printf3.o(i.__0printf$3)
    __ARM_fpclassify                         0x080022c5   Thumb Code    40  fpclassify.o(i.__ARM_fpclassify)
    __ieee754_rem_pio2                       0x080022ed   Thumb Code   828  rred.o(i.__ieee754_rem_pio2)
    __kernel_cos                             0x08002675   Thumb Code   230  cos_i.o(i.__kernel_cos)
    __kernel_poly                            0x08002771   Thumb Code   170  poly.o(i.__kernel_poly)
    __kernel_sin                             0x0800281d   Thumb Code   224  sin_i.o(i.__kernel_sin)
    __mathlib_dbl_divzero                    0x08002909   Thumb Code    12  dunder.o(i.__mathlib_dbl_divzero)
    __mathlib_dbl_infnan                     0x08002919   Thumb Code     6  dunder.o(i.__mathlib_dbl_infnan)
    __mathlib_dbl_infnan2                    0x0800291f   Thumb Code     4  dunder.o(i.__mathlib_dbl_infnan2)
    __mathlib_dbl_invalid                    0x08002923   Thumb Code    12  dunder.o(i.__mathlib_dbl_invalid)
    __mathlib_dbl_overflow                   0x0800292f   Thumb Code    14  dunder.o(i.__mathlib_dbl_overflow)
    __mathlib_dbl_underflow                  0x0800293d   Thumb Code    10  dunder.o(i.__mathlib_dbl_underflow)
    __scatterload_copy                       0x0800294d   Thumb Code    14  handlers.o(i.__scatterload_copy)
    __scatterload_null                       0x0800295b   Thumb Code     2  handlers.o(i.__scatterload_null)
    __scatterload_zeroinit                   0x0800295d   Thumb Code    14  handlers.o(i.__scatterload_zeroinit)
    __set_errno                              0x0800296d   Thumb Code     6  errno.o(i.__set_errno)
    adcDmaStart                              0x08002b8d   Thumb Code    24  stm32_qdcpt_adc.o(i.adcDmaStart)
    adcGetBatteryVolReal                     0x08002bad   Thumb Code    36  stm32_qdcpt_adc.o(i.adcGetBatteryVolReal)
    adcInit                                  0x08002bdd   Thumb Code   124  stm32_qdcpt_adc.o(i.adcInit)
    adcTest                                  0x08002c65   Thumb Code     6  stm32_qdcpt_adc.o(i.adcTest)
    asin                                     0x08002c71   Thumb Code   572  asin.o(i.asin)
    assertFail                               0x08002ee1   Thumb Code    36  cfassert.o(i.assertFail)
    atan                                     0x08002f31   Thumb Code   474  atan.o(i.atan)
    atan2                                    0x08003151   Thumb Code   346  atan2.o(i.atan2)
    commInit                                 0x080032d1   Thumb Code    32  comm.o(i.commInit)
    commanderGetAltHold                      0x08003335   Thumb Code    76  commander.o(i.commanderGetAltHold)
    commanderGetInactivityTime               0x0800338d   Thumb Code    14  commander.o(i.commanderGetInactivityTime)
    commanderGetRPY                          0x080033a1   Thumb Code    58  commander.o(i.commanderGetRPY)
    commanderGetRPYType                      0x080033e5   Thumb Code    12  commander.o(i.commanderGetRPYType)
    commanderGetThrust                       0x080033f1   Thumb Code    40  commander.o(i.commanderGetThrust)
    commanderInit                            0x08003421   Thumb Code    70  commander.o(i.commanderInit)
    commanderWatchdog                        0x08003479   Thumb Code    64  commander.o(i.commanderWatchdog)
    consolePutchar                           0x080034d1   Thumb Code    68  console.o(i.consolePutchar)
    controllerCorrectAttitudePID             0x08003569   Thumb Code   148  controller.o(i.controllerCorrectAttitudePID)
    controllerCorrectRatePID                 0x0800360d   Thumb Code   222  controller.o(i.controllerCorrectRatePID)
    controllerGetActuatorOutput              0x080036f9   Thumb Code    18  controller.o(i.controllerGetActuatorOutput)
    controllerInit                           0x08003711   Thumb Code   196  controller.o(i.controllerInit)
    controllerResetAllPID                    0x080037fd   Thumb Code    52  controller.o(i.controllerResetAllPID)
    controllerTest                           0x08003835   Thumb Code     6  controller.o(i.controllerTest)
    cos                                      0x08003841   Thumb Code   148  cos.o(i.cos)
    crtpInit                                 0x080038dd   Thumb Code    72  crtp.o(i.crtpInit)
    crtpInitTaskQueue                        0x08003941   Thumb Code    40  crtp.o(i.crtpInitTaskQueue)
    crtpReceivePacketBlock                   0x080039a1   Thumb Code    56  crtp.o(i.crtpReceivePacketBlock)
    crtpRegisterPortCB                       0x08003a0d   Thumb Code    12  crtp.o(i.crtpRegisterPortCB)
    crtpSendPacketBlock                      0x08003a75   Thumb Code    38  crtp.o(i.crtpSendPacketBlock)
    crtpSetLink                              0x08003ac1   Thumb Code    42  crtp.o(i.crtpSetLink)
    eprintf                                  0x08003bdd   Thumb Code    18  eprintf.o(i.eprintf)
    evprintf                                 0x08003bef   Thumb Code   286  eprintf.o(i.evprintf)
    extiInterruptHandler                     0x08003d0d   Thumb Code    28  stm32_qdcpt_exti.o(i.extiInterruptHandler)
    fputc                                    0x08003d29   Thumb Code    30  stm32print.o(i.fputc)
    get_int_len                              0x08003d4d   Thumb Code    20  eprintf.o(i.get_int_len)
    i2cErrorInterruptHandlerI2c2             0x08003d61   Thumb Code    76  stm32_qdcpt_i2c_routines.o(i.i2cErrorInterruptHandlerI2c2)
    i2cInterruptHandlerI2c2                  0x08003db1   Thumb Code   252  stm32_qdcpt_i2c_routines.o(i.i2cInterruptHandlerI2c2)
    i2cdevInit                               0x08003ec5   Thumb Code   136  stm32_qdcpt_i2c.o(i.i2cdevInit)
    i2cdevRead                               0x08003f55   Thumb Code    82  stm32_qdcpt_i2c.o(i.i2cdevRead)
    i2cdevReadBits                           0x08003fa7   Thumb Code    46  stm32_qdcpt_i2c.o(i.i2cdevReadBits)
    i2cdevReadByte                           0x08003fd5   Thumb Code    12  stm32_qdcpt_i2c.o(i.i2cdevReadByte)
    i2cdevWrite                              0x08004159   Thumb Code   100  stm32_qdcpt_i2c.o(i.i2cdevWrite)
    i2cdevWriteBit                           0x080041c1   Thumb Code    74  stm32_qdcpt_i2c.o(i.i2cdevWriteBit)
    i2cdevWriteBits                          0x0800420b   Thumb Code    80  stm32_qdcpt_i2c.o(i.i2cdevWriteBits)
    i2cdevWriteByte                          0x0800425b   Thumb Code    18  stm32_qdcpt_i2c.o(i.i2cdevWriteByte)
    iirLPFilterSingle                        0x0800426d   Thumb Code    46  filter.o(i.iirLPFilterSingle)
    imu6Init                                 0x0800429d   Thumb Code   242  imu.o(i.imu6Init)
    imu6IsCalibrated                         0x080043a9   Thumb Code     6  imu.o(i.imu6IsCalibrated)
    imu6Read                                 0x080043b5   Thumb Code   252  imu.o(i.imu6Read)
    imu6Test                                 0x080044c5   Thumb Code    36  imu.o(i.imu6Test)
    imuHasBarometer                          0x08004799   Thumb Code     6  imu.o(i.imuHasBarometer)
    main                                     0x08004893   Thumb Code    10  main.o(i.main)
    motorsInit                               0x0800489d   Thumb Code   202  motors.o(i.motorsInit)
    motorsSetRatio                           0x08004971   Thumb Code    48  motors.o(i.motorsSetRatio)
    motorsTest                               0x080049a1   Thumb Code   124  motors.o(i.motorsTest)
    mpu6050EvaluateSelfTest                  0x08004a21   Thumb Code    90  mpu6050.o(i.mpu6050EvaluateSelfTest)
    mpu6050GetDeviceID                       0x08004a85   Thumb Code    28  mpu6050.o(i.mpu6050GetDeviceID)
    mpu6050GetFullScaleAccelGPL              0x08004aa9   Thumb Code    48  mpu6050.o(i.mpu6050GetFullScaleAccelGPL)
    mpu6050GetFullScaleAccelRangeId          0x08004add   Thumb Code    28  mpu6050.o(i.mpu6050GetFullScaleAccelRangeId)
    mpu6050GetFullScaleGyroDPL               0x08004b01   Thumb Code    36  mpu6050.o(i.mpu6050GetFullScaleGyroDPL)
    mpu6050GetFullScaleGyroRangeId           0x08004b35   Thumb Code    28  mpu6050.o(i.mpu6050GetFullScaleGyroRangeId)
    mpu6050GetMotion6                        0x08004b59   Thumb Code   106  mpu6050.o(i.mpu6050GetMotion6)
    mpu6050Init                              0x08004bcd   Thumb Code    20  mpu6050.o(i.mpu6050Init)
    mpu6050Reset                             0x08004be5   Thumb Code    22  mpu6050.o(i.mpu6050Reset)
    mpu6050SelfTest                          0x08004c01   Thumb Code   506  mpu6050.o(i.mpu6050SelfTest)
    mpu6050SetAccelXSelfTest                 0x08004e45   Thumb Code    20  mpu6050.o(i.mpu6050SetAccelXSelfTest)
    mpu6050SetAccelYSelfTest                 0x08004e5d   Thumb Code    20  mpu6050.o(i.mpu6050SetAccelYSelfTest)
    mpu6050SetAccelZSelfTest                 0x08004e75   Thumb Code    20  mpu6050.o(i.mpu6050SetAccelZSelfTest)
    mpu6050SetClockSource                    0x08004e8d   Thumb Code    24  mpu6050.o(i.mpu6050SetClockSource)
    mpu6050SetDLPFMode                       0x08004ea9   Thumb Code    24  mpu6050.o(i.mpu6050SetDLPFMode)
    mpu6050SetFullScaleAccelRange            0x08004ec5   Thumb Code    24  mpu6050.o(i.mpu6050SetFullScaleAccelRange)
    mpu6050SetFullScaleGyroRange             0x08004ee1   Thumb Code    24  mpu6050.o(i.mpu6050SetFullScaleGyroRange)
    mpu6050SetGyroXSelfTest                  0x08004efd   Thumb Code    20  mpu6050.o(i.mpu6050SetGyroXSelfTest)
    mpu6050SetGyroYSelfTest                  0x08004f15   Thumb Code    20  mpu6050.o(i.mpu6050SetGyroYSelfTest)
    mpu6050SetGyroZSelfTest                  0x08004f2d   Thumb Code    20  mpu6050.o(i.mpu6050SetGyroZSelfTest)
    mpu6050SetI2CBypassEnabled               0x08004f45   Thumb Code    20  mpu6050.o(i.mpu6050SetI2CBypassEnabled)
    mpu6050SetI2CMasterModeEnabled           0x08004f5d   Thumb Code    20  mpu6050.o(i.mpu6050SetI2CMasterModeEnabled)
    mpu6050SetIntEnabled                     0x08004f75   Thumb Code    14  mpu6050.o(i.mpu6050SetIntEnabled)
    mpu6050SetRate                           0x08004f89   Thumb Code    14  mpu6050.o(i.mpu6050SetRate)
    mpu6050SetSleepEnabled                   0x08004f9d   Thumb Code    20  mpu6050.o(i.mpu6050SetSleepEnabled)
    mpu6050SetTempSensorEnabled              0x08004fb5   Thumb Code    24  mpu6050.o(i.mpu6050SetTempSensorEnabled)
    mpu6050TestConnection                    0x08004fd1   Thumb Code    18  mpu6050.o(i.mpu6050TestConnection)
    ms5611CalcDeltaTemp                      0x08004fe5   Thumb Code    18  ms5611.o(i.ms5611CalcDeltaTemp)
    ms5611CalcPressure                       0x08004ffd   Thumb Code   172  ms5611.o(i.ms5611CalcPressure)
    ms5611CalcTemp                           0x080050b1   Thumb Code    72  ms5611.o(i.ms5611CalcTemp)
    ms5611EvaluateSelfTest                   0x08005101   Thumb Code    32  ms5611.o(i.ms5611EvaluateSelfTest)
    ms5611GetConversion                      0x08005121   Thumb Code    54  ms5611.o(i.ms5611GetConversion)
    ms5611GetData                            0x0800515d   Thumb Code   118  ms5611.o(i.ms5611GetData)
    ms5611Init                               0x080051d9   Thumb Code    46  ms5611.o(i.ms5611Init)
    ms5611PressureToAltitude                 0x0800520d   Thumb Code    72  ms5611.o(i.ms5611PressureToAltitude)
    ms5611ReadPROM                           0x08005275   Thumb Code    76  ms5611.o(i.ms5611ReadPROM)
    ms5611Reset                              0x080052c9   Thumb Code    14  ms5611.o(i.ms5611Reset)
    ms5611SelfTest                           0x080052dd   Thumb Code   116  ms5611.o(i.ms5611SelfTest)
    ms5611StartConversion                    0x0800537d   Thumb Code    14  ms5611.o(i.ms5611StartConversion)
    nrf24l01Check                            0x08005399   Thumb Code    60  radiolink.o(i.nrf24l01Check)
    nrfActivate                              0x080053dd   Thumb Code    38  nrf24l01.o(i.nrfActivate)
    nrfFlushRx                               0x08005409   Thumb Code    38  nrf24l01.o(i.nrfFlushRx)
    nrfFlushTx                               0x08005435   Thumb Code    38  nrf24l01.o(i.nrfFlushTx)
    nrfIsr                                   0x08005461   Thumb Code    12  stm32_qdcpt_exti.o(i.nrfIsr)
    nrfReadBuf                               0x08005471   Thumb Code    66  nrf24l01.o(i.nrfReadBuf)
    nrfReadReg                               0x080054b9   Thumb Code    16  nrf24l01.o(i.nrfReadReg)
    nrfRxLength                              0x080054c9   Thumb Code    38  nrf24l01.o(i.nrfRxLength)
    nrfRxPayload                             0x080054f5   Thumb Code    62  nrf24l01.o(i.nrfRxPayload)
    nrfSetChannel                            0x08005539   Thumb Code    14  nrf24l01.o(i.nrfSetChannel)
    nrfSetDateRate                           0x08005547   Thumb Code    26  nrf24l01.o(i.nrfSetDateRate)
    nrfSetEnable                             0x08005561   Thumb Code    22  nrf24l01.o(i.nrfSetEnable)
    nrfSetRxAddress                          0x0800557d   Thumb Code    16  nrf24l01.o(i.nrfSetRxAddress)
    nrfSetTxAddress                          0x0800558d   Thumb Code    10  nrf24l01.o(i.nrfSetTxAddress)
    nrfSpiInit                               0x08005599   Thumb Code   188  nrf24l01.o(i.nrfSpiInit)
    nrfWriteAck                              0x08005661   Thumb Code    88  nrf24l01.o(i.nrfWriteAck)
    nrfWriteBuf                              0x080056c1   Thumb Code    68  nrf24l01.o(i.nrfWriteBuf)
    nrfWriteReg                              0x08005709   Thumb Code    12  nrf24l01.o(i.nrfWriteReg)
    pidCrtlTask                              0x08005735   Thumb Code   254  pidctrl.o(i.pidCrtlTask)
    pidCtrlInit                              0x08005851   Thumb Code    38  pidctrl.o(i.pidCtrlInit)
    pidInit                                  0x08005885   Thumb Code    36  pid.o(i.pidInit)
    pidReset                                 0x080058b1   Thumb Code    12  pid.o(i.pidReset)
    pidSetDesired                            0x080058bd   Thumb Code     4  pid.o(i.pidSetDesired)
    pidSetError                              0x080058c1   Thumb Code     4  pid.o(i.pidSetError)
    pidSetIntegralLimit                      0x080058c5   Thumb Code     4  pid.o(i.pidSetIntegralLimit)
    pidSetKd                                 0x080058c9   Thumb Code     4  pid.o(i.pidSetKd)
    pidSetKi                                 0x080058cd   Thumb Code     4  pid.o(i.pidSetKi)
    pidSetKp                                 0x080058d1   Thumb Code     4  pid.o(i.pidSetKp)
    pidUpdate                                0x080058d5   Thumb Code   138  pid.o(i.pidUpdate)
    pmBatteryUpdate                          0x0800595f   Thumb Code     4  pm.o(i.pmBatteryUpdate)
    pmGetBatteryVoltage                      0x08005965   Thumb Code     6  pm.o(i.pmGetBatteryVoltage)
    pmInit                                   0x08005971   Thumb Code   212  pm.o(i.pmInit)
    pmSetChargeState                         0x08005a85   Thumb Code    82  pm.o(i.pmSetChargeState)
    pmTask                                   0x08005aed   Thumb Code   178  pm.o(i.pmTask)
    pmTest                                   0x08005bb9   Thumb Code     6  pm.o(i.pmTest)
    pmUpdateState                            0x08005bc5   Thumb Code    26  pm.o(i.pmUpdateState)
    pow                                      0x08005be5   Thumb Code  2512  pow.o(i.pow)
    power                                    0x080065bd   Thumb Code    18  eprintf.o(i.power)
    pvPortMalloc                             0x08006b89   Thumb Code   140  heap_4.o(i.pvPortMalloc)
    pvTimerGetTimerID                        0x08006c19   Thumb Code     4  timers.o(i.pvTimerGetTimerID)
    pxPortInitialiseStack                    0x08006c1d   Thumb Code    20  port.o(i.pxPortInitialiseStack)
    radioReceivePacket                       0x08006c51   Thumb Code    20  radiolink.o(i.radioReceivePacket)
    radioReset                               0x08006c69   Thumb Code    20  radiolink.o(i.radioReset)
    radioSendPacket                          0x08006c81   Thumb Code    20  radiolink.o(i.radioSendPacket)
    radioSetEnable                           0x08006c99   Thumb Code    18  radiolink.o(i.radioSetEnable)
    radiolinkGetLink                         0x08006cb1   Thumb Code     4  radiolink.o(i.radiolinkGetLink)
    radiolinkInit                            0x08006cb9   Thumb Code    92  radiolink.o(i.radiolinkInit)
    sensfusion6GetAccZWithoutGravity         0x08006e25   Thumb Code   200  sensfusion6.o(i.sensfusion6GetAccZWithoutGravity)
    sensfusion6GetEulerRPY                   0x08006ef5   Thumb Code   358  sensfusion6.o(i.sensfusion6GetEulerRPY)
    sensfusion6Init                          0x08007071   Thumb Code    14  sensfusion6.o(i.sensfusion6Init)
    sensfusion6Test                          0x08007085   Thumb Code     6  sensfusion6.o(i.sensfusion6Test)
    sensfusion6UpdateQ                       0x08007091   Thumb Code   908  sensfusion6.o(i.sensfusion6UpdateQ)
    sin                                      0x0800742d   Thumb Code   150  sin.o(i.sin)
    sqrt                                     0x080074cd   Thumb Code    76  sqrt.o(i.sqrt)
    stabilizerInit                           0x080076fd   Thumb Code    66  stabilizer.o(i.stabilizerInit)
    stabilizerTest                           0x08007959   Thumb Code    32  stabilizer.o(i.stabilizerTest)
    systemCanFly                             0x08007979   Thumb Code     6  system.o(i.systemCanFly)
    systemInit                               0x08007985   Thumb Code    50  system.o(i.systemInit)
    systemLaunch                             0x080079bd   Thumb Code    28  system.o(i.systemLaunch)
    systemSetCanFly                          0x080079e5   Thumb Code     6  system.o(i.systemSetCanFly)
    systemStart                              0x080079f1   Thumb Code    14  system.o(i.systemStart)
    systemTest                               0x08007a69   Thumb Code    38  system.o(i.systemTest)
    systemWaitStart                          0x08007a95   Thumb Code    46  system.o(i.systemWaitStart)
    uartDmaIsr                               0x08007ac9   Thumb Code    44  stm32_qdcpt_usart.o(i.uartDmaIsr)
    uartIsr                                  0x08007afd   Thumb Code   158  stm32_qdcpt_usart.o(i.uartIsr)
    uartReceiveCRTPPacket                    0x08007ba9   Thumb Code    30  stm32_qdcpt_usart.o(i.uartReceiveCRTPPacket)
    uartSendCRTPPacket                       0x08007bcd   Thumb Code    94  stm32_qdcpt_usart.o(i.uartSendCRTPPacket)
    uxListRemove                             0x08007c3d   Thumb Code    36  list.o(i.uxListRemove)
    uxQueueMessagesWaiting                   0x08007c61   Thumb Code    18  queue.o(i.uxQueueMessagesWaiting)
    vListInitialise                          0x08007c73   Thumb Code    22  list.o(i.vListInitialise)
    vListInitialiseItem                      0x08007c89   Thumb Code     6  list.o(i.vListInitialiseItem)
    vListInsert                              0x08007c8f   Thumb Code    48  list.o(i.vListInsert)
    vListInsertEnd                           0x08007cbf   Thumb Code    24  list.o(i.vListInsertEnd)
    vPortEnterCritical                       0x08007cd9   Thumb Code    24  port.o(i.vPortEnterCritical)
    vPortExitCritical                        0x08007cf5   Thumb Code    18  port.o(i.vPortExitCritical)
    vPortFree                                0x08007d0d   Thumb Code    58  heap_4.o(i.vPortFree)
    vPortSetupTimerInterrupt                 0x08007d4d   Thumb Code    14  port.o(i.vPortSetupTimerInterrupt)
    vPortYield                               0x08007d61   Thumb Code    18  port.o(i.vPortYield)
    vQueueWaitForMessageRestricted           0x08007d79   Thumb Code    58  queue.o(i.vQueueWaitForMessageRestricted)
    vTaskDelay                               0x08007db5   Thumb Code    52  tasks.o(i.vTaskDelay)
    vTaskDelayUntil                          0x08007ded   Thumb Code    82  tasks.o(i.vTaskDelayUntil)
    vTaskMissedYield                         0x08007e45   Thumb Code     8  tasks.o(i.vTaskMissedYield)
    vTaskPlaceOnEventList                    0x08007e51   Thumb Code    52  tasks.o(i.vTaskPlaceOnEventList)
    vTaskPlaceOnEventListRestricted          0x08007e8d   Thumb Code    34  tasks.o(i.vTaskPlaceOnEventListRestricted)
    vTaskPriorityDisinherit                  0x08007eb5   Thumb Code    66  tasks.o(i.vTaskPriorityDisinherit)
    vTaskPriorityInherit                     0x08007f01   Thumb Code    94  tasks.o(i.vTaskPriorityInherit)
    vTaskSetApplicationTaskTag               0x08007f69   Thumb Code    30  tasks.o(i.vTaskSetApplicationTaskTag)
    vTaskSetTimeOutState                     0x08007f8d   Thumb Code    12  tasks.o(i.vTaskSetTimeOutState)
    vTaskStartScheduler                      0x08007f9d   Thumb Code    58  tasks.o(i.vTaskStartScheduler)
    vTaskSuspendAll                          0x08007fe9   Thumb Code    10  tasks.o(i.vTaskSuspendAll)
    vTaskSwitchContext                       0x08007ff9   Thumb Code    74  tasks.o(i.vTaskSwitchContext)
    workerInit                               0x0800804d   Thumb Code    24  worker.o(i.workerInit)
    workerLoop                               0x08008069   Thumb Code    44  worker.o(i.workerLoop)
    workerTest                               0x08008099   Thumb Code    12  worker.o(i.workerTest)
    xPortStartScheduler                      0x080080a9   Thumb Code    38  port.o(i.xPortStartScheduler)
    SysTick_Handler                          0x080080d9   Thumb Code     0  port.o(i.xPortSysTickHandler)
    xPortSysTickHandler                      0x080080d9   Thumb Code    30  port.o(i.xPortSysTickHandler)
    xQueueCreateMutex                        0x080080fd   Thumb Code    68  queue.o(i.xQueueCreateMutex)
    xQueueGenericCreate                      0x08008141   Thumb Code    66  queue.o(i.xQueueGenericCreate)
    xQueueGenericReceive                     0x08008183   Thumb Code   256  queue.o(i.xQueueGenericReceive)
    xQueueGenericReset                       0x08008283   Thumb Code    98  queue.o(i.xQueueGenericReset)
    xQueueGenericSend                        0x080082e5   Thumb Code   204  queue.o(i.xQueueGenericSend)
    xQueueGenericSendFromISR                 0x080083b1   Thumb Code    98  queue.o(i.xQueueGenericSendFromISR)
    xTaskCheckForTimeOut                     0x08008415   Thumb Code    74  tasks.o(i.xTaskCheckForTimeOut)
    xTaskGenericCreate                       0x08008465   Thumb Code   198  tasks.o(i.xTaskGenericCreate)
    xTaskGetCurrentTaskHandle                0x08008535   Thumb Code     6  tasks.o(i.xTaskGetCurrentTaskHandle)
    xTaskGetSchedulerState                   0x08008541   Thumb Code    24  tasks.o(i.xTaskGetSchedulerState)
    xTaskGetTickCount                        0x0800855d   Thumb Code    18  tasks.o(i.xTaskGetTickCount)
    xTaskIncrementTick                       0x08008575   Thumb Code   188  tasks.o(i.xTaskIncrementTick)
    xTaskRemoveFromEventList                 0x08008639   Thumb Code    84  tasks.o(i.xTaskRemoveFromEventList)
    xTaskResumeAll                           0x08008695   Thumb Code   162  tasks.o(i.xTaskResumeAll)
    xTimerCreate                             0x08008741   Thumb Code    64  timers.o(i.xTimerCreate)
    xTimerCreateTimerTask                    0x08008781   Thumb Code    46  timers.o(i.xTimerCreateTimerTask)
    xTimerGenericCommand                     0x080087c1   Thumb Code    78  timers.o(i.xTimerGenericCommand)
    __ctype_table                            0x08008900   Data         129  ctype_o.o(.constdata)
    __mathlib_zero                           0x08008a50   Data           8  qnan.o(.constdata)
    Region$$Table$$Base                      0x08008b90   Number         0  anon$$obj.o(Region$$Table)
    Region$$Table$$Limit                     0x08008bb0   Number         0  anon$$obj.o(Region$$Table)
    reg_state                                0x20000001   Data           1  radiolink.o(.data)
    dataLen                                  0x20000003   Data           1  radiolink.o(.data)
    seq_lowbat                               0x20000084   Data          16  ledseq.o(.data)
    seq_armed                                0x20000094   Data          24  ledseq.o(.data)
    seq_calibrated                           0x200000ac   Data          24  ledseq.o(.data)
    seq_alive                                0x200000c4   Data          24  ledseq.o(.data)
    seq_linkup                               0x200000dc   Data          24  ledseq.o(.data)
    seq_charged                              0x200000f4   Data          16  ledseq.o(.data)
    seq_charging                             0x20000104   Data          24  ledseq.o(.data)
    seq_bootloader                           0x2000011c   Data          24  ledseq.o(.data)
    seq_testPassed                           0x20000134   Data         120  ledseq.o(.data)
    synch                                    0x200001b4   Data           4  console.o(.data)
    canFly                                   0x200001b8   Data           1  system.o(.data)
    StartMutex                               0x200001bc   Data           4  system.o(.data)
    pmState                                  0x200001fd   Data           1  pm.o(.data)
    batteryVoltage                           0x20000208   Data           4  pm.o(.data)
    rollOutput                               0x20000216   Data           2  controller.o(.data)
    pitchOutput                              0x20000218   Data           2  controller.o(.data)
    yawOutput                                0x2000021a   Data           2  controller.o(.data)
    twoKp                                    0x2000022c   Data           4  sensfusion6.o(.data)
    twoKi                                    0x20000230   Data           4  sensfusion6.o(.data)
    integralFBx                              0x20000234   Data           4  sensfusion6.o(.data)
    integralFBy                              0x20000238   Data           4  sensfusion6.o(.data)
    integralFBz                              0x2000023c   Data           4  sensfusion6.o(.data)
    q0                                       0x20000240   Data           4  sensfusion6.o(.data)
    q1                                       0x20000244   Data           4  sensfusion6.o(.data)
    q2                                       0x20000248   Data           4  sensfusion6.o(.data)
    q3                                       0x2000024c   Data           4  sensfusion6.o(.data)
    altHold                                  0x20000254   Data           1  stabilizer.o(.data)
    setAltHold                               0x20000255   Data           1  stabilizer.o(.data)
    cnt                                      0x20000257   Data           1  stabilizer.o(.data)
    rollType                                 0x20000258   Data           1  stabilizer.o(.data)
    pitchType                                0x20000259   Data           1  stabilizer.o(.data)
    yawType                                  0x2000025a   Data           1  stabilizer.o(.data)
    actuatorThrust                           0x20000262   Data           2  stabilizer.o(.data)
    actuatorRoll                             0x20000264   Data           2  stabilizer.o(.data)
    actuatorPitch                            0x20000266   Data           2  stabilizer.o(.data)
    actuatorYaw                              0x20000268   Data           2  stabilizer.o(.data)
    attitudeCounter                          0x2000026c   Data           4  stabilizer.o(.data)
    altHoldCounter                           0x20000270   Data           4  stabilizer.o(.data)
    accWZ                                    0x20000274   Data           4  stabilizer.o(.data)
    vSpeedASL                                0x2000027c   Data           4  stabilizer.o(.data)
    vSpeedAcc                                0x20000280   Data           4  stabilizer.o(.data)
    BatVal                                   0x20000288   Data           4  stabilizer.o(.data)
    eulerRollActual                          0x200002d0   Data           4  stabilizer.o(.data)
    eulerPitchActual                         0x200002d4   Data           4  stabilizer.o(.data)
    eulerYawActual                           0x200002d8   Data           4  stabilizer.o(.data)
    eulerRollDesired                         0x200002dc   Data           4  stabilizer.o(.data)
    eulerPitchDesired                        0x200002e0   Data           4  stabilizer.o(.data)
    eulerYawDesired                          0x200002e4   Data           4  stabilizer.o(.data)
    motorPowerM4                             0x20000310   Data           4  stabilizer.o(.data)
    motorPowerM2                             0x20000314   Data           4  stabilizer.o(.data)
    motorPowerM1                             0x20000318   Data           4  stabilizer.o(.data)
    motorPowerM3                             0x2000031c   Data           4  stabilizer.o(.data)
    rxState                                  0x2000034d   Data           1  stm32_qdcpt_usart.o(.data)
    c                                        0x2000034e   Data           1  stm32_qdcpt_usart.o(.data)
    waitUntilSendDone                        0x20000350   Data           4  stm32_qdcpt_usart.o(.data)
    i2cdevDmaEventI2c2                       0x20000378   Data           4  stm32_qdcpt_i2c.o(.data)
    Buffer_Rx1                               0x2000037c   Data           4  stm32_qdcpt_i2c.o(.data)
    Buffer_Tx1                               0x20000380   Data           4  stm32_qdcpt_i2c.o(.data)
    Tx_Idx1                                  0x20000384   Data           1  stm32_qdcpt_i2c_routines.o(.data)
    Rx_Idx1                                  0x20000385   Data           1  stm32_qdcpt_i2c_routines.o(.data)
    Tx_Idx2                                  0x20000386   Data           1  stm32_qdcpt_i2c_routines.o(.data)
    Rx_Idx2                                  0x20000387   Data           1  stm32_qdcpt_i2c_routines.o(.data)
    Address                                  0x20000388   Data           1  stm32_qdcpt_i2c_routines.o(.data)
    NumbOfBytes1                             0x20000390   Data           4  stm32_qdcpt_i2c_routines.o(.data)
    NumbOfBytes2                             0x20000394   Data           4  stm32_qdcpt_i2c_routines.o(.data)
    u16BatteryVoltageAdv                     0x2000039a   Data           2  stm32_qdcpt_adc.o(.data)
    pxCurrentTCB                             0x200003b4   Data           4  tasks.o(.data)
    __stdout                                 0x20000410   Data           4  stdout.o(.data)
    pk                                       0x20000418   Data          33  radiolink.o(.bss)
    messageToPrint                           0x20000504   Data          33  console.o(.bss)
    pidRollRate                              0x20000b4c   Data          56  controller.o(.bss)
    pidPitchRate                             0x20000b84   Data          56  controller.o(.bss)
    pidYawRate                               0x20000bbc   Data          56  controller.o(.bss)
    pidRoll                                  0x20000bf4   Data          56  controller.o(.bss)
    pidPitch                                 0x20000c2c   Data          56  controller.o(.bss)
    pidYaw                                   0x20000c64   Data          56  controller.o(.bss)
    EulerData                                0x20000cb4   Data          33  stabilizer.o(.bss)
    altHoldPID                               0x20000cf0   Data          56  stabilizer.o(.bss)
    p                                        0x20000dc0   Data          33  stm32_qdcpt_usart.o(.bss)
    I2CDMA_InitStructure                     0x20000df4   Data          44  stm32_qdcpt_i2c_routines.o(.bss)
    __initial_sp                             0x20004f10   Data           0  startup_stm32f10x_md.o(STACK)



==============================================================================

Memory Map of the image

  Image Entry point : 0x080000ed

  Load Region LR_IROM1 (Base: 0x08000000, Size: 0x00008fc8, Max: 0x00020000, ABSOLUTE, COMPRESSED[0x00008c98])

    Execution Region ER_IROM1 (Base: 0x08000000, Size: 0x00008bb0, Max: 0x00020000, ABSOLUTE)

    Base Addr    Size         Type   Attr      Idx    E Section Name        Object

    0x08000000   0x000000ec   Data   RO         7498    RESET               startup_stm32f10x_md.o
    0x080000ec   0x00000000   Code   RO         7547  * .ARM.Collect$$$$00000000  mc_w.l(entry.o)
    0x080000ec   0x00000004   Code   RO         7938    .ARM.Collect$$$$00000001  mc_w.l(entry2.o)
    0x080000f0   0x00000004   Code   RO         7941    .ARM.Collect$$$$00000004  mc_w.l(entry5.o)
    0x080000f4   0x00000000   Code   RO         7943    .ARM.Collect$$$$00000008  mc_w.l(entry7b.o)
    0x080000f4   0x00000000   Code   RO         7945    .ARM.Collect$$$$0000000A  mc_w.l(entry8b.o)
    0x080000f4   0x00000008   Code   RO         7946    .ARM.Collect$$$$0000000B  mc_w.l(entry9a.o)
    0x080000fc   0x00000000   Code   RO         7948    .ARM.Collect$$$$0000000D  mc_w.l(entry10a.o)
    0x080000fc   0x00000000   Code   RO         7950    .ARM.Collect$$$$0000000F  mc_w.l(entry11a.o)
    0x080000fc   0x00000004   Code   RO         7939    .ARM.Collect$$$$00002712  mc_w.l(entry2.o)
    0x08000100   0x0000008a   Code   RO         3835    .emb_text           port.o
    0x0800018a   0x00000002   PAD
    0x0800018c   0x00000024   Code   RO         7499    .text               startup_stm32f10x_md.o
    0x080001b0   0x00000062   Code   RO         7550    .text               mc_w.l(ldiv.o)
    0x08000212   0x00000002   PAD
    0x08000214   0x00000008   Code   RO         7552    .text               mc_w.l(ctype_o.o)
    0x0800021c   0x00000024   Code   RO         7580    .text               mc_w.l(memcpya.o)
    0x08000240   0x00000024   Code   RO         7582    .text               mc_w.l(memseta.o)
    0x08000264   0x000000b0   Code   RO         7847    .text               mf_w.l(fadd.o)
    0x08000314   0x00000064   Code   RO         7849    .text               mf_w.l(fmul.o)
    0x08000378   0x0000007c   Code   RO         7851    .text               mf_w.l(fdiv.o)
    0x080003f4   0x00000018   Code   RO         7853    .text               mf_w.l(fscalb.o)
    0x0800040c   0x0000014e   Code   RO         7855    .text               mf_w.l(dadd.o)
    0x0800055a   0x000000e4   Code   RO         7857    .text               mf_w.l(dmul.o)
    0x0800063e   0x000000de   Code   RO         7859    .text               mf_w.l(ddiv.o)
    0x0800071c   0x00000012   Code   RO         7861    .text               mf_w.l(fflti.o)
    0x0800072e   0x0000000a   Code   RO         7863    .text               mf_w.l(ffltui.o)
    0x08000738   0x0000002c   Code   RO         7865    .text               mf_w.l(ffltl.o)
    0x08000764   0x00000022   Code   RO         7867    .text               mf_w.l(dflti.o)
    0x08000786   0x0000001a   Code   RO         7869    .text               mf_w.l(dfltui.o)
    0x080007a0   0x00000028   Code   RO         7871    .text               mf_w.l(dfltl.o)
    0x080007c8   0x00000032   Code   RO         7873    .text               mf_w.l(ffixi.o)
    0x080007fa   0x00000032   Code   RO         7875    .text               mf_w.l(dfixui.o)
    0x0800082c   0x00000026   Code   RO         7877    .text               mf_w.l(f2d.o)
    0x08000852   0x00000002   PAD
    0x08000854   0x00000030   Code   RO         7879    .text               mf_w.l(cdcmple.o)
    0x08000884   0x00000038   Code   RO         7881    .text               mf_w.l(d2f.o)
    0x080008bc   0x00000014   Code   RO         7883    .text               mf_w.l(cfcmple.o)
    0x080008d0   0x00000014   Code   RO         7885    .text               mf_w.l(cfrcmple.o)
    0x080008e4   0x0000002c   Code   RO         7953    .text               mc_w.l(uidiv.o)
    0x08000910   0x00000062   Code   RO         7955    .text               mc_w.l(uldiv.o)
    0x08000972   0x0000001e   Code   RO         7957    .text               mc_w.l(llshl.o)
    0x08000990   0x00000020   Code   RO         7959    .text               mc_w.l(llushr.o)
    0x080009b0   0x00000024   Code   RO         7961    .text               mc_w.l(llsshr.o)
    0x080009d4   0x00000000   Code   RO         7970    .text               mc_w.l(iusefp.o)
    0x080009d4   0x0000006e   Code   RO         7971    .text               mf_w.l(fepilogue.o)
    0x08000a42   0x000000ba   Code   RO         7973    .text               mf_w.l(depilogue.o)
    0x08000afc   0x0000002e   Code   RO         7975    .text               mf_w.l(dscalb.o)
    0x08000b2a   0x00000002   PAD
    0x08000b2c   0x00000030   Code   RO         7979    .text               mf_w.l(cdrcmple.o)
    0x08000b5c   0x00000024   Code   RO         7981    .text               mc_w.l(init.o)
    0x08000b80   0x000000a2   Code   RO         7983    .text               mf_w.l(dsqrt.o)
    0x08000c22   0x0000003e   Code   RO         7985    .text               mf_w.l(dfixi.o)
    0x08000c60   0x00000056   Code   RO         7995    .text               mc_w.l(__dczerorl2.o)
    0x08000cb6   0x00000018   Code   RO         4494    i.ADC_Cmd           stm32f10x_adc.o
    0x08000cce   0x00000018   Code   RO         4495    i.ADC_DMACmd        stm32f10x_adc.o
    0x08000ce6   0x00000002   PAD
    0x08000ce8   0x00000064   Code   RO         4496    i.ADC_DeInit        stm32f10x_adc.o
    0x08000d4c   0x00000048   Code   RO         4512    i.ADC_Init          stm32f10x_adc.o
    0x08000d94   0x00000074   Code   RO         4516    i.ADC_RegularChannelConfig  stm32f10x_adc.o
    0x08000e08   0x00000002   Code   RO          145    i.BusFault_Handler  stm32f10x_it.o
    0x08000e0a   0x00000002   Code   RO          146    i.DMA1_Channel1_IRQHandler  stm32f10x_it.o
    0x08000e0c   0x00000002   Code   RO          147    i.DMA1_Channel2_IRQHandler  stm32f10x_it.o
    0x08000e0e   0x00000002   Code   RO          148    i.DMA1_Channel3_IRQHandler  stm32f10x_it.o
    0x08000e10   0x00000004   Code   RO          149    i.DMA1_Channel4_IRQHandler  stm32f10x_it.o
    0x08000e14   0x00000002   Code   RO          150    i.DMA1_Channel5_IRQHandler  stm32f10x_it.o
    0x08000e16   0x00000002   Code   RO          151    i.DMA1_Channel6_IRQHandler  stm32f10x_it.o
    0x08000e18   0x00000002   Code   RO          152    i.DMA1_Channel7_IRQHandler  stm32f10x_it.o
    0x08000e1a   0x00000002   PAD
    0x08000e1c   0x00000018   Code   RO         5195    i.DMA_ClearFlag     stm32f10x_dma.o
    0x08000e34   0x00000018   Code   RO         5196    i.DMA_ClearITPendingBit  stm32f10x_dma.o
    0x08000e4c   0x0000001a   Code   RO         5197    i.DMA_Cmd           stm32f10x_dma.o
    0x08000e66   0x00000002   PAD
    0x08000e68   0x000000f8   Code   RO         5198    i.DMA_DeInit        stm32f10x_dma.o
    0x08000f60   0x00000014   Code   RO         5202    i.DMA_ITConfig      stm32f10x_dma.o
    0x08000f74   0x0000003a   Code   RO         5203    i.DMA_Init          stm32f10x_dma.o
    0x08000fae   0x00000002   Code   RO          153    i.DebugMon_Handler  stm32f10x_it.o
    0x08000fb0   0x00000004   Code   RO          154    i.EXTI0_IRQHandler  stm32f10x_it.o
    0x08000fb4   0x0000000c   Code   RO         5268    i.EXTI_ClearITPendingBit  stm32f10x_exti.o
    0x08000fc0   0x00000020   Code   RO         5272    i.EXTI_GetITStatus  stm32f10x_exti.o
    0x08000fe0   0x00000016   Code   RO         1315    i.FloatToByte       fp16.o
    0x08000ff6   0x000000a6   Code   RO         5627    i.GPIO_Init         stm32f10x_gpio.o
    0x0800109c   0x0000000e   Code   RO         5631    i.GPIO_ReadInputDataBit  stm32f10x_gpio.o
    0x080010aa   0x00000004   Code   RO         5634    i.GPIO_ResetBits    stm32f10x_gpio.o
    0x080010ae   0x00000004   Code   RO         5635    i.GPIO_SetBits      stm32f10x_gpio.o
    0x080010b2   0x00000002   PAD
    0x080010b4   0x00000070   Code   RO         1243    i.GetBaseThrust     stabilizer.o
    0x08001124   0x00000020   Code   RO          456    i.GetPrio           ledseq.o
    0x08001144   0x00000002   Code   RO          155    i.HardFault_Handler  stm32f10x_it.o
    0x08001146   0x00000004   Code   RO          156    i.I2C2_ER_IRQHandler  stm32f10x_it.o
    0x0800114a   0x00000004   Code   RO          157    i.I2C2_EV_IRQHandler  stm32f10x_it.o
    0x0800114e   0x00000002   PAD
    0x08001150   0x000000c8   Code   RO         3659    i.I2C_DMAConfig     stm32_qdcpt_i2c_routines.o
    0x08001218   0x00000038   Code   RO         5744    i.I2C_DeInit        stm32f10x_i2c.o
    0x08001250   0x000000c0   Code   RO         5755    i.I2C_Init          stm32f10x_i2c.o
    0x08001310   0x000001f8   Code   RO         3660    i.I2C_LowLevel_Init  stm32_qdcpt_i2c_routines.o
    0x08001508   0x0000013c   Code   RO         3661    i.I2C_Master_BufferRead  stm32_qdcpt_i2c_routines.o
    0x08001644   0x00000130   Code   RO         3662    i.I2C_Master_BufferWrite  stm32_qdcpt_i2c_routines.o
    0x08001774   0x00000018   Code   RO         5764    i.I2C_SoftwareResetCmd  stm32f10x_i2c.o
    0x0800178c   0x00000094   Code   RO          457    i.LedseqInit        ledseq.o
    0x08001820   0x00000068   Code   RO          458    i.LedseqRun         ledseq.o
    0x08001888   0x0000000c   Code   RO          461    i.LedseqTest        ledseq.o
    0x08001894   0x00000002   Code   RO          158    i.MemManage_Handler  stm32f10x_it.o
    0x08001896   0x00000002   Code   RO          159    i.NMI_Handler       stm32f10x_it.o
    0x08001898   0x00000064   Code   RO         4452    i.NVIC_Init         misc.o
    0x080018fc   0x0000001c   Code   RO         6048    i.RCC_AHBPeriphClockCmd  stm32f10x_rcc.o
    0x08001918   0x0000001c   Code   RO         6049    i.RCC_APB1PeriphClockCmd  stm32f10x_rcc.o
    0x08001934   0x0000001c   Code   RO         6050    i.RCC_APB1PeriphResetCmd  stm32f10x_rcc.o
    0x08001950   0x0000001c   Code   RO         6051    i.RCC_APB2PeriphClockCmd  stm32f10x_rcc.o
    0x0800196c   0x0000001c   Code   RO         6052    i.RCC_APB2PeriphResetCmd  stm32f10x_rcc.o
    0x08001988   0x000000ac   Code   RO         6059    i.RCC_GetClocksFreq  stm32f10x_rcc.o
    0x08001a34   0x000000bc   Code   RO          265    i.RadioTask         radiolink.o
    0x08001af0   0x000000d8   Code   RO          462    i.RunLedseq         ledseq.o
    0x08001bc8   0x00000018   Code   RO         6528    i.SPI_Cmd           stm32f10x_spi.o
    0x08001be0   0x0000000e   Code   RO         6536    i.SPI_I2S_GetFlagStatus  stm32f10x_spi.o
    0x08001bee   0x00000004   Code   RO         6539    i.SPI_I2S_ReceiveData  stm32f10x_spi.o
    0x08001bf2   0x00000004   Code   RO         6540    i.SPI_I2S_SendData  stm32f10x_spi.o
    0x08001bf6   0x00000038   Code   RO         6541    i.SPI_Init          stm32f10x_spi.o
    0x08001c2e   0x00000004   Code   RO         7462    i.SetSysClock       system_stm32f10x.o
    0x08001c32   0x00000002   PAD
    0x08001c34   0x000000b0   Code   RO         7463    i.SetSysClockTo72   system_stm32f10x.o
    0x08001ce4   0x00000034   Code   RO         1344    i.SpiByte_RW        nrf24l01.o
    0x08001d18   0x0000006c   Code   RO         1244    i.StationLink       stabilizer.o
    0x08001d84   0x00000038   Code   RO         3526    i.Stm32QdcptInitLed  stm32_qdcpt_led.o
    0x08001dbc   0x00000038   Code   RO         3527    i.Stm32QdcptLedSet  stm32_qdcpt_led.o
    0x08001df4   0x00000028   Code   RO         3528    i.Stm32QdcptLedToggle  stm32_qdcpt_led.o
    0x08001e1c   0x00000050   Code   RO         7465    i.SystemInit        system_stm32f10x.o
    0x08001e6c   0x00000018   Code   RO         6671    i.TIM_ARRPreloadConfig  stm32f10x_tim.o
    0x08001e84   0x00000018   Code   RO         6683    i.TIM_Cmd           stm32f10x_tim.o
    0x08001e9c   0x0000001c   Code   RO         6685    i.TIM_CtrlPWMOutputs  stm32f10x_tim.o
    0x08001eb8   0x00000088   Code   RO         6712    i.TIM_OC1Init       stm32f10x_tim.o
    0x08001f40   0x0000000c   Code   RO         6715    i.TIM_OC1PreloadConfig  stm32f10x_tim.o
    0x08001f4c   0x00000088   Code   RO         6717    i.TIM_OC2Init       stm32f10x_tim.o
    0x08001fd4   0x00000014   Code   RO         6720    i.TIM_OC2PreloadConfig  stm32f10x_tim.o
    0x08001fe8   0x00000084   Code   RO         6722    i.TIM_OC3Init       stm32f10x_tim.o
    0x0800206c   0x0000000c   Code   RO         6725    i.TIM_OC3PreloadConfig  stm32f10x_tim.o
    0x08002078   0x00000068   Code   RO         6727    i.TIM_OC4Init       stm32f10x_tim.o
    0x080020e0   0x00000014   Code   RO         6729    i.TIM_OC4PreloadConfig  stm32f10x_tim.o
    0x080020f4   0x00000004   Code   RO         6744    i.TIM_SetCompare1   stm32f10x_tim.o
    0x080020f8   0x00000004   Code   RO         6745    i.TIM_SetCompare2   stm32f10x_tim.o
    0x080020fc   0x00000004   Code   RO         6746    i.TIM_SetCompare3   stm32f10x_tim.o
    0x08002100   0x00000006   Code   RO         6747    i.TIM_SetCompare4   stm32f10x_tim.o
    0x08002106   0x00000002   PAD
    0x08002108   0x0000009c   Code   RO         6754    i.TIM_TimeBaseInit  stm32f10x_tim.o
    0x080021a4   0x00000004   Code   RO          160    i.USART1_IRQHandler  stm32f10x_it.o
    0x080021a8   0x00000010   Code   RO         7216    i.USART_ClearITPendingBit  stm32f10x_usart.o
    0x080021b8   0x00000014   Code   RO         7220    i.USART_DMACmd      stm32f10x_usart.o
    0x080021cc   0x0000000e   Code   RO         7222    i.USART_GetFlagStatus  stm32f10x_usart.o
    0x080021da   0x00000040   Code   RO         7223    i.USART_GetITStatus  stm32f10x_usart.o
    0x0800221a   0x00000036   Code   RO         7225    i.USART_ITConfig    stm32f10x_usart.o
    0x08002250   0x00000008   Code   RO         7233    i.USART_ReceiveData  stm32f10x_usart.o
    0x08002258   0x00000008   Code   RO         7236    i.USART_SendData    stm32f10x_usart.o
    0x08002260   0x00000040   Code   RO          463    i.UpdateActive      ledseq.o
    0x080022a0   0x00000002   Code   RO          161    i.UsageFault_Handler  stm32f10x_it.o
    0x080022a2   0x00000002   PAD
    0x080022a4   0x00000020   Code   RO         7675    i.__0printf$3       mc_w.l(printf3.o)
    0x080022c4   0x00000028   Code   RO         7914    i.__ARM_fpclassify  m_ws.l(fpclassify.o)
    0x080022ec   0x00000388   Code   RO         7919    i.__ieee754_rem_pio2  m_ws.l(rred.o)
    0x08002674   0x000000fc   Code   RO         7897    i.__kernel_cos      m_ws.l(cos_i.o)
    0x08002770   0x000000aa   Code   RO         7916    i.__kernel_poly     m_ws.l(poly.o)
    0x0800281a   0x00000002   PAD
    0x0800281c   0x000000ec   Code   RO         7924    i.__kernel_sin      m_ws.l(sin_i.o)
    0x08002908   0x00000010   Code   RO         7900    i.__mathlib_dbl_divzero  m_ws.l(dunder.o)
    0x08002918   0x00000006   Code   RO         7901    i.__mathlib_dbl_infnan  m_ws.l(dunder.o)
    0x0800291e   0x00000004   Code   RO         7902    i.__mathlib_dbl_infnan2  m_ws.l(dunder.o)
    0x08002922   0x0000000c   Code   RO         7903    i.__mathlib_dbl_invalid  m_ws.l(dunder.o)
    0x0800292e   0x0000000e   Code   RO         7904    i.__mathlib_dbl_overflow  m_ws.l(dunder.o)
    0x0800293c   0x00000010   Code   RO         7906    i.__mathlib_dbl_underflow  m_ws.l(dunder.o)
    0x0800294c   0x0000000e   Code   RO         7989    i.__scatterload_copy  mc_w.l(handlers.o)
    0x0800295a   0x00000002   Code   RO         7990    i.__scatterload_null  mc_w.l(handlers.o)
    0x0800295c   0x0000000e   Code   RO         7991    i.__scatterload_zeroinit  mc_w.l(handlers.o)
    0x0800296a   0x00000002   PAD
    0x0800296c   0x0000000c   Code   RO         7965    i.__set_errno       mc_w.l(errno.o)
    0x08002978   0x000001b8   Code   RO         7682    i._printf_core      mc_w.l(printf3.o)
    0x08002b30   0x0000005c   Code   RO         3725    i.adcDmaInit        stm32_qdcpt_adc.o
    0x08002b8c   0x00000020   Code   RO         3726    i.adcDmaStart       stm32_qdcpt_adc.o
    0x08002bac   0x00000030   Code   RO         3729    i.adcGetBatteryVolReal  stm32_qdcpt_adc.o
    0x08002bdc   0x00000088   Code   RO         3730    i.adcInit           stm32_qdcpt_adc.o
    0x08002c64   0x0000000c   Code   RO         3733    i.adcTest           stm32_qdcpt_adc.o
    0x08002c70   0x00000270   Code   RO         7504    i.asin              m_ws.l(asin.o)
    0x08002ee0   0x00000050   Code   RO         1168    i.assertFail        cfassert.o
    0x08002f30   0x00000220   Code   RO         7888    i.atan              m_ws.l(atan.o)
    0x08003150   0x00000180   Code   RO         7514    i.atan2             m_ws.l(atan2.o)
    0x080032d0   0x00000024   Code   RO          527    i.commInit          comm.o
    0x080032f4   0x00000040   Code   RO         1006    i.commanderCrtpCB   commander.o
    0x08003334   0x00000058   Code   RO         1007    i.commanderGetAltHold  commander.o
    0x0800338c   0x00000014   Code   RO         1008    i.commanderGetInactivityTime  commander.o
    0x080033a0   0x00000044   Code   RO         1009    i.commanderGetRPY   commander.o
    0x080033e4   0x0000000c   Code   RO         1010    i.commanderGetRPYType  commander.o
    0x080033f0   0x00000030   Code   RO         1011    i.commanderGetThrust  commander.o
    0x08003420   0x00000058   Code   RO         1012    i.commanderInit     commander.o
    0x08003478   0x00000048   Code   RO         1015    i.commanderWatchdog  commander.o
    0x080034c0   0x00000010   Code   RO         1016    i.commanderWatchdogReset  commander.o
    0x080034d0   0x0000004c   Code   RO          546    i.consolePutchar    console.o
    0x0800351c   0x00000014   Code   RO          548    i.consoleSendMessage  console.o
    0x08003530   0x00000036   Code   RO         1245    i.constrain         stabilizer.o
    0x08003566   0x00000002   PAD
    0x08003568   0x000000a4   Code   RO          957    i.controllerCorrectAttitudePID  controller.o
    0x0800360c   0x000000ec   Code   RO          958    i.controllerCorrectRatePID  controller.o
    0x080036f8   0x00000018   Code   RO          959    i.controllerGetActuatorOutput  controller.o
    0x08003710   0x000000ec   Code   RO          960    i.controllerInit    controller.o
    0x080037fc   0x00000038   Code   RO          961    i.controllerResetAllPID  controller.o
    0x08003834   0x0000000c   Code   RO          962    i.controllerTest    controller.o
    0x08003840   0x0000009c   Code   RO         7522    i.cos               m_ws.l(cos.o)
    0x080038dc   0x00000064   Code   RO          354    i.crtpInit          crtp.o
    0x08003940   0x00000060   Code   RO          355    i.crtpInitTaskQueue  crtp.o
    0x080039a0   0x0000006c   Code   RO          358    i.crtpReceivePacketBlock  crtp.o
    0x08003a0c   0x00000010   Code   RO          360    i.crtpRegisterPortCB  crtp.o
    0x08003a1c   0x00000058   Code   RO          362    i.crtpRxTask        crtp.o
    0x08003a74   0x0000004c   Code   RO          364    i.crtpSendPacketBlock  crtp.o
    0x08003ac0   0x00000030   Code   RO          365    i.crtpSetLink       crtp.o
    0x08003af0   0x00000028   Code   RO          367    i.crtpTxTask        crtp.o
    0x08003b18   0x00000052   Code   RO         1246    i.deadband          stabilizer.o
    0x08003b6a   0x00000002   PAD
    0x08003b6c   0x00000070   Code   RO         1247    i.distributePower   stabilizer.o
    0x08003bdc   0x00000012   Code   RO         1184    i.eprintf           eprintf.o
    0x08003bee   0x0000011e   Code   RO         1185    i.evprintf          eprintf.o
    0x08003d0c   0x0000001c   Code   RO         3551    i.extiInterruptHandler  stm32_qdcpt_exti.o
    0x08003d28   0x00000024   Code   RO         3402    i.fputc             stm32print.o
    0x08003d4c   0x00000014   Code   RO         1186    i.get_int_len       eprintf.o
    0x08003d60   0x00000050   Code   RO         3665    i.i2cErrorInterruptHandlerI2c2  stm32_qdcpt_i2c_routines.o
    0x08003db0   0x00000114   Code   RO         3667    i.i2cInterruptHandlerI2c2  stm32_qdcpt_i2c_routines.o
    0x08003ec4   0x00000090   Code   RO         3583    i.i2cdevInit        stm32_qdcpt_i2c.o
    0x08003f54   0x00000052   Code   RO         3584    i.i2cdevRead        stm32_qdcpt_i2c.o
    0x08003fa6   0x0000002e   Code   RO         3586    i.i2cdevReadBits    stm32_qdcpt_i2c.o
    0x08003fd4   0x0000000c   Code   RO         3587    i.i2cdevReadByte    stm32_qdcpt_i2c.o
    0x08003fe0   0x00000178   Code   RO         3588    i.i2cdevResetAndLowLevelInitBusI2c2  stm32_qdcpt_i2c.o
    0x08004158   0x00000068   Code   RO         3589    i.i2cdevWrite       stm32_qdcpt_i2c.o
    0x080041c0   0x0000004a   Code   RO         3590    i.i2cdevWriteBit    stm32_qdcpt_i2c.o
    0x0800420a   0x00000050   Code   RO         3591    i.i2cdevWriteBits   stm32_qdcpt_i2c.o
    0x0800425a   0x00000012   Code   RO         3592    i.i2cdevWriteByte   stm32_qdcpt_i2c.o
    0x0800426c   0x0000002e   Code   RO         1231    i.iirLPFilterSingle  filter.o
    0x0800429a   0x00000002   PAD
    0x0800429c   0x0000010c   Code   RO          691    i.imu6Init          imu.o
    0x080043a8   0x0000000c   Code   RO          692    i.imu6IsCalibrated  imu.o
    0x080043b4   0x00000110   Code   RO          693    i.imu6Read          imu.o
    0x080044c4   0x00000028   Code   RO          694    i.imu6Test          imu.o
    0x080044ec   0x000000d0   Code   RO          696    i.imuAccAlignToGravity  imu.o
    0x080045bc   0x0000003c   Code   RO          697    i.imuAccIIRLPFilter  imu.o
    0x080045f8   0x0000002c   Code   RO          698    i.imuAddBiasValue   imu.o
    0x08004624   0x0000000c   Code   RO          699    i.imuBiasInit       imu.o
    0x08004630   0x00000108   Code   RO          700    i.imuCalculateVarianceAndMean  imu.o
    0x08004738   0x00000060   Code   RO          701    i.imuFindBiasValue  imu.o
    0x08004798   0x0000000c   Code   RO          702    i.imuHasBarometer   imu.o
    0x080047a4   0x00000038   Code   RO         1089    i.invSqrt           sensfusion6.o
    0x080047dc   0x000000a0   Code   RO         1187    i.itoa              eprintf.o
    0x0800487c   0x00000016   Code   RO         1248    i.limitThrust       stabilizer.o
    0x08004892   0x0000000a   Code   RO            1    i.main              main.o
    0x0800489c   0x000000d4   Code   RO         1476    i.motorsInit        motors.o
    0x08004970   0x00000030   Code   RO         1477    i.motorsSetRatio    motors.o
    0x080049a0   0x00000080   Code   RO         1478    i.motorsTest        motors.o
    0x08004a20   0x00000064   Code   RO         1507    i.mpu6050EvaluateSelfTest  mpu6050.o
    0x08004a84   0x00000024   Code   RO         1531    i.mpu6050GetDeviceID  mpu6050.o
    0x08004aa8   0x00000034   Code   RO         1546    i.mpu6050GetFullScaleAccelGPL  mpu6050.o
    0x08004adc   0x00000024   Code   RO         1547    i.mpu6050GetFullScaleAccelRangeId  mpu6050.o
    0x08004b00   0x00000034   Code   RO         1548    i.mpu6050GetFullScaleGyroDPL  mpu6050.o
    0x08004b34   0x00000024   Code   RO         1549    i.mpu6050GetFullScaleGyroRangeId  mpu6050.o
    0x08004b58   0x00000074   Code   RO         1576    i.mpu6050GetMotion6  mpu6050.o
    0x08004bcc   0x00000018   Code   RO         1652    i.mpu6050Init       mpu6050.o
    0x08004be4   0x0000001c   Code   RO         1655    i.mpu6050Reset      mpu6050.o
    0x08004c00   0x00000244   Code   RO         1663    i.mpu6050SelfTest   mpu6050.o
    0x08004e44   0x00000018   Code   RO         1665    i.mpu6050SetAccelXSelfTest  mpu6050.o
    0x08004e5c   0x00000018   Code   RO         1666    i.mpu6050SetAccelYSelfTest  mpu6050.o
    0x08004e74   0x00000018   Code   RO         1667    i.mpu6050SetAccelZSelfTest  mpu6050.o
    0x08004e8c   0x0000001c   Code   RO         1671    i.mpu6050SetClockSource  mpu6050.o
    0x08004ea8   0x0000001c   Code   RO         1673    i.mpu6050SetDLPFMode  mpu6050.o
    0x08004ec4   0x0000001c   Code   RO         1687    i.mpu6050SetFullScaleAccelRange  mpu6050.o
    0x08004ee0   0x0000001c   Code   RO         1688    i.mpu6050SetFullScaleGyroRange  mpu6050.o
    0x08004efc   0x00000018   Code   RO         1689    i.mpu6050SetGyroXSelfTest  mpu6050.o
    0x08004f14   0x00000018   Code   RO         1690    i.mpu6050SetGyroYSelfTest  mpu6050.o
    0x08004f2c   0x00000018   Code   RO         1691    i.mpu6050SetGyroZSelfTest  mpu6050.o
    0x08004f44   0x00000018   Code   RO         1692    i.mpu6050SetI2CBypassEnabled  mpu6050.o
    0x08004f5c   0x00000018   Code   RO         1693    i.mpu6050SetI2CMasterModeEnabled  mpu6050.o
    0x08004f74   0x00000014   Code   RO         1696    i.mpu6050SetIntEnabled  mpu6050.o
    0x08004f88   0x00000014   Code   RO         1715    i.mpu6050SetRate    mpu6050.o
    0x08004f9c   0x00000018   Code   RO         1737    i.mpu6050SetSleepEnabled  mpu6050.o
    0x08004fb4   0x0000001c   Code   RO         1745    i.mpu6050SetTempSensorEnabled  mpu6050.o
    0x08004fd0   0x00000012   Code   RO         1768    i.mpu6050TestConnection  mpu6050.o
    0x08004fe2   0x00000002   PAD
    0x08004fe4   0x00000018   Code   RO         3268    i.ms5611CalcDeltaTemp  ms5611.o
    0x08004ffc   0x000000b4   Code   RO         3269    i.ms5611CalcPressure  ms5611.o
    0x080050b0   0x00000050   Code   RO         3270    i.ms5611CalcTemp    ms5611.o
    0x08005100   0x00000020   Code   RO         3271    i.ms5611EvaluateSelfTest  ms5611.o
    0x08005120   0x0000003c   Code   RO         3272    i.ms5611GetConversion  ms5611.o
    0x0800515c   0x0000007c   Code   RO         3273    i.ms5611GetData     ms5611.o
    0x080051d8   0x00000034   Code   RO         3277    i.ms5611Init        ms5611.o
    0x0800520c   0x00000068   Code   RO         3278    i.ms5611PressureToAltitude  ms5611.o
    0x08005274   0x00000054   Code   RO         3281    i.ms5611ReadPROM    ms5611.o
    0x080052c8   0x00000014   Code   RO         3282    i.ms5611Reset       ms5611.o
    0x080052dc   0x000000a0   Code   RO         3283    i.ms5611SelfTest    ms5611.o
    0x0800537c   0x00000014   Code   RO         3284    i.ms5611StartConversion  ms5611.o
    0x08005390   0x00000002   Code   RO         1017    i.mydebugCrtpCB     commander.o
    0x08005392   0x00000004   Code   RO          368    i.nopFunc           crtp.o
    0x08005396   0x00000002   PAD
    0x08005398   0x00000044   Code   RO          266    i.nrf24l01Check     radiolink.o
    0x080053dc   0x0000002c   Code   RO         1345    i.nrfActivate       nrf24l01.o
    0x08005408   0x0000002c   Code   RO         1346    i.nrfFlushRx        nrf24l01.o
    0x08005434   0x0000002c   Code   RO         1347    i.nrfFlushTx        nrf24l01.o
    0x08005460   0x00000010   Code   RO         3552    i.nrfIsr            stm32_qdcpt_exti.o
    0x08005470   0x00000048   Code   RO         1350    i.nrfReadBuf        nrf24l01.o
    0x080054b8   0x00000010   Code   RO         1351    i.nrfReadReg        nrf24l01.o
    0x080054c8   0x0000002c   Code   RO         1352    i.nrfRxLength       nrf24l01.o
    0x080054f4   0x00000044   Code   RO         1353    i.nrfRxPayload      nrf24l01.o
    0x08005538   0x0000000e   Code   RO         1354    i.nrfSetChannel     nrf24l01.o
    0x08005546   0x0000001a   Code   RO         1355    i.nrfSetDateRate    nrf24l01.o
    0x08005560   0x0000001c   Code   RO         1356    i.nrfSetEnable      nrf24l01.o
    0x0800557c   0x00000010   Code   RO         1357    i.nrfSetRxAddress   nrf24l01.o
    0x0800558c   0x0000000a   Code   RO         1358    i.nrfSetTxAddress   nrf24l01.o
    0x08005596   0x00000002   PAD
    0x08005598   0x000000c8   Code   RO         1359    i.nrfSpiInit        nrf24l01.o
    0x08005660   0x00000060   Code   RO         1360    i.nrfWriteAck       nrf24l01.o
    0x080056c0   0x00000048   Code   RO         1361    i.nrfWriteBuf       nrf24l01.o
    0x08005708   0x0000000c   Code   RO         1364    i.nrfWriteReg       nrf24l01.o
    0x08005714   0x00000020   Code   RO         1018    i.paramCrtpCB       commander.o
    0x08005734   0x0000011c   Code   RO          938    i.pidCrtlTask       pidctrl.o
    0x08005850   0x00000034   Code   RO          939    i.pidCtrlInit       pidctrl.o
    0x08005884   0x0000002c   Code   RO          852    i.pidInit           pid.o
    0x080058b0   0x0000000c   Code   RO          854    i.pidReset          pid.o
    0x080058bc   0x00000004   Code   RO          855    i.pidSetDesired     pid.o
    0x080058c0   0x00000004   Code   RO          857    i.pidSetError       pid.o
    0x080058c4   0x00000004   Code   RO          858    i.pidSetIntegralLimit  pid.o
    0x080058c8   0x00000004   Code   RO          860    i.pidSetKd          pid.o
    0x080058cc   0x00000004   Code   RO          861    i.pidSetKi          pid.o
    0x080058d0   0x00000004   Code   RO          862    i.pidSetKp          pid.o
    0x080058d4   0x0000008a   Code   RO          863    i.pidUpdate         pid.o
    0x0800595e   0x00000004   Code   RO          782    i.pmBatteryUpdate   pm.o
    0x08005962   0x00000002   PAD
    0x08005964   0x0000000c   Code   RO          783    i.pmGetBatteryVoltage  pm.o
    0x08005970   0x000000ec   Code   RO          784    i.pmInit            pm.o
    0x08005a5c   0x00000028   Code   RO          785    i.pmSetBatteryVoltage  pm.o
    0x08005a84   0x0000005c   Code   RO          786    i.pmSetChargeState  pm.o
    0x08005ae0   0x0000000c   Code   RO          787    i.pmSystemShutdown  pm.o
    0x08005aec   0x000000cc   Code   RO          788    i.pmTask            pm.o
    0x08005bb8   0x0000000c   Code   RO          789    i.pmTest            pm.o
    0x08005bc4   0x00000020   Code   RO          790    i.pmUpdateState     pm.o
    0x08005be4   0x000009d8   Code   RO         7530    i.pow               m_ws.l(pow.o)
    0x080065bc   0x00000012   Code   RO         1188    i.power             eprintf.o
    0x080065ce   0x00000002   PAD
    0x080065d0   0x00000038   Code   RO         4117    i.prvAddCurrentTaskToDelayedList  tasks.o
    0x08006608   0x00000038   Code   RO         4118    i.prvAllocateTCBAndStack  tasks.o
    0x08006640   0x00000040   Code   RO         4368    i.prvCheckForValidListAndQueue  timers.o
    0x08006680   0x00000054   Code   RO         4119    i.prvCheckTasksWaitingTermination  tasks.o
    0x080066d4   0x00000028   Code   RO         3984    i.prvCopyDataFromQueue  queue.o
    0x080066fc   0x0000006a   Code   RO         3985    i.prvCopyDataToQueue  queue.o
    0x08006766   0x00000014   Code   RO         4120    i.prvDeleteTCB      tasks.o
    0x0800677a   0x00000002   PAD
    0x0800677c   0x00000024   Code   RO         4369    i.prvGetNextExpireTime  timers.o
    0x080067a0   0x0000003c   Code   RO         3792    i.prvHeapInit       heap_4.o
    0x080067dc   0x00000018   Code   RO         4121    i.prvIdleTask       tasks.o
    0x080067f4   0x00000046   Code   RO         4122    i.prvInitialiseTCBVariables  tasks.o
    0x0800683a   0x00000002   PAD
    0x0800683c   0x00000058   Code   RO         4123    i.prvInitialiseTaskLists  tasks.o
    0x08006894   0x00000054   Code   RO         3793    i.prvInsertBlockIntoFreeList  heap_4.o
    0x080068e8   0x00000040   Code   RO         4370    i.prvInsertTimerInActiveList  timers.o
    0x08006928   0x0000001a   Code   RO         3986    i.prvIsQueueEmpty   queue.o
    0x08006942   0x0000001e   Code   RO         3987    i.prvIsQueueFull    queue.o
    0x08006960   0x0000004c   Code   RO         4371    i.prvProcessExpiredTimer  timers.o
    0x080069ac   0x00000090   Code   RO         4372    i.prvProcessReceivedCommands  timers.o
    0x08006a3c   0x0000004c   Code   RO         4373    i.prvProcessTimerOrBlockTask  timers.o
    0x08006a88   0x0000002c   Code   RO         4374    i.prvSampleTimeNow  timers.o
    0x08006ab4   0x0000005c   Code   RO         4375    i.prvSwitchTimerLists  timers.o
    0x08006b10   0x00000014   Code   RO         4376    i.prvTimerTask      timers.o
    0x08006b24   0x00000064   Code   RO         3988    i.prvUnlockQueue    queue.o
    0x08006b88   0x00000090   Code   RO         3794    i.pvPortMalloc      heap_4.o
    0x08006c18   0x00000004   Code   RO         4377    i.pvTimerGetTimerID  timers.o
    0x08006c1c   0x00000014   Code   RO         3836    i.pxPortInitialiseStack  port.o
    0x08006c30   0x00000020   Code   RO          267    i.radioIsConnected  radiolink.o
    0x08006c50   0x00000018   Code   RO          268    i.radioReceivePacket  radiolink.o
    0x08006c68   0x00000018   Code   RO          269    i.radioReset        radiolink.o
    0x08006c80   0x00000018   Code   RO          270    i.radioSendPacket   radiolink.o
    0x08006c98   0x00000018   Code   RO          271    i.radioSetEnable    radiolink.o
    0x08006cb0   0x00000008   Code   RO          272    i.radiolinkGetLink  radiolink.o
    0x08006cb8   0x00000070   Code   RO          273    i.radiolinkInit     radiolink.o
    0x08006d28   0x000000fc   Code   RO          274    i.radiolinkInitNRF24L01P  radiolink.o
    0x08006e24   0x000000d0   Code   RO         1090    i.sensfusion6GetAccZWithoutGravity  sensfusion6.o
    0x08006ef4   0x0000017c   Code   RO         1091    i.sensfusion6GetEulerRPY  sensfusion6.o
    0x08007070   0x00000014   Code   RO         1092    i.sensfusion6Init   sensfusion6.o
    0x08007084   0x0000000c   Code   RO         1093    i.sensfusion6Test   sensfusion6.o
    0x08007090   0x0000039c   Code   RO         1094    i.sensfusion6UpdateQ  sensfusion6.o
    0x0800742c   0x000000a0   Code   RO         7540    i.sin               m_ws.l(sin.o)
    0x080074cc   0x0000004c   Code   RO         7931    i.sqrt              m_ws.l(sqrt.o)
    0x08007518   0x000001e4   Code   RO         1249    i.stabilizerAltHoldUpdate  stabilizer.o
    0x080076fc   0x00000058   Code   RO         1250    i.stabilizerInit    stabilizer.o
    0x08007754   0x00000204   Code   RO         1251    i.stabilizerTask    stabilizer.o
    0x08007958   0x00000020   Code   RO         1252    i.stabilizerTest    stabilizer.o
    0x08007978   0x0000000c   Code   RO          589    i.systemCanFly      system.o
    0x08007984   0x00000038   Code   RO          590    i.systemInit        system.o
    0x080079bc   0x00000028   Code   RO          591    i.systemLaunch      system.o
    0x080079e4   0x0000000c   Code   RO          592    i.systemSetCanFly   system.o
    0x080079f0   0x00000014   Code   RO          593    i.systemStart       system.o
    0x08007a04   0x00000064   Code   RO          594    i.systemTask        system.o
    0x08007a68   0x0000002c   Code   RO          595    i.systemTest        system.o
    0x08007a94   0x00000034   Code   RO          596    i.systemWaitStart   system.o
    0x08007ac8   0x00000034   Code   RO         3424    i.uartDmaIsr        stm32_qdcpt_usart.o
    0x08007afc   0x000000ac   Code   RO         3426    i.uartIsr           stm32_qdcpt_usart.o
    0x08007ba8   0x00000024   Code   RO         3428    i.uartReceiveCRTPPacket  stm32_qdcpt_usart.o
    0x08007bcc   0x0000006c   Code   RO         3430    i.uartSendCRTPPacket  stm32_qdcpt_usart.o
    0x08007c38   0x00000004   Code   RO         3433    i.uartSetEnable     stm32_qdcpt_usart.o
    0x08007c3c   0x00000024   Code   RO         3948    i.uxListRemove      list.o
    0x08007c60   0x00000012   Code   RO         3989    i.uxQueueMessagesWaiting  queue.o
    0x08007c72   0x00000016   Code   RO         3949    i.vListInitialise   list.o
    0x08007c88   0x00000006   Code   RO         3950    i.vListInitialiseItem  list.o
    0x08007c8e   0x00000030   Code   RO         3951    i.vListInsert       list.o
    0x08007cbe   0x00000018   Code   RO         3952    i.vListInsertEnd    list.o
    0x08007cd6   0x00000002   PAD
    0x08007cd8   0x0000001c   Code   RO         3838    i.vPortEnterCritical  port.o
    0x08007cf4   0x00000018   Code   RO         3839    i.vPortExitCritical  port.o
    0x08007d0c   0x00000040   Code   RO         3795    i.vPortFree         heap_4.o
    0x08007d4c   0x00000014   Code   RO         3840    i.vPortSetupTimerInterrupt  port.o
    0x08007d60   0x00000018   Code   RO         3841    i.vPortYield        port.o
    0x08007d78   0x0000003a   Code   RO         3994    i.vQueueWaitForMessageRestricted  queue.o
    0x08007db2   0x00000002   PAD
    0x08007db4   0x00000038   Code   RO         4128    i.vTaskDelay        tasks.o
    0x08007dec   0x00000058   Code   RO         4129    i.vTaskDelayUntil   tasks.o
    0x08007e44   0x0000000c   Code   RO         4132    i.vTaskMissedYield  tasks.o
    0x08007e50   0x0000003c   Code   RO         4133    i.vTaskPlaceOnEventList  tasks.o
    0x08007e8c   0x00000028   Code   RO         4134    i.vTaskPlaceOnEventListRestricted  tasks.o
    0x08007eb4   0x0000004c   Code   RO         4135    i.vTaskPriorityDisinherit  tasks.o
    0x08007f00   0x00000068   Code   RO         4136    i.vTaskPriorityInherit  tasks.o
    0x08007f68   0x00000024   Code   RO         4139    i.vTaskSetApplicationTaskTag  tasks.o
    0x08007f8c   0x00000010   Code   RO         4140    i.vTaskSetTimeOutState  tasks.o
    0x08007f9c   0x0000004c   Code   RO         4141    i.vTaskStartScheduler  tasks.o
    0x08007fe8   0x00000010   Code   RO         4143    i.vTaskSuspendAll   tasks.o
    0x08007ff8   0x00000054   Code   RO         4144    i.vTaskSwitchContext  tasks.o
    0x0800804c   0x0000001c   Code   RO         1136    i.workerInit        worker.o
    0x08008068   0x00000030   Code   RO         1137    i.workerLoop        worker.o
    0x08008098   0x00000010   Code   RO         1139    i.workerTest        worker.o
    0x080080a8   0x00000030   Code   RO         3842    i.xPortStartScheduler  port.o
    0x080080d8   0x00000024   Code   RO         3843    i.xPortSysTickHandler  port.o
    0x080080fc   0x00000044   Code   RO         3995    i.xQueueCreateMutex  queue.o
    0x08008140   0x00000042   Code   RO         3996    i.xQueueGenericCreate  queue.o
    0x08008182   0x00000100   Code   RO         3997    i.xQueueGenericReceive  queue.o
    0x08008282   0x00000062   Code   RO         3998    i.xQueueGenericReset  queue.o
    0x080082e4   0x000000cc   Code   RO         3999    i.xQueueGenericSend  queue.o
    0x080083b0   0x00000062   Code   RO         4000    i.xQueueGenericSendFromISR  queue.o
    0x08008412   0x00000002   PAD
    0x08008414   0x00000050   Code   RO         4146    i.xTaskCheckForTimeOut  tasks.o
    0x08008464   0x000000d0   Code   RO         4147    i.xTaskGenericCreate  tasks.o
    0x08008534   0x0000000c   Code   RO         4149    i.xTaskGetCurrentTaskHandle  tasks.o
    0x08008540   0x0000001c   Code   RO         4150    i.xTaskGetSchedulerState  tasks.o
    0x0800855c   0x00000018   Code   RO         4151    i.xTaskGetTickCount  tasks.o
    0x08008574   0x000000c4   Code   RO         4153    i.xTaskIncrementTick  tasks.o
    0x08008638   0x0000005c   Code   RO         4155    i.xTaskRemoveFromEventList  tasks.o
    0x08008694   0x000000ac   Code   RO         4156    i.xTaskResumeAll    tasks.o
    0x08008740   0x00000040   Code   RO         4378    i.xTimerCreate      timers.o
    0x08008780   0x00000040   Code   RO         4379    i.xTimerCreateTimerTask  timers.o
    0x080087c0   0x00000054   Code   RO         4380    i.xTimerGenericCommand  timers.o
    0x08008814   0x00000010   Data   RO         1189    .constdata          eprintf.o
    0x08008824   0x00000004   PAD
    0x08008828   0x00000050   Data   RO         7505    .constdata          m_ws.l(asin.o)
    0x08008878   0x00000088   Data   RO         7531    .constdata          m_ws.l(pow.o)
    0x08008900   0x00000081   Data   RO         7553    .constdata          mc_w.l(ctype_o.o)
    0x08008981   0x00000003   PAD
    0x08008984   0x00000004   Data   RO         7554    .constdata          mc_w.l(ctype_o.o)
    0x08008988   0x00000098   Data   RO         7889    .constdata          m_ws.l(atan.o)
    0x08008a20   0x00000030   Data   RO         7898    .constdata          m_ws.l(cos_i.o)
    0x08008a50   0x00000008   Data   RO         7918    .constdata          m_ws.l(qnan.o)
    0x08008a58   0x000000c8   Data   RO         7921    .constdata          m_ws.l(rred.o)
    0x08008b20   0x00000028   Data   RO         7925    .constdata          m_ws.l(sin_i.o)
    0x08008b48   0x00000048   Data   RO         1775    .conststring        mpu6050.o
    0x08008b90   0x00000020   Data   RO         7987    Region$$Table       anon$$obj.o


    Execution Region RW_IRAM1 (Base: 0x20000000, Size: 0x00004f10, Max: 0x00005000, ABSOLUTE, COMPRESSED[0x000000e8])

    Base Addr    Size         Type   Attr      Idx    E Section Name        Object

    0x20000000   0x00000024   Data   RW          278    .data               radiolink.o
    0x20000024   0x00000024   Data   RW          370    .data               crtp.o
    0x20000048   0x0000003c   Data   RW          465    .data               ledseq.o
    0x20000084   0x00000010   Data   RW          466    .data               ledseq.o
    0x20000094   0x00000018   Data   RW          467    .data               ledseq.o
    0x200000ac   0x00000018   Data   RW          468    .data               ledseq.o
    0x200000c4   0x00000018   Data   RW          469    .data               ledseq.o
    0x200000dc   0x00000018   Data   RW          471    .data               ledseq.o
    0x200000f4   0x00000010   Data   RW          472    .data               ledseq.o
    0x20000104   0x00000018   Data   RW          473    .data               ledseq.o
    0x2000011c   0x00000018   Data   RW          474    .data               ledseq.o
    0x20000134   0x00000078   Data   RW          475    .data               ledseq.o
    0x200001ac   0x00000001   Data   RW          528    .data               comm.o
    0x200001ad   0x00000003   PAD
    0x200001b0   0x00000008   Data   RW          551    .data               console.o
    0x200001b8   0x00000008   Data   RW          604    .data               system.o
    0x200001c0   0x0000003a   Data   RW          705    .data               imu.o
    0x200001fa   0x00000002   PAD
    0x200001fc   0x00000018   Data   RW          791    .data               pm.o
    0x20000214   0x00000008   Data   RW          964    .data               controller.o
    0x2000021c   0x0000000c   Data   RW         1020    .data               commander.o
    0x20000228   0x00000028   Data   RW         1095    .data               sensfusion6.o
    0x20000250   0x00000004   Data   RW         1140    .data               worker.o
    0x20000254   0x000000cc   Data   RW         1257    .data               stabilizer.o
    0x20000320   0x00000001   Data   RW         1479    .data               motors.o
    0x20000321   0x00000003   PAD
    0x20000324   0x00000008   Data   RW         1776    .data               mpu6050.o
    0x2000032c   0x0000001c   Data   RW         3286    .data               ms5611.o
    0x20000348   0x0000002c   Data   RW         3435    .data               stm32_qdcpt_usart.o
    0x20000374   0x00000004   Data   RW         3554    .data               stm32_qdcpt_exti.o
    0x20000378   0x00000004   Data   RW         3594    .data               stm32_qdcpt_i2c.o
    0x2000037c   0x00000004   Data   RW         3595    .data               stm32_qdcpt_i2c.o
    0x20000380   0x00000004   Data   RW         3596    .data               stm32_qdcpt_i2c.o
    0x20000384   0x00000014   Data   RW         3669    .data               stm32_qdcpt_i2c_routines.o
    0x20000398   0x00000004   Data   RW         3734    .data               stm32_qdcpt_adc.o
    0x2000039c   0x00000014   Data   RW         3799    .data               heap_4.o
    0x200003b0   0x00000004   Data   RW         3844    .data               port.o
    0x200003b4   0x00000038   Data   RW         4159    .data               tasks.o
    0x200003ec   0x00000010   Data   RW         4383    .data               timers.o
    0x200003fc   0x00000014   Data   RW         6079    .data               stm32f10x_rcc.o
    0x20000410   0x00000004   Data   RW         7952    .data               mc_w.l(stdout.o)
    0x20000414   0x00000004   Data   RW         7966    .data               mc_w.l(errno.o)
    0x20000418   0x00000021   Zero   RW          277    .bss                radiolink.o
    0x20000439   0x00000003   PAD
    0x2000043c   0x00000080   Zero   RW          369    .bss                crtp.o
    0x200004bc   0x00000048   Zero   RW          464    .bss                ledseq.o
    0x20000504   0x00000021   Zero   RW          550    .bss                console.o
    0x20000525   0x00000003   PAD
    0x20000528   0x00000624   Zero   RW          704    .bss                imu.o
    0x20000b4c   0x00000150   Zero   RW          963    .bss                controller.o
    0x20000c9c   0x00000018   Zero   RW         1019    .bss                commander.o
    0x20000cb4   0x00000074   Zero   RW         1255    .bss                stabilizer.o
    0x20000d28   0x0000001e   Zero   RW         1774    .bss                mpu6050.o
    0x20000d46   0x0000000c   Zero   RW         3285    .bss                ms5611.o
    0x20000d52   0x00000002   PAD
    0x20000d54   0x0000008d   Zero   RW         3434    .bss                stm32_qdcpt_usart.o
    0x20000de1   0x00000011   Zero   RW         3593    .bss                stm32_qdcpt_i2c.o
    0x20000df2   0x00000002   PAD
    0x20000df4   0x0000002c   Zero   RW         3668    .bss                stm32_qdcpt_i2c_routines.o
    0x20000e20   0x00003c00   Zero   RW         3798    .bss                heap_4.o
    0x20004a20   0x000000c8   Zero   RW         4158    .bss                tasks.o
    0x20004ae8   0x00000028   Zero   RW         4382    .bss                timers.o
    0x20004b10   0x00000400   Zero   RW         7496    STACK               startup_stm32f10x_md.o


==============================================================================

Image component sizes


      Code (inc. data)   RO Data    RW Data    ZI Data      Debug   Object Name

        80         44          0          0          0        581   cfassert.o
        36          4          0          1          0        647   comm.o
       510         78          0         12         24       6884   commander.o
        96         12          0          8         33       1292   console.o
       728         86          0          8        336       5261   controller.o
       576        196          0         36        128       5677   crtp.o
       502          6         16          0          0       4991   eprintf.o
        46          0          0          0          0        968   filter.o
        22          0          0          0          0        574   fp16.o
       352         24          0         20      15360       3975   heap_4.o
      1288         76          0         58       1572       8354   imu.o
       576         64          0        356         72       7432   ledseq.o
       136          0          0          0          0       3086   list.o
        10          0          0          0          0     306887   main.o
       100          4          0          0          0       1112   misc.o
       388         14          0          1          0       1959   motors.o
      1474        216         72          8         30      17550   mpu6050.o
       940        136          0         28         12       8627   ms5611.o
       858         70          0          0          0       9674   nrf24l01.o
       218          8          0          0          0       6342   pid.o
       336         44          0          0          0       2013   pidctrl.o
       644         88          0         24          0       5351   pm.o
       338         50          0          4          0       4697   port.o
      1168          0          0          0          0      11303   queue.o
       756         78          0         36         33       6732   radiolink.o
      1600         64          0         40          0       4799   sensfusion6.o
      1610        102          0        204        116       9399   stabilizer.o
        36          8        236          0       1024        848   startup_stm32f10x_md.o
       320         52          0          4          0       3456   stm32_qdcpt_adc.o
        44          4          0          4          0       1688   stm32_qdcpt_exti.o
       936         22          0         12         17       8634   stm32_qdcpt_i2c.o
      1680        118          0         20         44       6834   stm32_qdcpt_i2c_routines.o
       152         14          0          0          0       2101   stm32_qdcpt_led.o
       372         42          0         44        141       5104   stm32_qdcpt_usart.o
       336         22          0          0          0       5650   stm32f10x_adc.o
       400         26          0          0          0       5449   stm32f10x_dma.o
        44         10          0          0          0       1196   stm32f10x_exti.o
       188          0          0          0          0       3816   stm32f10x_gpio.o
       272         14          0          0          0       3823   stm32f10x_i2c.o
        44          0          0          0          0      10263   stm32f10x_it.o
       312         48          0         20          0       6492   stm32f10x_rcc.o
       102          0          0          0          0       3974   stm32f10x_spi.o
       822         90          0          0          0      11153   stm32f10x_tim.o
       184          0          0          0          0       6237   stm32f10x_usart.o
        36          6          0          0          0        552   stm32print.o
       336         54          0          8          0       8874   system.o
       260         26          0          0          0       2009   system_stm32f10x.o
      1874        182          0         56        200      20823   tasks.o
       832         68          0         16         40       9842   timers.o
        92         12          0          4          0       2107   worker.o

    ----------------------------------------------------------------------
     25106       2282        360       1040      19192     577092   Object Totals
         0          0         32          0          0          0   (incl. Generated)
        44          0          4          8         10          0   (incl. Padding)

    ----------------------------------------------------------------------

      Code (inc. data)   RO Data    RW Data    ZI Data      Debug   Library Member Name

       624         52         80          0          0        168   asin.o
       544         70        152          0          0        124   atan.o
       384         38          0          0          0        144   atan2.o
       156          8          0          0          0        104   cos.o
       252         22         48          0          0        124   cos_i.o
        68         10          0          0          0        408   dunder.o
        40          0          0          0          0         68   fpclassify.o
       170          0          0          0          0         96   poly.o
      2520        190        136          0          0        324   pow.o
         0          0          8          0          0          0   qnan.o
       904         76        200          0          0        140   rred.o
       160         10          0          0          0        108   sin.o
       236         12         40          0          0        128   sin_i.o
        76          0          0          0          0         84   sqrt.o
        86          0          0          0          0          0   __dczerorl2.o
         8          4        133          0          0         68   ctype_o.o
         0          0          0          0          0          0   entry.o
         0          0          0          0          0          0   entry10a.o
         0          0          0          0          0          0   entry11a.o
         8          4          0          0          0          0   entry2.o
         4          0          0          0          0          0   entry5.o
         0          0          0          0          0          0   entry7b.o
         0          0          0          0          0          0   entry8b.o
         8          4          0          0          0          0   entry9a.o
        12          6          0          4          0         68   errno.o
        30          0          0          0          0          0   handlers.o
        36          8          0          0          0         68   init.o
         0          0          0          0          0          0   iusefp.o
        98          0          0          0          0         84   ldiv.o
        30          0          0          0          0         68   llshl.o
        36          0          0          0          0         68   llsshr.o
        32          0          0          0          0         68   llushr.o
        36          0          0          0          0         68   memcpya.o
        36          0          0          0          0        108   memseta.o
       472         14          0          0          0        184   printf3.o
         0          0          0          4          0          0   stdout.o
        44          0          0          0          0         80   uidiv.o
        98          0          0          0          0         92   uldiv.o
        48          0          0          0          0         68   cdcmple.o
        48          0          0          0          0         68   cdrcmple.o
        20          0          0          0          0         68   cfcmple.o
        20          0          0          0          0         68   cfrcmple.o
        56          0          0          0          0         88   d2f.o
       334          0          0          0          0        148   dadd.o
       222          0          0          0          0        100   ddiv.o
       186          0          0          0          0        176   depilogue.o
        62          0          0          0          0         80   dfixi.o
        50          0          0          0          0         76   dfixui.o
        34          0          0          0          0         76   dflti.o
        40          0          0          0          0         80   dfltl.o
        26          0          0          0          0         76   dfltui.o
       228          0          0          0          0         96   dmul.o
        46          0          0          0          0         80   dscalb.o
       162          0          0          0          0        100   dsqrt.o
        38          0          0          0          0         68   f2d.o
       176          0          0          0          0        140   fadd.o
       124          0          0          0          0         88   fdiv.o
       110          0          0          0          0        168   fepilogue.o
        50          0          0          0          0         68   ffixi.o
        18          0          0          0          0         68   fflti.o
        44          0          0          0          0         92   ffltl.o
        10          0          0          0          0         68   ffltui.o
       100          0          0          0          0         76   fmul.o
        24          0          0          0          0         68   fscalb.o

    ----------------------------------------------------------------------
      9494        528        800          8          0       5396   Library Totals
        10          0          3          0          0          0   (incl. Padding)

    ----------------------------------------------------------------------

      Code (inc. data)   RO Data    RW Data    ZI Data      Debug   Library Name

      6134        488        664          0          0       2020   m_ws.l
      1074         40        133          8          0       1024   mc_w.l
      2276          0          0          0          0       2352   mf_w.l

    ----------------------------------------------------------------------
      9494        528        800          8          0       5396   Library Totals

    ----------------------------------------------------------------------

==============================================================================


      Code (inc. data)   RO Data    RW Data    ZI Data      Debug   

     34600       2810       1160       1048      19192     562128   Grand Totals
     34600       2810       1160        232      19192     562128   ELF Image Totals (compressed)
     34600       2810       1160        232          0          0   ROM Totals

==============================================================================

    Total RO  Size (Code + RO Data)                35760 (  34.92kB)
    Total RW  Size (RW Data + ZI Data)             20240 (  19.77kB)
    Total ROM Size (Code + RO Data + RW Data)      35992 (  35.15kB)

==============================================================================

